Archive member included to satisfy reference by file (symbol)

/home/rob/Projects/ChibiStudio/ChibiStudio_20/tools/GNU Tools ARM Embedded/9.2.1 2019q4/bin/../lib/gcc/arm-none-eabi/9.2.1/../../../../arm-none-eabi/lib/thumb/v7e-m/nofp/libg.a(lib_a-ctype_.o)
                              ./build/obj/chscanf.o (symbol from plugin) (_ctype_)
/home/rob/Projects/ChibiStudio/ChibiStudio_20/tools/GNU Tools ARM Embedded/9.2.1 2019q4/bin/../lib/gcc/arm-none-eabi/9.2.1/../../../../arm-none-eabi/lib/thumb/v7e-m/nofp/libg.a(lib_a-strtol.o)
                              ./build/obj/comm.o (symbol from plugin) (strtol)
/home/rob/Projects/ChibiStudio/ChibiStudio_20/tools/GNU Tools ARM Embedded/9.2.1 2019q4/bin/../lib/gcc/arm-none-eabi/9.2.1/../../../../arm-none-eabi/lib/thumb/v7e-m/nofp/libg.a(lib_a-impure.o)
                              /home/rob/Projects/ChibiStudio/ChibiStudio_20/tools/GNU Tools ARM Embedded/9.2.1 2019q4/bin/../lib/gcc/arm-none-eabi/9.2.1/../../../../arm-none-eabi/lib/thumb/v7e-m/nofp/libg.a(lib_a-strtol.o) (_impure_ptr)
/home/rob/Projects/ChibiStudio/ChibiStudio_20/tools/GNU Tools ARM Embedded/9.2.1 2019q4/bin/../lib/gcc/arm-none-eabi/9.2.1/thumb/v7e-m/nofp/libgcc.a(_arm_muldf3.o)
                              /tmp/ch.elf.yBtE06.ltrans0.ltrans.o (__aeabi_dmul)
/home/rob/Projects/ChibiStudio/ChibiStudio_20/tools/GNU Tools ARM Embedded/9.2.1 2019q4/bin/../lib/gcc/arm-none-eabi/9.2.1/thumb/v7e-m/nofp/libgcc.a(_arm_addsubdf3.o)
                              /tmp/ch.elf.yBtE06.ltrans0.ltrans.o (__aeabi_ui2d)
/home/rob/Projects/ChibiStudio/ChibiStudio_20/tools/GNU Tools ARM Embedded/9.2.1 2019q4/bin/../lib/gcc/arm-none-eabi/9.2.1/thumb/v7e-m/nofp/libgcc.a(_arm_muldivdf3.o)
                              /tmp/ch.elf.yBtE06.ltrans0.ltrans.o (__aeabi_ddiv)
/home/rob/Projects/ChibiStudio/ChibiStudio_20/tools/GNU Tools ARM Embedded/9.2.1 2019q4/bin/../lib/gcc/arm-none-eabi/9.2.1/thumb/v7e-m/nofp/libgcc.a(_arm_fixunsdfsi.o)
                              /tmp/ch.elf.yBtE06.ltrans0.ltrans.o (__aeabi_d2uiz)
/home/rob/Projects/ChibiStudio/ChibiStudio_20/tools/GNU Tools ARM Embedded/9.2.1 2019q4/bin/../lib/gcc/arm-none-eabi/9.2.1/thumb/v7e-m/nofp/libgcc.a(_aeabi_ldivmod.o)
                              /tmp/ch.elf.yBtE06.ltrans0.ltrans.o (__aeabi_ldivmod)
/home/rob/Projects/ChibiStudio/ChibiStudio_20/tools/GNU Tools ARM Embedded/9.2.1 2019q4/bin/../lib/gcc/arm-none-eabi/9.2.1/thumb/v7e-m/nofp/libgcc.a(_aeabi_uldivmod.o)
                              /tmp/ch.elf.yBtE06.ltrans0.ltrans.o (__aeabi_uldivmod)
/home/rob/Projects/ChibiStudio/ChibiStudio_20/tools/GNU Tools ARM Embedded/9.2.1 2019q4/bin/../lib/gcc/arm-none-eabi/9.2.1/thumb/v7e-m/nofp/libgcc.a(_udivmoddi4.o)
                              /home/rob/Projects/ChibiStudio/ChibiStudio_20/tools/GNU Tools ARM Embedded/9.2.1 2019q4/bin/../lib/gcc/arm-none-eabi/9.2.1/thumb/v7e-m/nofp/libgcc.a(_aeabi_ldivmod.o) (__udivmoddi4)
/home/rob/Projects/ChibiStudio/ChibiStudio_20/tools/GNU Tools ARM Embedded/9.2.1 2019q4/bin/../lib/gcc/arm-none-eabi/9.2.1/thumb/v7e-m/nofp/libgcc.a(_dvmd_tls.o)
                              /home/rob/Projects/ChibiStudio/ChibiStudio_20/tools/GNU Tools ARM Embedded/9.2.1 2019q4/bin/../lib/gcc/arm-none-eabi/9.2.1/thumb/v7e-m/nofp/libgcc.a(_aeabi_ldivmod.o) (__aeabi_ldiv0)
/home/rob/Projects/ChibiStudio/ChibiStudio_20/tools/GNU Tools ARM Embedded/9.2.1 2019q4/bin/../lib/gcc/arm-none-eabi/9.2.1/../../../../arm-none-eabi/lib/thumb/v7e-m/nofp/libg.a(lib_a-memcpy.o)
                              /tmp/ch.elf.yBtE06.ltrans0.ltrans.o (memcpy)
/home/rob/Projects/ChibiStudio/ChibiStudio_20/tools/GNU Tools ARM Embedded/9.2.1 2019q4/bin/../lib/gcc/arm-none-eabi/9.2.1/../../../../arm-none-eabi/lib/thumb/v7e-m/nofp/libg.a(lib_a-memset.o)
                              /tmp/ch.elf.yBtE06.ltrans0.ltrans.o (memset)
/home/rob/Projects/ChibiStudio/ChibiStudio_20/tools/GNU Tools ARM Embedded/9.2.1 2019q4/bin/../lib/gcc/arm-none-eabi/9.2.1/../../../../arm-none-eabi/lib/thumb/v7e-m/nofp/libg.a(lib_a-strchr.o)
                              /tmp/ch.elf.yBtE06.ltrans0.ltrans.o (strchr)
/home/rob/Projects/ChibiStudio/ChibiStudio_20/tools/GNU Tools ARM Embedded/9.2.1 2019q4/bin/../lib/gcc/arm-none-eabi/9.2.1/../../../../arm-none-eabi/lib/thumb/v7e-m/nofp/libg.a(lib_a-strcmp.o)
                              /tmp/ch.elf.yBtE06.ltrans0.ltrans.o (strcmp)
/home/rob/Projects/ChibiStudio/ChibiStudio_20/tools/GNU Tools ARM Embedded/9.2.1 2019q4/bin/../lib/gcc/arm-none-eabi/9.2.1/../../../../arm-none-eabi/lib/thumb/v7e-m/nofp/libg.a(lib_a-strlen.o)
                              /tmp/ch.elf.yBtE06.ltrans0.ltrans.o (strlen)
/home/rob/Projects/ChibiStudio/ChibiStudio_20/tools/GNU Tools ARM Embedded/9.2.1 2019q4/bin/../lib/gcc/arm-none-eabi/9.2.1/../../../../arm-none-eabi/lib/thumb/v7e-m/nofp/libg.a(lib_a-strpbrk.o)
                              /tmp/ch.elf.yBtE06.ltrans0.ltrans.o (strpbrk)
[...]
Memory Configuration

Name             Origin             Length             Attributes
flash0           0x0000000008000000 0x0000000000040000 xr
flash1           0x0000000000000000 0x0000000000000000 xr
flash2           0x0000000000000000 0x0000000000000000 xr
flash3           0x0000000000000000 0x0000000000000000 xr
flash4           0x0000000000000000 0x0000000000000000 xr
flash5           0x0000000000000000 0x0000000000000000 xr
flash6           0x0000000000000000 0x0000000000000000 xr
flash7           0x0000000000000000 0x0000000000000000 xr
ram0             0x0000000020000000 0x0000000000010000 xw
ram1             0x0000000000000000 0x0000000000000000 xw
ram2             0x0000000000000000 0x0000000000000000 xw
ram3             0x0000000000000000 0x0000000000000000 xw
ram4             0x0000000000000000 0x0000000000000000 xw
ram5             0x0000000000000000 0x0000000000000000 xw
ram6             0x0000000000000000 0x0000000000000000 xw
ram7             0x0000000000000000 0x0000000000000000 xw
*default*        0x0000000000000000 0xffffffffffffffff

Linker script and memory map

LOAD ./build/obj/crt0_v7m.o
LOAD ./build/obj/vectors.o
LOAD ./build/obj/chcoreasm_v7m.o
LOAD /tmp/ch.elf.yBtE06.ltrans0.ltrans.o
LOAD /tmp/ccbE9asO.debug.temp.o
LOAD /tmp/cc7qp85h.debug.temp.o
LOAD /tmp/ccL7TTA9.debug.temp.o
LOAD /tmp/ccd9AZCM.debug.temp.o
LOAD /tmp/ccwLI9C5.debug.temp.o
LOAD /tmp/cc1dirRe.debug.temp.o
LOAD /tmp/ccVmKOU2.debug.temp.o
LOAD /tmp/ccpusId1.debug.temp.o
LOAD /tmp/ccdRVo7A.debug.temp.o
LOAD /tmp/cclKGaJ2.debug.temp.o
LOAD /tmp/ccS2OWrP.debug.temp.o
LOAD /tmp/ccHdxoNL.debug.temp.o
LOAD /tmp/ccLAix0B.debug.temp.o
LOAD /tmp/ccEwj0Ig.debug.temp.o
LOAD /tmp/ccKNUmUX.debug.temp.o
LOAD /tmp/ccA6sCmp.debug.temp.o
LOAD /tmp/ccCJcNWs.debug.temp.o
LOAD /tmp/ccRyoZr3.debug.temp.o
LOAD /tmp/ccds3RHw.debug.temp.o
LOAD /tmp/ccp81swM.debug.temp.o
LOAD /tmp/ccjPVG34.debug.temp.o
LOAD /tmp/ccjefP23.debug.temp.o
LOAD /tmp/ccZ2Bjxg.debug.temp.o
LOAD /tmp/cc7EZ0E9.debug.temp.o
LOAD /tmp/ccu9tgfe.debug.temp.o
LOAD /tmp/cc4pwJiZ.debug.temp.o
LOAD /tmp/ccR2w0IX.debug.temp.o
LOAD /tmp/ccuUI3hg.debug.temp.o
LOAD /tmp/ccaTxdml.debug.temp.o
LOAD /tmp/ccJog290.debug.temp.o
LOAD /tmp/ccgDXCJX.debug.temp.o
LOAD /tmp/ccku4l7h.debug.temp.o
LOAD /tmp/ccU8n3iZ.debug.temp.o
LOAD /tmp/ccyxjoNC.debug.temp.o
LOAD /tmp/ccuxebPH.debug.temp.o
LOAD /tmp/cc0vQbD2.debug.temp.o
LOAD /tmp/cc1oeJHX.debug.temp.o
LOAD /tmp/cci3bS7r.debug.temp.o
LOAD /tmp/ccJeNvKq.debug.temp.o
LOAD /tmp/ccaJfWlg.debug.temp.o
LOAD /tmp/ccTgIUNq.debug.temp.o
LOAD /tmp/ccf2tbvV.debug.temp.o
LOAD /tmp/ccfonPMa.debug.temp.o
LOAD /tmp/ccqVlHp7.debug.temp.o
LOAD /tmp/ccgI6SJh.debug.temp.o
LOAD /tmp/ccww1PMd.debug.temp.o
LOAD /tmp/cc1xSbMK.debug.temp.o
LOAD /tmp/ccXuHpFI.debug.temp.o
LOAD /tmp/ccjW8Rka.debug.temp.o
LOAD /tmp/ccsVDw09.debug.temp.o
LOAD /tmp/cctnc86h.debug.temp.o
LOAD /tmp/cc46hvIe.debug.temp.o
LOAD /tmp/ccBNKZmL.debug.temp.o
LOAD /tmp/ccARkJNY.debug.temp.o
LOAD /tmp/ccYWCrLf.debug.temp.o
LOAD /tmp/cckTeGKv.debug.temp.o
LOAD /tmp/ccqQKr84.debug.temp.o
LOAD /tmp/ccbrx4Sp.debug.temp.o
LOAD /tmp/ccqPLxH4.debug.temp.o
LOAD /tmp/cchXaB92.debug.temp.o

.mstack         0x0000000020000000      0x400
                0x0000000020000000                . = ALIGN (0x8)
                0x0000000020000000                __main_stack_base__ = .
                0x0000000020000400                . = (. + __main_stack_size__)
 *fill*         0x0000000020000000      0x400 
                0x0000000020000400                . = ALIGN (0x8)
                0x0000000020000400                __main_stack_end__ = .

.pstack         0x0000000020000400      0x400
                0x0000000020000400                . = ALIGN (0x8)
                0x0000000020000400                __process_stack_base__ = .
                0x0000000020000400                __main_thread_stack_base__ = .
                0x0000000020000800                . = (. + __process_stack_size__)
 *fill*         0x0000000020000400      0x400 
                0x0000000020000800                . = ALIGN (0x8)
                0x0000000020000800                __process_stack_end__ = .
                0x0000000020000800                __main_thread_stack_end__ = .

.vectors        0x0000000008000000      0x1e0
 *(.vectors)
 .vectors       0x0000000008000000      0x1e0 ./build/obj/vectors.o
                0x0000000008000000                _vectors

.xtors          0x00000000080001e0        0x0
                0x00000000080001e0                __init_array_base__ = .
 *(SORT_BY_NAME(.init_array.*))
 *(.init_array)
                0x00000000080001e0                __init_array_end__ = .
                0x00000000080001e0                __fini_array_base__ = .
 *(.fini_array)
 *(SORT_BY_NAME(.fini_array.*))
                0x00000000080001e0                __fini_array_end__ = .

.text           0x0000000008000200     0x62e0
                0x0000000008000200                __text_base__ = .
 *(.text)
 .text          0x0000000008000200       0xd8 ./build/obj/crt0_v7m.o
                0x0000000008000200                _crt0_entry
 .text          0x00000000080002d8        0x8 ./build/obj/vectors.o
                0x00000000080002d8                Reset_Handler
                0x00000000080002da                Vector58
                0x00000000080002da                VectorE8
                0x00000000080002da                Vector9C
                0x00000000080002da                DebugMon_Handler
                0x00000000080002da                Vector1A0
                0x00000000080002da                Vector5C
                0x00000000080002da                Vector11C
                0x00000000080002da                HardFault_Handler
                0x00000000080002da                Vector1B8
                0x00000000080002da                Vector19C
                0x00000000080002da                Vector8C
                0x00000000080002da                SysTick_Handler
                0x00000000080002da                VectorDC
                0x00000000080002da                PendSV_Handler
                0x00000000080002da                Vector168
                0x00000000080002da                NMI_Handler
                0x00000000080002da                Vector110
                0x00000000080002da                Vector120
                0x00000000080002da                Vector1D8
                0x00000000080002da                VectorC8
                0x00000000080002da                Vector94
                0x00000000080002da                VectorA8
                0x00000000080002da                VectorB4
                0x00000000080002da                Vector74
                0x00000000080002da                Vector160
                0x00000000080002da                Vector1B0
                0x00000000080002da                UsageFault_Handler
                0x00000000080002da                VectorEC
                0x00000000080002da                Vector40
                0x00000000080002da                VectorF8
                0x00000000080002da                VectorBC
                0x00000000080002da                Vector190
                0x00000000080002da                Vector150
                0x00000000080002da                Vector124
                0x00000000080002da                Vector1C4
                0x00000000080002da                Vector1CC
                0x00000000080002da                Vector148
                0x00000000080002da                Vector188
                0x00000000080002da                Vector198
                0x00000000080002da                Vector118
                0x00000000080002da                Vector64
                0x00000000080002da                VectorCC
                0x00000000080002da                Vector54
                0x00000000080002da                Vector98
                0x00000000080002da                Vector138
                0x00000000080002da                Vector24
                0x00000000080002da                Vector1AC
                0x00000000080002da                Vector178
                0x00000000080002da                Vector84
                0x00000000080002da                SecureFault_Handler
                0x00000000080002da                Vector1A4
                0x00000000080002da                VectorD0
                0x00000000080002da                Vector1B4
                0x00000000080002da                Vector140
                0x00000000080002da                VectorE4
                0x00000000080002da                VectorC0
                0x00000000080002da                Vector158
                0x00000000080002da                Vector130
                0x00000000080002da                Vector1C0
                0x00000000080002da                Vector134
                0x00000000080002da                Vector1D0
                0x00000000080002da                VectorF0
                0x00000000080002da                Vector12C
                0x00000000080002da                Vector13C
                0x00000000080002da                Vector100
                0x00000000080002da                VectorE0
                0x00000000080002da                VectorF4
                0x00000000080002da                MemManage_Handler
                0x00000000080002da                Vector6C
                0x00000000080002da                VectorA0
                0x00000000080002da                VectorC4
                0x00000000080002da                Vector7C
                0x00000000080002da                Vector180
                0x00000000080002da                Vector90
                0x00000000080002da                Vector114
                0x00000000080002da                Vector164
                0x00000000080002da                Vector60
                0x00000000080002da                Vector1BC
                0x00000000080002da                Vector1D4
                0x00000000080002da                Vector17C
                0x00000000080002da                Vector48
                0x00000000080002da                Vector1A8
                0x00000000080002da                Vector16C
                0x00000000080002da                Vector70
                0x00000000080002da                Vector4C
                0x00000000080002da                Vector144
                0x00000000080002da                Vector80
                0x00000000080002da                Vector68
                0x00000000080002da                Vector78
                0x00000000080002da                Vector170
                0x00000000080002da                Vector88
                0x00000000080002da                Vector104
                0x00000000080002da                Vector184
                0x00000000080002da                Vector10C
                0x00000000080002da                BusFault_Handler
                0x00000000080002da                Vector50
                0x00000000080002da                Vector1C8
                0x00000000080002da                Vector194
                0x00000000080002da                Vector1DC
                0x00000000080002da                Vector154
                0x00000000080002da                Vector44
                0x00000000080002da                Vector28
                0x00000000080002da                VectorB8
                0x00000000080002da                VectorFC
                0x00000000080002da                Vector34
                0x00000000080002da                Vector128
                0x00000000080002da                Vector20
                0x00000000080002da                Vector18C
                0x00000000080002da                Vector174
                0x00000000080002de                _unhandled_exception
 .text          0x00000000080002e0       0x2a ./build/obj/chcoreasm_v7m.o
                0x00000000080002e0                _port_switch
                0x00000000080002f0                _port_thread_start
                0x0000000008000302                _port_switch_from_isr
                0x0000000008000306                _port_exit_from_isr
 *fill*         0x000000000800030a        0x2 
 .text          0x000000000800030c      0x134 /home/rob/Projects/ChibiStudio/ChibiStudio_20/tools/GNU Tools ARM Embedded/9.2.1 2019q4/bin/../lib/gcc/arm-none-eabi/9.2.1/../../../../arm-none-eabi/lib/thumb/v7e-m/nofp/libg.a(lib_a-memcpy.o)
                0x000000000800030c                memcpy
 .text          0x0000000008000440      0x2dc /home/rob/Projects/ChibiStudio/ChibiStudio_20/tools/GNU Tools ARM Embedded/9.2.1 2019q4/bin/../lib/gcc/arm-none-eabi/9.2.1/../../../../arm-none-eabi/lib/thumb/v7e-m/nofp/libg.a(lib_a-strcmp.o)
                0x0000000008000448                strcmp
 *fill*         0x000000000800071c       0x24 
 .text          0x0000000008000740       0xdc /home/rob/Projects/ChibiStudio/ChibiStudio_20/tools/GNU Tools ARM Embedded/9.2.1 2019q4/bin/../lib/gcc/arm-none-eabi/9.2.1/../../../../arm-none-eabi/lib/thumb/v7e-m/nofp/libg.a(lib_a-strlen.o)
                0x0000000008000740                strlen
 .text          0x000000000800081c      0x378 /home/rob/Projects/ChibiStudio/ChibiStudio_20/tools/GNU Tools ARM Embedded/9.2.1 2019q4/bin/../lib/gcc/arm-none-eabi/9.2.1/thumb/v7e-m/nofp/libgcc.a(_arm_addsubdf3.o)
                0x000000000800081c                __aeabi_drsub
                0x0000000008000824                __aeabi_dsub
                0x0000000008000824                __subdf3
                0x0000000008000828                __adddf3
                0x0000000008000828                __aeabi_dadd
                0x0000000008000aa0                __aeabi_ui2d
                0x0000000008000aa0                __floatunsidf
                0x0000000008000ac0                __floatsidf
                0x0000000008000ac0                __aeabi_i2d
                0x0000000008000ae4                __extendsfdf2
                0x0000000008000ae4                __aeabi_f2d
                0x0000000008000b28                __aeabi_ul2d
                0x0000000008000b28                __floatundidf
                0x0000000008000b38                __floatdidf
                0x0000000008000b38                __aeabi_l2d
 .text          0x0000000008000b94      0x424 /home/rob/Projects/ChibiStudio/ChibiStudio_20/tools/GNU Tools ARM Embedded/9.2.1 2019q4/bin/../lib/gcc/arm-none-eabi/9.2.1/thumb/v7e-m/nofp/libgcc.a(_arm_muldivdf3.o)
                0x0000000008000b94                __aeabi_dmul
                0x0000000008000b94                __muldf3
                0x0000000008000de8                __aeabi_ddiv
                0x0000000008000de8                __divdf3
 .text          0x0000000008000fb8       0x40 /home/rob/Projects/ChibiStudio/ChibiStudio_20/tools/GNU Tools ARM Embedded/9.2.1 2019q4/bin/../lib/gcc/arm-none-eabi/9.2.1/thumb/v7e-m/nofp/libgcc.a(_arm_fixunsdfsi.o)
                0x0000000008000fb8                __fixunsdfsi
                0x0000000008000fb8                __aeabi_d2uiz
 .text          0x0000000008000ff8       0x30 /home/rob/Projects/ChibiStudio/ChibiStudio_20/tools/GNU Tools ARM Embedded/9.2.1 2019q4/bin/../lib/gcc/arm-none-eabi/9.2.1/thumb/v7e-m/nofp/libgcc.a(_aeabi_uldivmod.o)
                0x0000000008000ff8                __aeabi_uldivmod
 .text          0x0000000008001028      0x2c0 /home/rob/Projects/ChibiStudio/ChibiStudio_20/tools/GNU Tools ARM Embedded/9.2.1 2019q4/bin/../lib/gcc/arm-none-eabi/9.2.1/thumb/v7e-m/nofp/libgcc.a(_udivmoddi4.o)
                0x0000000008001028                __udivmoddi4
 .text          0x00000000080012e8        0x4 /home/rob/Projects/ChibiStudio/ChibiStudio_20/tools/GNU Tools ARM Embedded/9.2.1 2019q4/bin/../lib/gcc/arm-none-eabi/9.2.1/thumb/v7e-m/nofp/libgcc.a(_dvmd_tls.o)
                0x00000000080012e8                __aeabi_ldiv0
                0x00000000080012e8                __aeabi_idiv0
 *(.text.*)
 *fill*         0x00000000080012ec        0x4 
 .text.sdObjectInit.constprop.0
                0x00000000080012f0       0x58 /tmp/ch.elf.yBtE06.ltrans0.ltrans.o
 *fill*         0x0000000008001348        0x8 
 .text.icu_lld_enable_notifications.constprop.0
                0x0000000008001350       0x40 /tmp/ch.elf.yBtE06.ltrans0.ltrans.o
 .text.sdStart.constprop.0
                0x0000000008001390      0x140 /tmp/ch.elf.yBtE06.ltrans0.ltrans.o
 .text.otg_txfifo_handler.constprop.0
                0x00000000080014d0       0x90 /tmp/ch.elf.yBtE06.ltrans0.ltrans.o
 .text.chCoreAllocFromTop
                0x0000000008001560       0x3c /tmp/ch.elf.yBtE06.ltrans0.ltrans.o
 *fill*         0x000000000800159c        0x4 
 .text.notify1  0x00000000080015a0       0x10 /tmp/ch.elf.yBtE06.ltrans0.ltrans.o
 .text.notify2  0x00000000080015b0       0x10 /tmp/ch.elf.yBtE06.ltrans0.ltrans.o
 .text.notify6  0x00000000080015c0       0x10 /tmp/ch.elf.yBtE06.ltrans0.ltrans.o
 .text.icuperiodcb1
                0x00000000080015d0       0x34 /tmp/ch.elf.yBtE06.ltrans0.ltrans.o
 *fill*         0x0000000008001604        0xc 
 .text.icuwidthcb1
                0x0000000008001610       0x20 /tmp/ch.elf.yBtE06.ltrans0.ltrans.o
 .text.requests_hook
                0x0000000008001630       0x5c /tmp/ch.elf.yBtE06.ltrans0.ltrans.o
 *fill*         0x000000000800168c        0x4 
 .text.get_descriptor
                0x0000000008001690       0x34 /tmp/ch.elf.yBtE06.ltrans0.ltrans.o
 *fill*         0x00000000080016c4        0xc 
 .text._port_irq_epilogue
                0x00000000080016d0       0x4c /tmp/ch.elf.yBtE06.ltrans0.ltrans.o
 *fill*         0x000000000800171c        0x4 
 .text.chCoreAllocAlignedI
                0x0000000008001720       0x28 /tmp/ch.elf.yBtE06.ltrans0.ltrans.o
 *fill*         0x0000000008001748        0x8 
 .text.chTMStopMeasurementX
                0x0000000008001750       0x44 /tmp/ch.elf.yBtE06.ltrans0.ltrans.o
 *fill*         0x0000000008001794        0xc 
 .text.chTMStartMeasurementX
                0x00000000080017a0        0xc /tmp/ch.elf.yBtE06.ltrans0.ltrans.o
 *fill*         0x00000000080017ac        0x4 
 .text.chThdCreateSuspendedI
                0x00000000080017b0       0x78 /tmp/ch.elf.yBtE06.ltrans0.ltrans.o
 *fill*         0x0000000008001828        0x8 
 .text.wakeup   0x0000000008001830       0x6c /tmp/ch.elf.yBtE06.ltrans0.ltrans.o
 *fill*         0x000000000800189c        0x4 
 .text.chSchReadyI
                0x00000000080018a0       0x24 /tmp/ch.elf.yBtE06.ltrans0.ltrans.o
 *fill*         0x00000000080018c4        0xc 
 .text.chThdDequeueAllI.constprop.0
                0x00000000080018d0       0x24 /tmp/ch.elf.yBtE06.ltrans0.ltrans.o
 *fill*         0x00000000080018f4        0xc 
 .text.chThdDequeueNextI.constprop.0
                0x0000000008001900       0x18 /tmp/ch.elf.yBtE06.ltrans0.ltrans.o
 *fill*         0x0000000008001918        0x8 
 .text.chEvtBroadcastFlagsI
                0x0000000008001920       0x58 /tmp/ch.elf.yBtE06.ltrans0.ltrans.o
 *fill*         0x0000000008001978        0x8 
 .text.chSysPolledDelayX
                0x0000000008001980       0x14 /tmp/ch.elf.yBtE06.ltrans0.ltrans.o
 *fill*         0x0000000008001994        0xc 
 .text._idle_thread
                0x00000000080019a0        0x4 /tmp/ch.elf.yBtE06.ltrans0.ltrans.o
 *fill*         0x00000000080019a4        0xc 
 .text.serve_interrupt
                0x00000000080019b0      0x18c /tmp/ch.elf.yBtE06.ltrans0.ltrans.o
 *fill*         0x0000000008001b3c        0x4 
 .text.icu_lld_serve_interrupt
                0x0000000008001b40       0x8c /tmp/ch.elf.yBtE06.ltrans0.ltrans.o
 *fill*         0x0000000008001bcc        0x4 
 .text.usb_lld_start_in
                0x0000000008001bd0       0xa0 /tmp/ch.elf.yBtE06.ltrans0.ltrans.o
 .text.otg_epin_handler.constprop.0
                0x0000000008001c70       0x88 /tmp/ch.elf.yBtE06.ltrans0.ltrans.o
 *fill*         0x0000000008001cf8        0x8 
 .text.usb_lld_start_out
                0x0000000008001d00       0x80 /tmp/ch.elf.yBtE06.ltrans0.ltrans.o
 .text.otg_epout_handler.constprop.0
                0x0000000008001d80       0x9c /tmp/ch.elf.yBtE06.ltrans0.ltrans.o
 *fill*         0x0000000008001e1c        0x4 
 .text._pal_lld_setgroupmode
                0x0000000008001e20       0xd0 /tmp/ch.elf.yBtE06.ltrans0.ltrans.o
 .text._usb_ep0out
                0x0000000008001ef0       0x94 /tmp/ch.elf.yBtE06.ltrans0.ltrans.o
 *fill*         0x0000000008001f84        0xc 
 .text._usb_ep0in
                0x0000000008001f90       0xd8 /tmp/ch.elf.yBtE06.ltrans0.ltrans.o
 *fill*         0x0000000008002068        0x8 
 .text.usbStartTransmitI
                0x0000000008002070       0x28 /tmp/ch.elf.yBtE06.ltrans0.ltrans.o
 *fill*         0x0000000008002098        0x8 
 .text.usbDisableEndpointsI
                0x00000000080020a0       0x70 /tmp/ch.elf.yBtE06.ltrans0.ltrans.o
 .text.sduInterruptTransmitted
                0x0000000008002110        0x4 /tmp/ch.elf.yBtE06.ltrans0.ltrans.o
 *fill*         0x0000000008002114        0xc 
 .text._ctl.lto_priv.0
                0x0000000008002120        0x4 /tmp/ch.elf.yBtE06.ltrans0.ltrans.o
 *fill*         0x0000000008002124        0xc 
 .text._ctl     0x0000000008002130        0x4 /tmp/ch.elf.yBtE06.ltrans0.ltrans.o
 *fill*         0x0000000008002134        0xc 
 .text.sdu_start_receive
                0x0000000008002140       0x60 /tmp/ch.elf.yBtE06.ltrans0.ltrans.o
 .text.ibnotify
                0x00000000080021a0        0x8 /tmp/ch.elf.yBtE06.ltrans0.ltrans.o
 *fill*         0x00000000080021a8        0x8 
 .text.sduDataReceived
                0x00000000080021b0       0x64 /tmp/ch.elf.yBtE06.ltrans0.ltrans.o
 *fill*         0x0000000008002214        0xc 
 .text.oqResetI
                0x0000000008002220       0x10 /tmp/ch.elf.yBtE06.ltrans0.ltrans.o
 .text.obqGetFullBufferI
                0x0000000008002230       0x1c /tmp/ch.elf.yBtE06.ltrans0.ltrans.o
 *fill*         0x000000000800224c        0x4 
 .text.obnotify
                0x0000000008002250       0x44 /tmp/ch.elf.yBtE06.ltrans0.ltrans.o
 *fill*         0x0000000008002294        0xc 
 .text.sof_handler
                0x00000000080022a0       0x8c /tmp/ch.elf.yBtE06.ltrans0.ltrans.o
 *fill*         0x000000000800232c        0x4 
 .text.sduDataTransmitted
                0x0000000008002330       0xa8 /tmp/ch.elf.yBtE06.ltrans0.ltrans.o
 *fill*         0x00000000080023d8        0x8 
 .text.icu_lld_start.constprop.0
                0x00000000080023e0       0xe4 /tmp/ch.elf.yBtE06.ltrans0.ltrans.o
 *fill*         0x00000000080024c4        0xc 
 .text.chSchWakeupS.constprop.0
                0x00000000080024d0       0x58 /tmp/ch.elf.yBtE06.ltrans0.ltrans.o
 *fill*         0x0000000008002528        0x8 
 .text.chThdCreateStatic.constprop.0
                0x0000000008002530       0x70 /tmp/ch.elf.yBtE06.ltrans0.ltrans.o
 .text.chSchGoSleepS
                0x00000000080025a0       0x28 /tmp/ch.elf.yBtE06.ltrans0.ltrans.o
 *fill*         0x00000000080025c8        0x8 
 .text.chMtxLockS
                0x00000000080025d0       0xc0 /tmp/ch.elf.yBtE06.ltrans0.ltrans.o
 .text.chThdExitS
                0x0000000008002690       0x48 /tmp/ch.elf.yBtE06.ltrans0.ltrans.o
 *fill*         0x00000000080026d8        0x8 
 .text.chSchGoSleepTimeoutS
                0x00000000080026e0      0x10c /tmp/ch.elf.yBtE06.ltrans0.ltrans.o
 *fill*         0x00000000080027ec        0x4 
 .text.chThdEnqueueTimeoutS
                0x00000000080027f0       0x28 /tmp/ch.elf.yBtE06.ltrans0.ltrans.o
 *fill*         0x0000000008002818        0x8 
 .text.oqPutTimeout
                0x0000000008002820       0x50 /tmp/ch.elf.yBtE06.ltrans0.ltrans.o
 .text._putt.lto_priv.0
                0x0000000008002870        0x8 /tmp/ch.elf.yBtE06.ltrans0.ltrans.o
 *fill*         0x0000000008002878        0x8 
 .text._put.lto_priv.0
                0x0000000008002880        0xc /tmp/ch.elf.yBtE06.ltrans0.ltrans.o
 *fill*         0x000000000800288c        0x4 
 .text.iqGetTimeout
                0x0000000008002890       0x54 /tmp/ch.elf.yBtE06.ltrans0.ltrans.o
 *fill*         0x00000000080028e4        0xc 
 .text._gett.lto_priv.0
                0x00000000080028f0        0x8 /tmp/ch.elf.yBtE06.ltrans0.ltrans.o
 *fill*         0x00000000080028f8        0x8 
 .text._get.lto_priv.0
                0x0000000008002900        0xc /tmp/ch.elf.yBtE06.ltrans0.ltrans.o
 *fill*         0x000000000800290c        0x4 
 .text.obqGetEmptyBufferTimeoutS
                0x0000000008002910       0x34 /tmp/ch.elf.yBtE06.ltrans0.ltrans.o
 *fill*         0x0000000008002944        0xc 
 .text.obqPutTimeout
                0x0000000008002950       0x64 /tmp/ch.elf.yBtE06.ltrans0.ltrans.o
 *fill*         0x00000000080029b4        0xc 
 .text._putt.lto_priv.1
                0x00000000080029c0        0x8 /tmp/ch.elf.yBtE06.ltrans0.ltrans.o
 *fill*         0x00000000080029c8        0x8 
 .text._put.lto_priv.1
                0x00000000080029d0        0xc /tmp/ch.elf.yBtE06.ltrans0.ltrans.o
 *fill*         0x00000000080029dc        0x4 
 .text.ibqGetFullBufferTimeoutS
                0x00000000080029e0       0x34 /tmp/ch.elf.yBtE06.ltrans0.ltrans.o
 *fill*         0x0000000008002a14        0xc 
 .text.ibqGetTimeout
                0x0000000008002a20       0x5c /tmp/ch.elf.yBtE06.ltrans0.ltrans.o
 *fill*         0x0000000008002a7c        0x4 
 .text._gett.lto_priv.1
                0x0000000008002a80        0x8 /tmp/ch.elf.yBtE06.ltrans0.ltrans.o
 *fill*         0x0000000008002a88        0x8 
 .text._get.lto_priv.1
                0x0000000008002a90        0xc /tmp/ch.elf.yBtE06.ltrans0.ltrans.o
 *fill*         0x0000000008002a9c        0x4 
 .text.chThdSleep
                0x0000000008002aa0       0x18 /tmp/ch.elf.yBtE06.ltrans0.ltrans.o
 *fill*         0x0000000008002ab8        0x8 
 .text.cmd_flush
                0x0000000008002ac0       0x24 /tmp/ch.elf.yBtE06.ltrans0.ltrans.o
 *fill*         0x0000000008002ae4        0xc 
 .text.usbInitEndpointI
                0x0000000008002af0      0x174 /tmp/ch.elf.yBtE06.ltrans0.ltrans.o
 *fill*         0x0000000008002c64        0xc 
 .text.usb_event
                0x0000000008002c70       0xf4 /tmp/ch.elf.yBtE06.ltrans0.ltrans.o
 *fill*         0x0000000008002d64        0xc 
 .text.get_history
                0x0000000008002d70       0xf4 /tmp/ch.elf.yBtE06.ltrans0.ltrans.o
 *fill*         0x0000000008002e64        0xc 
 .text._usb_ep0setup
                0x0000000008002e70      0x39c /tmp/ch.elf.yBtE06.ltrans0.ltrans.o
 *fill*         0x000000000800320c        0x4 
 .text.oqWriteTimeout
                0x0000000008003210       0xd4 /tmp/ch.elf.yBtE06.ltrans0.ltrans.o
 *fill*         0x00000000080032e4        0xc 
 .text._writet.lto_priv.0
                0x00000000080032f0        0x8 /tmp/ch.elf.yBtE06.ltrans0.ltrans.o
 *fill*         0x00000000080032f8        0x8 
 .text._write.lto_priv.0
                0x0000000008003300        0xc /tmp/ch.elf.yBtE06.ltrans0.ltrans.o
 *fill*         0x000000000800330c        0x4 
 .text.iqReadTimeout
                0x0000000008003310       0xd4 /tmp/ch.elf.yBtE06.ltrans0.ltrans.o
 *fill*         0x00000000080033e4        0xc 
 .text._readt.lto_priv.0
                0x00000000080033f0        0x8 /tmp/ch.elf.yBtE06.ltrans0.ltrans.o
 *fill*         0x00000000080033f8        0x8 
 .text._read.lto_priv.0
                0x0000000008003400        0xc /tmp/ch.elf.yBtE06.ltrans0.ltrans.o
 *fill*         0x000000000800340c        0x4 
 .text.obqWriteTimeout
                0x0000000008003410       0xd8 /tmp/ch.elf.yBtE06.ltrans0.ltrans.o
 *fill*         0x00000000080034e8        0x8 
 .text._writet.lto_priv.1
                0x00000000080034f0        0x8 /tmp/ch.elf.yBtE06.ltrans0.ltrans.o
 *fill*         0x00000000080034f8        0x8 
 .text._write.lto_priv.1
                0x0000000008003500        0xc /tmp/ch.elf.yBtE06.ltrans0.ltrans.o
 *fill*         0x000000000800350c        0x4 
 .text.ibqReadTimeout
                0x0000000008003510       0xcc /tmp/ch.elf.yBtE06.ltrans0.ltrans.o
 *fill*         0x00000000080035dc        0x4 
 .text._readt.lto_priv.1
                0x00000000080035e0        0x8 /tmp/ch.elf.yBtE06.ltrans0.ltrans.o
 *fill*         0x00000000080035e8        0x8 
 .text._read.lto_priv.1
                0x00000000080035f0        0xc /tmp/ch.elf.yBtE06.ltrans0.ltrans.o
 *fill*         0x00000000080035fc        0x4 
 .text.parse_arguments
                0x0000000008003600       0x58 /tmp/ch.elf.yBtE06.ltrans0.ltrans.o
 *fill*         0x0000000008003658        0x8 
 .text.chprintf
                0x0000000008003660      0x4ac /tmp/ch.elf.yBtE06.ltrans0.ltrans.o
 *fill*         0x0000000008003b0c        0x4 
 .text.Thread1  0x0000000008003b10      0x10c /tmp/ch.elf.yBtE06.ltrans0.ltrans.o
 *fill*         0x0000000008003c1c        0x4 
 .text.got_char
                0x0000000008003c20       0x8c /tmp/ch.elf.yBtE06.ltrans0.ltrans.o
 *fill*         0x0000000008003cac        0x4 
 .text.Listener1
                0x0000000008003cb0       0x38 /tmp/ch.elf.yBtE06.ltrans0.ltrans.o
 *fill*         0x0000000008003ce8        0x8 
 .text.Listener2
                0x0000000008003cf0       0x38 /tmp/ch.elf.yBtE06.ltrans0.ltrans.o
 *fill*         0x0000000008003d28        0x8 
 .text.Listener3
                0x0000000008003d30      0x358 /tmp/ch.elf.yBtE06.ltrans0.ltrans.o
 *fill*         0x0000000008004088        0x8 
 .text.cmd_format
                0x0000000008004090       0x60 /tmp/ch.elf.yBtE06.ltrans0.ltrans.o
 .text.cmd_stt  0x00000000080040f0       0x74 /tmp/ch.elf.yBtE06.ltrans0.ltrans.o
 *fill*         0x0000000008004164        0xc 
 .text.cmd_sbr  0x0000000008004170       0x8c /tmp/ch.elf.yBtE06.ltrans0.ltrans.o
 *fill*         0x00000000080041fc        0x4 
 .text.cmd_test
                0x0000000008004200       0x40 /tmp/ch.elf.yBtE06.ltrans0.ltrans.o
 .text.cmd_echo
                0x0000000008004240       0x20 /tmp/ch.elf.yBtE06.ltrans0.ltrans.o
 .text.shellThread
                0x0000000008004260      0x600 /tmp/ch.elf.yBtE06.ltrans0.ltrans.o
 .text.SVC_Handler
                0x0000000008004860       0x14 /tmp/ch.elf.yBtE06.ltrans0.ltrans.o
                0x0000000008004860                SVC_Handler
 *fill*         0x0000000008004874        0xc 
 .text.chThdExit
                0x0000000008004880        0xc /tmp/ch.elf.yBtE06.ltrans0.ltrans.o
                0x0000000008004880                chThdExit
 *fill*         0x000000000800488c        0x4 
 .text.chSchDoRescheduleAhead
                0x0000000008004890       0x3c /tmp/ch.elf.yBtE06.ltrans0.ltrans.o
                0x0000000008004890                chSchDoReschedule
 *fill*         0x00000000080048cc        0x4 
 .text.chSchRescheduleS
                0x00000000080048d0       0x18 /tmp/ch.elf.yBtE06.ltrans0.ltrans.o
 *fill*         0x00000000080048e8        0x8 
 .text.cmd_son  0x00000000080048f0      0x26c /tmp/ch.elf.yBtE06.ltrans0.ltrans.o
 *fill*         0x0000000008004b5c        0x4 
 .text.chMtxUnlock
                0x0000000008004b60       0x60 /tmp/ch.elf.yBtE06.ltrans0.ltrans.o
 .text.startup.main
                0x0000000008004bc0      0x96c /tmp/ch.elf.yBtE06.ltrans0.ltrans.o
                0x0000000008004bc0                main
 *fill*         0x000000000800552c        0x4 
 .text.__early_init
                0x0000000008005530      0x1f0 /tmp/ch.elf.yBtE06.ltrans0.ltrans.o
                0x0000000008005530                __early_init
 .text.Vector15C
                0x0000000008005720       0x14 /tmp/ch.elf.yBtE06.ltrans0.ltrans.o
                0x0000000008005720                Vector15C
 *fill*         0x0000000008005734        0xc 
 .text.VectorD8
                0x0000000008005740       0x14 /tmp/ch.elf.yBtE06.ltrans0.ltrans.o
                0x0000000008005740                VectorD8
 *fill*         0x0000000008005754        0xc 
 .text.VectorD4
                0x0000000008005760       0x14 /tmp/ch.elf.yBtE06.ltrans0.ltrans.o
                0x0000000008005760                VectorD4
 *fill*         0x0000000008005774        0xc 
 .text.VectorB0
                0x0000000008005780       0x14 /tmp/ch.elf.yBtE06.ltrans0.ltrans.o
                0x0000000008005780                VectorB0
 *fill*         0x0000000008005794        0xc 
 .text.VectorA4
                0x00000000080057a0       0x14 /tmp/ch.elf.yBtE06.ltrans0.ltrans.o
                0x00000000080057a0                VectorA4
 *fill*         0x00000000080057b4        0xc 
 .text.VectorAC
                0x00000000080057c0        0x4 /tmp/ch.elf.yBtE06.ltrans0.ltrans.o
                0x00000000080057c0                VectorAC
 *fill*         0x00000000080057c4        0xc 
 .text.Vector108
                0x00000000080057d0       0xb0 /tmp/ch.elf.yBtE06.ltrans0.ltrans.o
                0x00000000080057d0                Vector108
 .text.Vector14C
                0x0000000008005880      0x428 /tmp/ch.elf.yBtE06.ltrans0.ltrans.o
                0x0000000008005880                Vector14C
 *fill*         0x0000000008005ca8        0x8 
 .text.__init_ram_areas
                0x0000000008005cb0       0x68 /tmp/ch.elf.yBtE06.ltrans0.ltrans.o
                0x0000000008005cb0                __init_ram_areas
 *fill*         0x0000000008005d18        0x8 
 .text.__default_exit
                0x0000000008005d20        0x4 /tmp/ch.elf.yBtE06.ltrans0.ltrans.o
                0x0000000008005d20                __default_exit
 *fill*         0x0000000008005d24        0xc 
 .text.__late_init
                0x0000000008005d30        0x4 /tmp/ch.elf.yBtE06.ltrans0.ltrans.o
                0x0000000008005d30                __late_init
 *fill*         0x0000000008005d34        0xc 
 .text.__core_init
                0x0000000008005d40        0x4 /tmp/ch.elf.yBtE06.ltrans0.ltrans.o
                0x0000000008005d40                __core_init
 .text._strtol_l.isra.0
                0x0000000008005d44      0x10c /home/rob/Projects/ChibiStudio/ChibiStudio_20/tools/GNU Tools ARM Embedded/9.2.1 2019q4/bin/../lib/gcc/arm-none-eabi/9.2.1/../../../../arm-none-eabi/lib/thumb/v7e-m/nofp/libg.a(lib_a-strtol.o)
 .text.strtol   0x0000000008005e50       0x18 /home/rob/Projects/ChibiStudio/ChibiStudio_20/tools/GNU Tools ARM Embedded/9.2.1 2019q4/bin/../lib/gcc/arm-none-eabi/9.2.1/../../../../arm-none-eabi/lib/thumb/v7e-m/nofp/libg.a(lib_a-strtol.o)
                0x0000000008005e50                strtol
 .text.memset   0x0000000008005e68       0xa0 /home/rob/Projects/ChibiStudio/ChibiStudio_20/tools/GNU Tools ARM Embedded/9.2.1 2019q4/bin/../lib/gcc/arm-none-eabi/9.2.1/../../../../arm-none-eabi/lib/thumb/v7e-m/nofp/libg.a(lib_a-memset.o)
                0x0000000008005e68                memset
 .text.strchr   0x0000000008005f08       0xd0 /home/rob/Projects/ChibiStudio/ChibiStudio_20/tools/GNU Tools ARM Embedded/9.2.1 2019q4/bin/../lib/gcc/arm-none-eabi/9.2.1/../../../../arm-none-eabi/lib/thumb/v7e-m/nofp/libg.a(lib_a-strchr.o)
                0x0000000008005f08                strchr
 .text.strpbrk  0x0000000008005fd8       0x38 /home/rob/Projects/ChibiStudio/ChibiStudio_20/tools/GNU Tools ARM Embedded/9.2.1 2019q4/bin/../lib/gcc/arm-none-eabi/9.2.1/../../../../arm-none-eabi/lib/thumb/v7e-m/nofp/libg.a(lib_a-strpbrk.o)
                0x0000000008005fd8                strpbrk
 .text.strspn   0x0000000008006010       0x30 /home/rob/Projects/ChibiStudio/ChibiStudio_20/tools/GNU Tools ARM Embedded/9.2.1 2019q4/bin/../lib/gcc/arm-none-eabi/9.2.1/../../../../arm-none-eabi/lib/thumb/v7e-m/nofp/libg.a(lib_a-strspn.o)
                0x0000000008006010                strspn
 .text.two_way_long_needle
                0x0000000008006040      0x2b4 /home/rob/Projects/ChibiStudio/ChibiStudio_20/tools/GNU Tools ARM Embedded/9.2.1 2019q4/bin/../lib/gcc/arm-none-eabi/9.2.1/../../../../arm-none-eabi/lib/thumb/v7e-m/nofp/libg.a(lib_a-strstr.o)
 .text.strstr   0x00000000080062f4      0x164 /home/rob/Projects/ChibiStudio/ChibiStudio_20/tools/GNU Tools ARM Embedded/9.2.1 2019q4/bin/../lib/gcc/arm-none-eabi/9.2.1/../../../../arm-none-eabi/lib/thumb/v7e-m/nofp/libg.a(lib_a-strstr.o)
                0x00000000080062f4                strstr
 .text.memcmp   0x0000000008006458       0x60 /home/rob/Projects/ChibiStudio/ChibiStudio_20/tools/GNU Tools ARM Embedded/9.2.1 2019q4/bin/../lib/gcc/arm-none-eabi/9.2.1/../../../../arm-none-eabi/lib/thumb/v7e-m/nofp/libg.a(lib_a-memcmp.o)
                0x0000000008006458                memcmp
 .text.strnlen  0x00000000080064b8       0x28 /home/rob/Projects/ChibiStudio/ChibiStudio_20/tools/GNU Tools ARM Embedded/9.2.1 2019q4/bin/../lib/gcc/arm-none-eabi/9.2.1/../../../../arm-none-eabi/lib/thumb/v7e-m/nofp/libg.a(lib_a-strnlen.o)
                0x00000000080064b8                strnlen
 *(.glue_7t)
 .glue_7t       0x00000000080064e0        0x0 linker stubs
 *(.glue_7)
 .glue_7        0x00000000080064e0        0x0 linker stubs
 *(.gcc*)
                0x00000000080064e0                __text_end__ = .

.vfp11_veneer   0x00000000080064e0        0x0
 .vfp11_veneer  0x00000000080064e0        0x0 linker stubs

.v4_bx          0x00000000080064e0        0x0
 .v4_bx         0x00000000080064e0        0x0 linker stubs

.iplt           0x00000000080064e0        0x0
 .iplt          0x00000000080064e0        0x0 ./build/obj/crt0_v7m.o

.rodata         0x00000000080064e0      0x8d4
                0x00000000080064e0                __rodata_base__ = .
 *(.rodata)
 .rodata        0x00000000080064e0       0x30 /tmp/ch.elf.yBtE06.ltrans0.ltrans.o
 *(.rodata.*)
 .rodata.chThdCreateStatic.constprop.0.str1.4
                0x0000000008006510        0x7 /tmp/ch.elf.yBtE06.ltrans0.ltrans.o
 *fill*         0x0000000008006517        0x1 
 .rodata.parse_arguments.str1.4
                0x0000000008006518        0x3 /tmp/ch.elf.yBtE06.ltrans0.ltrans.o
 *fill*         0x000000000800651b        0x1 
 .rodata.chprintf.str1.4
                0x000000000800651c        0x7 /tmp/ch.elf.yBtE06.ltrans0.ltrans.o
 *fill*         0x0000000008006523        0x1 
 .rodata.Thread1.str1.4
                0x0000000008006524       0x14 /tmp/ch.elf.yBtE06.ltrans0.ltrans.o
 .rodata.got_char.str1.4
                0x0000000008006538       0x48 /tmp/ch.elf.yBtE06.ltrans0.ltrans.o
 .rodata.Listener1.str1.4
                0x0000000008006580        0xa /tmp/ch.elf.yBtE06.ltrans0.ltrans.o
 *fill*         0x000000000800658a        0x2 
 .rodata.Listener2.str1.4
                0x000000000800658c        0xa /tmp/ch.elf.yBtE06.ltrans0.ltrans.o
 *fill*         0x0000000008006596        0x2 
 .rodata.Listener3.str1.4
                0x0000000008006598       0xa7 /tmp/ch.elf.yBtE06.ltrans0.ltrans.o
                                         0xab (size before relaxing)
 *fill*         0x000000000800663f        0x1 
 .rodata.cmd_format.str1.4
                0x0000000008006640       0x63 /tmp/ch.elf.yBtE06.ltrans0.ltrans.o
 *fill*         0x00000000080066a3        0x1 
 .rodata.cmd_stt.str1.4
                0x00000000080066a4       0x93 /tmp/ch.elf.yBtE06.ltrans0.ltrans.o
 *fill*         0x0000000008006737        0x1 
 .rodata.cmd_sbr.str1.4
                0x0000000008006738       0x7d /tmp/ch.elf.yBtE06.ltrans0.ltrans.o
 *fill*         0x00000000080067b5        0x3 
 .rodata.cmd_test.str1.4
                0x00000000080067b8       0x49 /tmp/ch.elf.yBtE06.ltrans0.ltrans.o
 *fill*         0x0000000008006801        0x3 
 .rodata.cmd_echo.str1.4
                0x0000000008006804       0x21 /tmp/ch.elf.yBtE06.ltrans0.ltrans.o
 *fill*         0x0000000008006825        0x3 
 .rodata.shellThread.str1.4
                0x0000000008006828       0x89 /tmp/ch.elf.yBtE06.ltrans0.ltrans.o
 *fill*         0x00000000080068b1        0x3 
 .rodata.cmd_son.str1.4
                0x00000000080068b4       0xe4 /tmp/ch.elf.yBtE06.ltrans0.ltrans.o
 .rodata.main.str1.4
                0x0000000008006998        0x7 /tmp/ch.elf.yBtE06.ltrans0.ltrans.o
 *fill*         0x000000000800699f        0x1 
 .rodata.str1.4
                0x00000000080069a0       0x29 /tmp/ch.elf.yBtE06.ltrans0.ltrans.o
 *fill*         0x00000000080069c9        0x3 
 .rodata.active_status
                0x00000000080069cc        0x2 /tmp/ch.elf.yBtE06.ltrans0.ltrans.o
 *fill*         0x00000000080069ce        0x2 
 .rodata.ch_debug
                0x00000000080069d0       0x16 /tmp/ch.elf.yBtE06.ltrans0.ltrans.o
 *fill*         0x00000000080069e6        0x2 
 .rodata.commands
                0x00000000080069e8       0x38 /tmp/ch.elf.yBtE06.ltrans0.ltrans.o
 .rodata.ep0config
                0x0000000008006a20       0x24 /tmp/ch.elf.yBtE06.ltrans0.ltrans.o
 .rodata.ep1config
                0x0000000008006a44       0x24 /tmp/ch.elf.yBtE06.ltrans0.ltrans.o
 .rodata.ep2config
                0x0000000008006a68       0x24 /tmp/ch.elf.yBtE06.ltrans0.ltrans.o
 .rodata.fsparams
                0x0000000008006a8c        0xc /tmp/ch.elf.yBtE06.ltrans0.ltrans.o
 .rodata.halted_status
                0x0000000008006a98        0x2 /tmp/ch.elf.yBtE06.ltrans0.ltrans.o
 *fill*         0x0000000008006a9a        0x2 
 .rodata.idle_descriptor.7052
                0x0000000008006a9c       0x18 /tmp/ch.elf.yBtE06.ltrans0.ltrans.o
 .rodata.ram_areas
                0x0000000008006ab4       0x80 /tmp/ch.elf.yBtE06.ltrans0.ltrans.o
 .rodata.serusbcfg1
                0x0000000008006b34        0x8 /tmp/ch.elf.yBtE06.ltrans0.ltrans.o
 .rodata.shell_cfg1
                0x0000000008006b3c       0x14 /tmp/ch.elf.yBtE06.ltrans0.ltrans.o
 .rodata.usbcfg
                0x0000000008006b50       0x10 /tmp/ch.elf.yBtE06.ltrans0.ltrans.o
 .rodata.vcom_configuration_descriptor
                0x0000000008006b60        0x8 /tmp/ch.elf.yBtE06.ltrans0.ltrans.o
 .rodata.vcom_configuration_descriptor_data
                0x0000000008006b68       0x4b /tmp/ch.elf.yBtE06.ltrans0.ltrans.o
 *fill*         0x0000000008006bb3        0x1 
 .rodata.vcom_device_descriptor
                0x0000000008006bb4        0x8 /tmp/ch.elf.yBtE06.ltrans0.ltrans.o
 .rodata.vcom_device_descriptor_data
                0x0000000008006bbc       0x12 /tmp/ch.elf.yBtE06.ltrans0.ltrans.o
 *fill*         0x0000000008006bce        0x2 
 .rodata.vcom_string0
                0x0000000008006bd0        0x4 /tmp/ch.elf.yBtE06.ltrans0.ltrans.o
 .rodata.vcom_string1
                0x0000000008006bd4       0x26 /tmp/ch.elf.yBtE06.ltrans0.ltrans.o
 *fill*         0x0000000008006bfa        0x2 
 .rodata.vcom_string2
                0x0000000008006bfc       0x38 /tmp/ch.elf.yBtE06.ltrans0.ltrans.o
 .rodata.vcom_string3
                0x0000000008006c34        0x8 /tmp/ch.elf.yBtE06.ltrans0.ltrans.o
 .rodata.vcom_strings
                0x0000000008006c3c       0x20 /tmp/ch.elf.yBtE06.ltrans0.ltrans.o
 .rodata.vmt.lto_priv.0
                0x0000000008006c5c       0x28 /tmp/ch.elf.yBtE06.ltrans0.ltrans.o
 .rodata.vmt.lto_priv.1
                0x0000000008006c84       0x28 /tmp/ch.elf.yBtE06.ltrans0.ltrans.o
 .rodata.zero_status
                0x0000000008006cac        0x2 /tmp/ch.elf.yBtE06.ltrans0.ltrans.o
 *fill*         0x0000000008006cae        0x2 
 .rodata._ctype_
                0x0000000008006cb0      0x101 /home/rob/Projects/ChibiStudio/ChibiStudio_20/tools/GNU Tools ARM Embedded/9.2.1 2019q4/bin/../lib/gcc/arm-none-eabi/9.2.1/../../../../arm-none-eabi/lib/thumb/v7e-m/nofp/libg.a(lib_a-ctype_.o)
                0x0000000008006cb0                _ctype_
                0x0000000008006db4                . = ALIGN (0x4)
 *fill*         0x0000000008006db1        0x3 
                0x0000000008006db4                __rodata_end__ = .

.ARM.extab
 *(.ARM.extab* .gnu.linkonce.armextab.*)

.ARM.exidx      0x0000000008006db4        0x8
                0x0000000008006db4                __exidx_base__ = .
                0x0000000008006db4                __exidx_start = .
 *(.ARM.exidx* .gnu.linkonce.armexidx.*)
 .ARM.exidx     0x0000000008006db4        0x8 /home/rob/Projects/ChibiStudio/ChibiStudio_20/tools/GNU Tools ARM Embedded/9.2.1 2019q4/bin/../lib/gcc/arm-none-eabi/9.2.1/thumb/v7e-m/nofp/libgcc.a(_udivmoddi4.o)
                0x0000000008006dbc                __exidx_end__ = .
                0x0000000008006dbc                __exidx_end = .

.rel.dyn        0x0000000008006dbc        0x0
 .rel.iplt      0x0000000008006dbc        0x0 ./build/obj/crt0_v7m.o

.eh_frame_hdr
 *(.eh_frame_hdr)

.eh_frame
 *(.eh_frame)

.data           0x0000000020000800      0x468 load address 0x0000000008006dbc
                [!provide]                        PROVIDE (_textdata = LOADADDR (.data))
                [!provide]                        PROVIDE (_data = .)
                0x0000000008006dbc                __textdata_base__ = LOADADDR (.data)
                0x0000000020000800                __data_base__ = .
 *(.data)
 *(.data.*)
 .data.dump_format
                0x0000000020000800        0x1 /tmp/ch.elf.yBtE06.ltrans0.ltrans.o
 *fill*         0x0000000020000801        0x1 
 .data.flush_timeout
                0x0000000020000802        0x2 /tmp/ch.elf.yBtE06.ltrans0.ltrans.o
 .data.icucfg1  0x0000000020000804       0x20 /tmp/ch.elf.yBtE06.ltrans0.ltrans.o
 .data.linecoding
                0x0000000020000824        0x7 /tmp/ch.elf.yBtE06.ltrans0.ltrans.o
 *fill*         0x000000002000082b        0x1 
 .data.serial_config
                0x000000002000082c        0xc /tmp/ch.elf.yBtE06.ltrans0.ltrans.o
 .data.smallest_pulse
                0x0000000020000838        0x4 /tmp/ch.elf.yBtE06.ltrans0.ltrans.o
 .data._impure_ptr
                0x000000002000083c        0x4 /home/rob/Projects/ChibiStudio/ChibiStudio_20/tools/GNU Tools ARM Embedded/9.2.1 2019q4/bin/../lib/gcc/arm-none-eabi/9.2.1/../../../../arm-none-eabi/lib/thumb/v7e-m/nofp/libg.a(lib_a-impure.o)
                0x000000002000083c                _impure_ptr
 .data.impure_data
                0x0000000020000840      0x428 /home/rob/Projects/ChibiStudio/ChibiStudio_20/tools/GNU Tools ARM Embedded/9.2.1 2019q4/bin/../lib/gcc/arm-none-eabi/9.2.1/../../../../arm-none-eabi/lib/thumb/v7e-m/nofp/libg.a(lib_a-impure.o)
 *(.ramtext)
                0x0000000020000c68                . = ALIGN (0x4)
                [!provide]                        PROVIDE (_edata = .)
                0x0000000020000c68                __data_end__ = .

.igot.plt       0x0000000020000c68        0x0 load address 0x0000000008007224
 .igot.plt      0x0000000020000c68        0x0 ./build/obj/crt0_v7m.o

.bss            0x0000000020000c68     0x3880 load address 0x0000000008007224
                0x0000000020000c68                __bss_base__ = .
 *(.bss)
 *(.bss.*)
 .bss.ICUD1     0x0000000020000c68       0x18 /tmp/ch.elf.yBtE06.ltrans0.ltrans.o
 .bss.ICUD2     0x0000000020000c80       0x18 /tmp/ch.elf.yBtE06.ltrans0.ltrans.o
 .bss.SD1       0x0000000020000c98      0x25c /tmp/ch.elf.yBtE06.ltrans0.ltrans.o
 .bss.SD2       0x0000000020000ef4      0x25c /tmp/ch.elf.yBtE06.ltrans0.ltrans.o
 .bss.SD6       0x0000000020001150      0x25c /tmp/ch.elf.yBtE06.ltrans0.ltrans.o
 .bss.SDU1      0x00000000200013ac      0x490 /tmp/ch.elf.yBtE06.ltrans0.ltrans.o
 .bss.USBD1     0x000000002000183c       0x60 /tmp/ch.elf.yBtE06.ltrans0.ltrans.o
 .bss.ch        0x000000002000189c       0x74 /tmp/ch.elf.yBtE06.ltrans0.ltrans.o
 .bss.ch_factory
                0x0000000020001910       0x48 /tmp/ch.elf.yBtE06.ltrans0.ltrans.o
 .bss.ch_idle_thread_wa
                0x0000000020001958       0xd8 /tmp/ch.elf.yBtE06.ltrans0.ltrans.o
 .bss.ch_memcore
                0x0000000020001a30        0x8 /tmp/ch.elf.yBtE06.ltrans0.ltrans.o
 .bss.completion_buffer
                0x0000000020001a38       0x10 /tmp/ch.elf.yBtE06.ltrans0.ltrans.o
 .bss.default_heap
                0x0000000020001a48       0x1c /tmp/ch.elf.yBtE06.ltrans0.ltrans.o
 .bss.disable.10199
                0x0000000020001a64        0x1 /tmp/ch.elf.yBtE06.ltrans0.ltrans.o
 .bss.dump_in_progress
                0x0000000020001a65        0x1 /tmp/ch.elf.yBtE06.ltrans0.ltrans.o
 *fill*         0x0000000020001a66        0x2 
 .bss.ep0_state
                0x0000000020001a68       0x10 /tmp/ch.elf.yBtE06.ltrans0.ltrans.o
 .bss.ep0setup_buffer
                0x0000000020001a78        0x8 /tmp/ch.elf.yBtE06.ltrans0.ltrans.o
 .bss.ep1instate
                0x0000000020001a80       0x10 /tmp/ch.elf.yBtE06.ltrans0.ltrans.o
 .bss.ep2instate
                0x0000000020001a90       0x10 /tmp/ch.elf.yBtE06.ltrans0.ltrans.o
 .bss.ep2outstate
                0x0000000020001aa0       0x10 /tmp/ch.elf.yBtE06.ltrans0.ltrans.o
 .bss.firstchar
                0x0000000020001ab0        0x4 /tmp/ch.elf.yBtE06.ltrans0.ltrans.o
 .bss.history_buffer
                0x0000000020001ab4      0x200 /tmp/ch.elf.yBtE06.ltrans0.ltrans.o
 .bss.last_received_char
                0x0000000020001cb4        0x4 /tmp/ch.elf.yBtE06.ltrans0.ltrans.o
 .bss.last_width1
                0x0000000020001cb8        0x4 /tmp/ch.elf.yBtE06.ltrans0.ltrans.o
 .bss.ldat      0x0000000020001cbc     0x2000 /tmp/ch.elf.yBtE06.ltrans0.ltrans.o
 .bss.ldat_cnt  0x0000000020003cbc        0x4 /tmp/ch.elf.yBtE06.ltrans0.ltrans.o
 .bss.oldcnt    0x0000000020003cc0        0x4 /tmp/ch.elf.yBtE06.ltrans0.ltrans.o
 .bss.shell_terminated
                0x0000000020003cc4        0x4 /tmp/ch.elf.yBtE06.ltrans0.ltrans.o
 .bss.waListener1
                0x0000000020003cc8      0x2c8 /tmp/ch.elf.yBtE06.ltrans0.ltrans.o
 .bss.waListener2
                0x0000000020003f90      0x2c8 /tmp/ch.elf.yBtE06.ltrans0.ltrans.o
 .bss.waListener3
                0x0000000020004258      0x148 /tmp/ch.elf.yBtE06.ltrans0.ltrans.o
 .bss.waThread1
                0x00000000200043a0      0x148 /tmp/ch.elf.yBtE06.ltrans0.ltrans.o
 *(COMMON)
                0x00000000200044e8                . = ALIGN (0x4)
                0x00000000200044e8                __bss_end__ = .
                [!provide]                        PROVIDE (end = .)
                0x0000000020000000                __ram0_base__ = ORIGIN (ram0)
                0x0000000000010000                __ram0_size__ = LENGTH (ram0)
                0x0000000020010000                __ram0_end__ = (__ram0_base__ + __ram0_size__)
                0x0000000000000000                __ram1_base__ = ORIGIN (ram1)
                0x0000000000000000                __ram1_size__ = LENGTH (ram1)
                0x0000000000000000                __ram1_end__ = (__ram1_base__ + __ram1_size__)
                0x0000000000000000                __ram2_base__ = ORIGIN (ram2)
                0x0000000000000000                __ram2_size__ = LENGTH (ram2)
                0x0000000000000000                __ram2_end__ = (__ram2_base__ + __ram2_size__)
                0x0000000000000000                __ram3_base__ = ORIGIN (ram3)
                0x0000000000000000                __ram3_size__ = LENGTH (ram3)
                0x0000000000000000                __ram3_end__ = (__ram3_base__ + __ram3_size__)
                0x0000000000000000                __ram4_base__ = ORIGIN (ram4)
                0x0000000000000000                __ram4_size__ = LENGTH (ram4)
                0x0000000000000000                __ram4_end__ = (__ram4_base__ + __ram4_size__)
                0x0000000000000000                __ram5_base__ = ORIGIN (ram5)
                0x0000000000000000                __ram5_size__ = LENGTH (ram5)
                0x0000000000000000                __ram5_end__ = (__ram5_base__ + __ram5_size__)
                0x0000000000000000                __ram6_base__ = ORIGIN (ram6)
                0x0000000000000000                __ram6_size__ = LENGTH (ram6)
                0x0000000000000000                __ram6_end__ = (__ram6_base__ + __ram6_size__)
                0x0000000000000000                __ram7_base__ = ORIGIN (ram7)
                0x0000000000000000                __ram7_size__ = LENGTH (ram7)
                0x0000000000000000                __ram7_end__ = (__ram7_base__ + __ram7_size__)
                0x0000000008000000                __flash0_base__ = ORIGIN (flash0)
                0x0000000000040000                __flash0_size__ = LENGTH (flash0)
                0x0000000008040000                __flash0_end__ = (__flash0_base__ + __flash0_size__)
                0x0000000000000000                __flash1_base__ = ORIGIN (flash1)
                0x0000000000000000                __flash1_size__ = LENGTH (flash1)
                0x0000000000000000                __flash1_end__ = (__flash1_base__ + __flash1_size__)
                0x0000000000000000                __flash2_base__ = ORIGIN (flash2)
                0x0000000000000000                __flash2_size__ = LENGTH (flash2)
                0x0000000000000000                __flash2_end__ = (__flash2_base__ + __flash2_size__)
                0x0000000000000000                __flash3_base__ = ORIGIN (flash3)
                0x0000000000000000                __flash3_size__ = LENGTH (flash3)
                0x0000000000000000                __flash3_end__ = (__flash3_base__ + __flash3_size__)
                0x0000000000000000                __flash4_base__ = ORIGIN (flash4)
                0x0000000000000000                __flash4_size__ = LENGTH (flash4)
                0x0000000000000000                __flash4_end__ = (__flash4_base__ + __flash4_size__)
                0x0000000000000000                __flash5_base__ = ORIGIN (flash5)
                0x0000000000000000                __flash5_size__ = LENGTH (flash5)
                0x0000000000000000                __flash5_end__ = (__flash5_base__ + __flash5_size__)
                0x0000000000000000                __flash6_base__ = ORIGIN (flash6)
                0x0000000000000000                __flash6_size__ = LENGTH (flash6)
                0x0000000000000000                __flash6_end__ = (__flash6_base__ + __flash6_size__)
                0x0000000000000000                __flash7_base__ = ORIGIN (flash7)
                0x0000000000000000                __flash7_size__ = LENGTH (flash7)
                0x0000000000000000                __flash7_end__ = (__flash7_base__ + __flash7_size__)

.ram0_init      0x00000000200044e8        0x0 load address 0x0000000008007224
                0x0000000008007224                __ram0_init_text__ = LOADADDR (.ram0_init)
                0x00000000200044e8                __ram0_init__ = .
 *(.ram0_init)
 *(.ram0_init.*)
                0x00000000200044e8                . = ALIGN (0x4)

.ram0           0x00000000200044e8        0x0 load address 0x0000000008007224
                0x00000000200044e8                __ram0_clear__ = .
 *(.ram0_clear)
 *(.ram0_clear.*)
                0x00000000200044e8                . = ALIGN (0x4)
                0x00000000200044e8                __ram0_noinit__ = .
 *(.ram0)
 *(.ram0.*)
                0x00000000200044e8                . = ALIGN (0x4)
                0x00000000200044e8                __ram0_free__ = .

.ram1_init      0x0000000000000000        0x0 load address 0x0000000008007224
                0x0000000008007224                __ram1_init_text__ = LOADADDR (.ram1_init)
                0x0000000000000000                __ram1_init__ = .
 *(.ram1_init)
 *(.ram1_init.*)
                0x0000000000000000                . = ALIGN (0x4)

.ram1           0x0000000000000000        0x0 load address 0x0000000008007224
                0x0000000000000000                __ram1_clear__ = .
 *(.ram1_clear)
 *(.ram1_clear.*)
                0x0000000000000000                . = ALIGN (0x4)
                0x0000000000000000                __ram1_noinit__ = .
 *(.ram1)
 *(.ram1.*)
                0x0000000000000000                . = ALIGN (0x4)
                0x0000000000000000                __ram1_free__ = .

.ram2_init      0x0000000000000000        0x0 load address 0x0000000008007224
                0x0000000008007224                __ram2_init_text__ = LOADADDR (.ram2_init)
                0x0000000000000000                __ram2_init__ = .
 *(.ram2_init)
 *(.ram2_init.*)
                0x0000000000000000                . = ALIGN (0x4)

.ram2           0x0000000000000000        0x0 load address 0x0000000008007224
                0x0000000000000000                __ram2_clear__ = .
 *(.ram2_clear)
 *(.ram2_clear.*)
                0x0000000000000000                . = ALIGN (0x4)
                0x0000000000000000                __ram2_noinit__ = .
 *(.ram2)
 *(.ram2.*)
                0x0000000000000000                . = ALIGN (0x4)
                0x0000000000000000                __ram2_free__ = .

.ram3_init      0x0000000000000000        0x0 load address 0x0000000008007224
                0x0000000008007224                __ram3_init_text__ = LOADADDR (.ram3_init)
                0x0000000000000000                __ram3_init__ = .
 *(.ram3_init)
 *(.ram3_init.*)
                0x0000000000000000                . = ALIGN (0x4)

.ram3           0x0000000000000000        0x0 load address 0x0000000008007224
                0x0000000000000000                __ram3_clear__ = .
 *(.ram3_clear)
 *(.ram3_clear.*)
                0x0000000000000000                . = ALIGN (0x4)
                0x0000000000000000                __ram3_noinit__ = .
 *(.ram3)
 *(.ram3.*)
                0x0000000000000000                . = ALIGN (0x4)
                0x0000000000000000                __ram3_free__ = .

.ram4_init      0x0000000000000000        0x0 load address 0x0000000008007224
                0x0000000008007224                __ram4_init_text__ = LOADADDR (.ram4_init)
                0x0000000000000000                __ram4_init__ = .
 *(.ram4_init)
 *(.ram4_init.*)
                0x0000000000000000                . = ALIGN (0x4)

.ram4           0x0000000000000000        0x0 load address 0x0000000008007224
                0x0000000000000000                __ram4_clear__ = .
 *(.ram4_clear)
 *(.ram4_clear.*)
                0x0000000000000000                . = ALIGN (0x4)
                0x0000000000000000                __ram4_noinit__ = .
 *(.ram4)
 *(.ram4.*)
                0x0000000000000000                . = ALIGN (0x4)
                0x0000000000000000                __ram4_free__ = .

.ram5_init      0x0000000000000000        0x0 load address 0x0000000008007224
                0x0000000008007224                __ram5_init_text__ = LOADADDR (.ram5_init)
                0x0000000000000000                __ram5_init__ = .
 *(.ram5_init)
 *(.ram5_init.*)
                0x0000000000000000                . = ALIGN (0x4)

.ram5           0x0000000000000000        0x0 load address 0x0000000008007224
                0x0000000000000000                __ram5_clear__ = .
 *(.ram5_clear)
 *(.ram5_clear.*)
                0x0000000000000000                . = ALIGN (0x4)
                0x0000000000000000                __ram5_noinit__ = .
 *(.ram5)
 *(.ram5.*)
                0x0000000000000000                . = ALIGN (0x4)
                0x0000000000000000                __ram5_free__ = .

.ram6_init      0x0000000000000000        0x0 load address 0x0000000008007224
                0x0000000008007224                __ram6_init_text__ = LOADADDR (.ram6_init)
                0x0000000000000000                __ram6_init__ = .
 *(.ram6_init)
 *(.ram6_init.*)
                0x0000000000000000                . = ALIGN (0x4)

.ram6           0x0000000000000000        0x0 load address 0x0000000008007224
                0x0000000000000000                __ram6_clear__ = .
 *(.ram6_clear)
 *(.ram6_clear.*)
                0x0000000000000000                . = ALIGN (0x4)
                0x0000000000000000                __ram6_noinit__ = .
 *(.ram6)
 *(.ram6.*)
                0x0000000000000000                . = ALIGN (0x4)
                0x0000000000000000                __ram6_free__ = .

.ram7_init      0x0000000000000000        0x0 load address 0x0000000008007224
                0x0000000008007224                __ram7_init_text__ = LOADADDR (.ram7_init)
                0x0000000000000000                __ram7_init__ = .
 *(.ram7_init)
 *(.ram7_init.*)
                0x0000000000000000                . = ALIGN (0x4)

.ram7           0x0000000000000000        0x0 load address 0x0000000008007224
                0x0000000000000000                __ram7_clear__ = .
 *(.ram7_clear)
 *(.ram7_clear.*)
                0x0000000000000000                . = ALIGN (0x4)
                0x0000000000000000                __ram7_noinit__ = .
 *(.ram7)
 *(.ram7.*)
                0x0000000000000000                . = ALIGN (0x4)
                0x0000000000000000                __ram7_free__ = .

.flash0         0x0000000008007224        0x0
                0x0000000008007224                __flash0_init__ = .
 *(.flash0_init)
 *(.flash0_init.*)
                0x0000000008007224                __flash0_free__ = .

.flash1         0x0000000000000000        0x0
                0x0000000000000000                __flash1_init__ = .
 *(.flash1_init)
 *(.flash1_init.*)
                0x0000000000000000                __flash1_free__ = .

.flash2         0x0000000000000000        0x0
                0x0000000000000000                __flash2_init__ = .
 *(.flash2_init)
 *(.flash2_init.*)
                0x0000000000000000                __flash2_free__ = .

.flash3         0x0000000000000000        0x0
                0x0000000000000000                __flash3_init__ = .
 *(.flash3_init)
 *(.flash3_init.*)
                0x0000000000000000                __flash3_free__ = .

.flash4         0x0000000000000000        0x0
                0x0000000000000000                __flash4_init__ = .
 *(.flash4_init)
 *(.flash4_init.*)
                0x0000000000000000                __flash4_free__ = .

.flash5         0x0000000000000000        0x0
                0x0000000000000000                __flash5_init__ = .
 *(.flash5_init)
 *(.flash5_init.*)
                0x0000000000000000                __flash5_free__ = .

.flash6         0x0000000000000000        0x0
                0x0000000000000000                __flash6_init__ = .
 *(.flash6_init)
 *(.flash6_init.*)
                0x0000000000000000                __flash6_free__ = .

.flash7         0x0000000000000000        0x0
                0x0000000000000000                __flash7_init__ = .
 *(.flash7_init)
 *(.flash7_init.*)
                0x0000000000000000                __flash7_free__ = .

.heap           0x00000000200044e8     0xbb18
                0x00000000200044e8                . = ALIGN (0x8)
                0x00000000200044e8                __heap_base__ = .
                0x0000000020010000                . = (ORIGIN (HEAP_RAM) + LENGTH (HEAP_RAM))
 *fill*         0x00000000200044e8     0xbb18 
                0x0000000020010000                __heap_end__ = .
                0x0000000000000400                __process_stack_size__ = 0x400
                0x0000000000000400                __main_stack_size__ = 0x400
START GROUP
LOAD /home/rob/Projects/ChibiStudio/ChibiStudio_20/tools/GNU Tools ARM Embedded/9.2.1 2019q4/bin/../lib/gcc/arm-none-eabi/9.2.1/thumb/v7e-m/nofp/libgcc.a
LOAD /home/rob/Projects/ChibiStudio/ChibiStudio_20/tools/GNU Tools ARM Embedded/9.2.1 2019q4/bin/../lib/gcc/arm-none-eabi/9.2.1/../../../../arm-none-eabi/lib/thumb/v7e-m/nofp/libg.a
LOAD /home/rob/Projects/ChibiStudio/ChibiStudio_20/tools/GNU Tools ARM Embedded/9.2.1 2019q4/bin/../lib/gcc/arm-none-eabi/9.2.1/../../../../arm-none-eabi/lib/thumb/v7e-m/nofp/libc.a
END GROUP
OUTPUT(build/ch.elf elf32-littlearm)

.ARM.attributes
                0x0000000000000000       0x2f
 .ARM.attributes
                0x0000000000000000       0x21 ./build/obj/crt0_v7m.o
 .ARM.attributes
                0x0000000000000021       0x21 ./build/obj/vectors.o
 .ARM.attributes
                0x0000000000000042       0x21 ./build/obj/chcoreasm_v7m.o
 .ARM.attributes
                0x0000000000000063       0x2c /tmp/ch.elf.yBtE06.ltrans0.ltrans.o
 .ARM.attributes
                0x000000000000008f       0x2e /home/rob/Projects/ChibiStudio/ChibiStudio_20/tools/GNU Tools ARM Embedded/9.2.1 2019q4/bin/../lib/gcc/arm-none-eabi/9.2.1/../../../../arm-none-eabi/lib/thumb/v7e-m/nofp/libg.a(lib_a-ctype_.o)
 .ARM.attributes
                0x00000000000000bd       0x2e /home/rob/Projects/ChibiStudio/ChibiStudio_20/tools/GNU Tools ARM Embedded/9.2.1 2019q4/bin/../lib/gcc/arm-none-eabi/9.2.1/../../../../arm-none-eabi/lib/thumb/v7e-m/nofp/libg.a(lib_a-strtol.o)
 .ARM.attributes
                0x00000000000000eb       0x2e /home/rob/Projects/ChibiStudio/ChibiStudio_20/tools/GNU Tools ARM Embedded/9.2.1 2019q4/bin/../lib/gcc/arm-none-eabi/9.2.1/../../../../arm-none-eabi/lib/thumb/v7e-m/nofp/libg.a(lib_a-impure.o)
 .ARM.attributes
                0x0000000000000119       0x1c /home/rob/Projects/ChibiStudio/ChibiStudio_20/tools/GNU Tools ARM Embedded/9.2.1 2019q4/bin/../lib/gcc/arm-none-eabi/9.2.1/../../../../arm-none-eabi/lib/thumb/v7e-m/nofp/libg.a(lib_a-memcpy.o)
 .ARM.attributes
                0x0000000000000135       0x2e /home/rob/Projects/ChibiStudio/ChibiStudio_20/tools/GNU Tools ARM Embedded/9.2.1 2019q4/bin/../lib/gcc/arm-none-eabi/9.2.1/../../../../arm-none-eabi/lib/thumb/v7e-m/nofp/libg.a(lib_a-memset.o)
 .ARM.attributes
                0x0000000000000163       0x2e /home/rob/Projects/ChibiStudio/ChibiStudio_20/tools/GNU Tools ARM Embedded/9.2.1 2019q4/bin/../lib/gcc/arm-none-eabi/9.2.1/../../../../arm-none-eabi/lib/thumb/v7e-m/nofp/libg.a(lib_a-strchr.o)
 .ARM.attributes
                0x0000000000000191       0x1c /home/rob/Projects/ChibiStudio/ChibiStudio_20/tools/GNU Tools ARM Embedded/9.2.1 2019q4/bin/../lib/gcc/arm-none-eabi/9.2.1/../../../../arm-none-eabi/lib/thumb/v7e-m/nofp/libg.a(lib_a-strcmp.o)
 .ARM.attributes
                0x00000000000001ad       0x1c /home/rob/Projects/ChibiStudio/ChibiStudio_20/tools/GNU Tools ARM Embedded/9.2.1 2019q4/bin/../lib/gcc/arm-none-eabi/9.2.1/../../../../arm-none-eabi/lib/thumb/v7e-m/nofp/libg.a(lib_a-strlen.o)
 .ARM.attributes
                0x00000000000001c9       0x2e /home/rob/Projects/ChibiStudio/ChibiStudio_20/tools/GNU Tools ARM Embedded/9.2.1 2019q4/bin/../lib/gcc/arm-none-eabi/9.2.1/../../../../arm-none-eabi/lib/thumb/v7e-m/nofp/libg.a(lib_a-strpbrk.o)
 .ARM.attributes
                0x00000000000001f7       0x2e /home/rob/Projects/ChibiStudio/ChibiStudio_20/tools/GNU Tools ARM Embedded/9.2.1 2019q4/bin/../lib/gcc/arm-none-eabi/9.2.1/../../../../arm-none-eabi/lib/thumb/v7e-m/nofp/libg.a(lib_a-strspn.o)
 .ARM.attributes
                0x0000000000000225       0x2e /home/rob/Projects/ChibiStudio/ChibiStudio_20/tools/GNU Tools ARM Embedded/9.2.1 2019q4/bin/../lib/gcc/arm-none-eabi/9.2.1/../../../../arm-none-eabi/lib/thumb/v7e-m/nofp/libg.a(lib_a-strstr.o)
 .ARM.attributes
                0x0000000000000253       0x2e /home/rob/Projects/ChibiStudio/ChibiStudio_20/tools/GNU Tools ARM Embedded/9.2.1 2019q4/bin/../lib/gcc/arm-none-eabi/9.2.1/../../../../arm-none-eabi/lib/thumb/v7e-m/nofp/libg.a(lib_a-memcmp.o)
 .ARM.attributes
                0x0000000000000281       0x2e /home/rob/Projects/ChibiStudio/ChibiStudio_20/tools/GNU Tools ARM Embedded/9.2.1 2019q4/bin/../lib/gcc/arm-none-eabi/9.2.1/../../../../arm-none-eabi/lib/thumb/v7e-m/nofp/libg.a(lib_a-strnlen.o)
 .ARM.attributes
                0x00000000000002af       0x1e /home/rob/Projects/ChibiStudio/ChibiStudio_20/tools/GNU Tools ARM Embedded/9.2.1 2019q4/bin/../lib/gcc/arm-none-eabi/9.2.1/thumb/v7e-m/nofp/libgcc.a(_arm_addsubdf3.o)
 .ARM.attributes
                0x00000000000002cd       0x1e /home/rob/Projects/ChibiStudio/ChibiStudio_20/tools/GNU Tools ARM Embedded/9.2.1 2019q4/bin/../lib/gcc/arm-none-eabi/9.2.1/thumb/v7e-m/nofp/libgcc.a(_arm_muldivdf3.o)
 .ARM.attributes
                0x00000000000002eb       0x1e /home/rob/Projects/ChibiStudio/ChibiStudio_20/tools/GNU Tools ARM Embedded/9.2.1 2019q4/bin/../lib/gcc/arm-none-eabi/9.2.1/thumb/v7e-m/nofp/libgcc.a(_arm_fixunsdfsi.o)
 .ARM.attributes
                0x0000000000000309       0x1e /home/rob/Projects/ChibiStudio/ChibiStudio_20/tools/GNU Tools ARM Embedded/9.2.1 2019q4/bin/../lib/gcc/arm-none-eabi/9.2.1/thumb/v7e-m/nofp/libgcc.a(_aeabi_uldivmod.o)
 .ARM.attributes
                0x0000000000000327       0x2e /home/rob/Projects/ChibiStudio/ChibiStudio_20/tools/GNU Tools ARM Embedded/9.2.1 2019q4/bin/../lib/gcc/arm-none-eabi/9.2.1/thumb/v7e-m/nofp/libgcc.a(_udivmoddi4.o)
 .ARM.attributes
                0x0000000000000355       0x1e /home/rob/Projects/ChibiStudio/ChibiStudio_20/tools/GNU Tools ARM Embedded/9.2.1 2019q4/bin/../lib/gcc/arm-none-eabi/9.2.1/thumb/v7e-m/nofp/libgcc.a(_dvmd_tls.o)

.comment        0x0000000000000000       0x79
 .comment       0x0000000000000000       0x79 /tmp/ch.elf.yBtE06.ltrans0.ltrans.o
                                         0x7a (size before relaxing)

.debug_line     0x0000000000000000    0x1646d
 .debug_line    0x0000000000000000       0xd0 ./build/obj/crt0_v7m.o
 .debug_line    0x00000000000000d0       0x7a ./build/obj/vectors.o
 .debug_line    0x000000000000014a       0x91 ./build/obj/chcoreasm_v7m.o
 .debug_line    0x00000000000001db     0x9411 /tmp/ch.elf.yBtE06.ltrans0.ltrans.o
 .debug_line    0x00000000000095ec      0x1f8 /tmp/ccbE9asO.debug.temp.o
 .debug_line    0x00000000000097e4      0x59e /tmp/cc7qp85h.debug.temp.o
 .debug_line    0x0000000000009d82      0x580 /tmp/ccL7TTA9.debug.temp.o
 .debug_line    0x000000000000a302      0x5f6 /tmp/ccd9AZCM.debug.temp.o
 .debug_line    0x000000000000a8f8      0x5e4 /tmp/ccwLI9C5.debug.temp.o
 .debug_line    0x000000000000aedc      0x5b3 /tmp/cc1dirRe.debug.temp.o
 .debug_line    0x000000000000b48f      0x5b1 /tmp/ccpusId1.debug.temp.o
 .debug_line    0x000000000000ba40      0x64b /tmp/ccdRVo7A.debug.temp.o
 .debug_line    0x000000000000c08b      0x5b4 /tmp/cclKGaJ2.debug.temp.o
 .debug_line    0x000000000000c63f      0x5ee /tmp/ccS2OWrP.debug.temp.o
 .debug_line    0x000000000000cc2d      0x5d2 /tmp/ccHdxoNL.debug.temp.o
 .debug_line    0x000000000000d1ff      0x57e /tmp/ccLAix0B.debug.temp.o
 .debug_line    0x000000000000d77d      0x585 /tmp/ccEwj0Ig.debug.temp.o
 .debug_line    0x000000000000dd02      0x583 /tmp/ccKNUmUX.debug.temp.o
 .debug_line    0x000000000000e285      0x5a9 /tmp/ccds3RHw.debug.temp.o
 .debug_line    0x000000000000e82e      0x5b7 /tmp/ccp81swM.debug.temp.o
 .debug_line    0x000000000000ede5      0x595 /tmp/ccjPVG34.debug.temp.o
 .debug_line    0x000000000000f37a      0x596 /tmp/ccjefP23.debug.temp.o
 .debug_line    0x000000000000f910      0x599 /tmp/ccZ2Bjxg.debug.temp.o
 .debug_line    0x000000000000fea9      0x5aa /tmp/cc7EZ0E9.debug.temp.o
 .debug_line    0x0000000000010453      0x40e /tmp/cc4pwJiZ.debug.temp.o
 .debug_line    0x0000000000010861      0x3e4 /tmp/ccaTxdml.debug.temp.o
 .debug_line    0x0000000000010c45      0x3e3 /tmp/ccJog290.debug.temp.o
 .debug_line    0x0000000000011028      0x407 /tmp/ccgDXCJX.debug.temp.o
 .debug_line    0x000000000001142f      0x3c8 /tmp/ccku4l7h.debug.temp.o
 .debug_line    0x00000000000117f7      0x40d /tmp/ccU8n3iZ.debug.temp.o
 .debug_line    0x0000000000011c04      0x3d8 /tmp/ccuxebPH.debug.temp.o
 .debug_line    0x0000000000011fdc      0x3e9 /tmp/cc1oeJHX.debug.temp.o
 .debug_line    0x00000000000123c5      0x3fb /tmp/ccJeNvKq.debug.temp.o
 .debug_line    0x00000000000127c0      0x3df /tmp/ccTgIUNq.debug.temp.o
 .debug_line    0x0000000000012b9f      0x3e1 /tmp/ccf2tbvV.debug.temp.o
 .debug_line    0x0000000000012f80      0x3e0 /tmp/ccfonPMa.debug.temp.o
 .debug_line    0x0000000000013360      0x417 /tmp/ccww1PMd.debug.temp.o
 .debug_line    0x0000000000013777      0x42c /tmp/cc1xSbMK.debug.temp.o
 .debug_line    0x0000000000013ba3      0x3f1 /tmp/ccjW8Rka.debug.temp.o
 .debug_line    0x0000000000013f94      0x5b5 /tmp/ccsVDw09.debug.temp.o
 .debug_line    0x0000000000014549      0x610 /tmp/ccYWCrLf.debug.temp.o
 .debug_line    0x0000000000014b59      0x5c5 /tmp/cckTeGKv.debug.temp.o
 .debug_line    0x000000000001511e      0x68a /tmp/ccbrx4Sp.debug.temp.o
 .debug_line    0x00000000000157a8      0x5c2 /tmp/ccqPLxH4.debug.temp.o
 .debug_line    0x0000000000015d6a      0x703 /tmp/cchXaB92.debug.temp.o

.debug_info     0x0000000000000000    0x54a46
 .debug_info    0x0000000000000000       0x26 ./build/obj/crt0_v7m.o
 .debug_info    0x0000000000000026       0x26 ./build/obj/vectors.o
 .debug_info    0x000000000000004c       0x26 ./build/obj/chcoreasm_v7m.o
 .debug_info    0x0000000000000072     0xb81a /tmp/ch.elf.yBtE06.ltrans0.ltrans.o
 .debug_info    0x000000000000b88c      0x35d /tmp/ccbE9asO.debug.temp.o
                0x000000000000b88c                crt1.c.d79f505b
 .debug_info    0x000000000000bbe9     0x1dc7 /tmp/cc7qp85h.debug.temp.o
                0x000000000000bbe9                hal.c.83df1537
 .debug_info    0x000000000000d9b0     0x1ecc /tmp/ccL7TTA9.debug.temp.o
                0x000000000000d9b0                hal_st.c.e0a80ef7
 .debug_info    0x000000000000f87c     0x2e05 /tmp/ccd9AZCM.debug.temp.o
                0x000000000000f87c                hal_buffers.c.2b45b2ca
 .debug_info    0x0000000000012681     0x2c1e /tmp/ccwLI9C5.debug.temp.o
                0x0000000000012681                hal_queues.c.54792b47
 .debug_info    0x000000000001529f     0x218a /tmp/cc1dirRe.debug.temp.o
                0x000000000001529f                hal_flash.c.d4543d92
 .debug_info    0x0000000000017429     0x1fcf /tmp/ccpusId1.debug.temp.o
                0x0000000000017429                hal_icu.c.1ed68304
 .debug_info    0x00000000000193f8     0x1fe0 /tmp/ccdRVo7A.debug.temp.o
                0x00000000000193f8                hal_pal.c.9671ec5d
 .debug_info    0x000000000001b3d8     0x229d /tmp/cclKGaJ2.debug.temp.o
                0x000000000001b3d8                hal_serial.c.08ab4639
 .debug_info    0x000000000001d675     0x26d6 /tmp/ccS2OWrP.debug.temp.o
                0x000000000001d675                hal_serial_usb.c.1ea03ede
 .debug_info    0x000000000001fd4b     0x2b7a /tmp/ccHdxoNL.debug.temp.o
                0x000000000001fd4b                hal_usb.c.4e168606
 .debug_info    0x00000000000228c5     0x21bf /tmp/ccLAix0B.debug.temp.o
                0x00000000000228c5                nvic.c.8fbd710f
 .debug_info    0x0000000000024a84     0x1f55 /tmp/ccEwj0Ig.debug.temp.o
                0x0000000000024a84                stm32_isr.c.9e1b061d
 .debug_info    0x00000000000269d9     0x2290 /tmp/ccKNUmUX.debug.temp.o
                0x00000000000269d9                hal_lld.c.10a6b179
 .debug_info    0x0000000000028c69     0x1f6f /tmp/ccds3RHw.debug.temp.o
                0x0000000000028c69                hal_pal_lld.c.56803e64
 .debug_info    0x000000000002abd8     0x2fa0 /tmp/ccp81swM.debug.temp.o
                0x000000000002abd8                hal_usb_lld.c.ea119de1
 .debug_info    0x000000000002db78     0x2097 /tmp/ccjPVG34.debug.temp.o
                0x000000000002db78                hal_st_lld.c.abba27a1
 .debug_info    0x000000000002fc0f     0x21a4 /tmp/ccjefP23.debug.temp.o
                0x000000000002fc0f                hal_icu_lld.c.4c82d8ef
 .debug_info    0x0000000000031db3     0x2248 /tmp/ccZ2Bjxg.debug.temp.o
                0x0000000000031db3                hal_serial_lld.c.f22f959b
 .debug_info    0x0000000000033ffb     0x21c1 /tmp/cc7EZ0E9.debug.temp.o
                0x0000000000033ffb                board.c.325959cc
 .debug_info    0x00000000000361bc      0xfbc /tmp/cc4pwJiZ.debug.temp.o
                0x00000000000361bc                chsys.c.15dd4590
 .debug_info    0x0000000000037178      0xbb8 /tmp/ccaTxdml.debug.temp.o
                0x0000000000037178                chvt.c.9a0cc27a
 .debug_info    0x0000000000037d30      0xd3f /tmp/ccJog290.debug.temp.o
                0x0000000000037d30                chschd.c.4b4f9264
 .debug_info    0x0000000000038a6f     0x12bd /tmp/ccgDXCJX.debug.temp.o
                0x0000000000038a6f                chthreads.c.60298a92
 .debug_info    0x0000000000039d2c      0xcd9 /tmp/ccku4l7h.debug.temp.o
                0x0000000000039d2c                chtm.c.f1da818c
 .debug_info    0x000000000003aa05     0x1427 /tmp/ccU8n3iZ.debug.temp.o
                0x000000000003aa05                chregistry.c.11206377
 .debug_info    0x000000000003be2c      0xd74 /tmp/ccuxebPH.debug.temp.o
                0x000000000003be2c                chmtx.c.f79bf998
 .debug_info    0x000000000003cba0      0xf8a /tmp/cc1oeJHX.debug.temp.o
                0x000000000003cba0                chevents.c.10a50318
 .debug_info    0x000000000003db2a      0xcf9 /tmp/ccJeNvKq.debug.temp.o
                0x000000000003db2a                chdynamic.c.3cfd138f
 .debug_info    0x000000000003e823      0xc20 /tmp/ccTgIUNq.debug.temp.o
                0x000000000003e823                chmemcore.c.ad492591
 .debug_info    0x000000000003f443      0xd16 /tmp/ccf2tbvV.debug.temp.o
                0x000000000003f443                chmemheaps.c.c0c673ef
 .debug_info    0x0000000000040159      0xdcb /tmp/ccfonPMa.debug.temp.o
                0x0000000000040159                chmempools.c.48740d91
 .debug_info    0x0000000000040f24      0xe4b /tmp/ccww1PMd.debug.temp.o
                0x0000000000040f24                chdelegates.c.7dbe4fe4
 .debug_info    0x0000000000041d6f     0x1cd3 /tmp/cc1xSbMK.debug.temp.o
                0x0000000000041d6f                chfactory.c.870a289d
 .debug_info    0x0000000000043a42     0x1aa3 /tmp/ccjW8Rka.debug.temp.o
                0x0000000000043a42                chcore_v7m.c.d29b0a56
 .debug_info    0x00000000000454e5     0x21a4 /tmp/ccsVDw09.debug.temp.o
                0x00000000000454e5                chprintf.c.2442e99f
 .debug_info    0x0000000000047689     0x2d70 /tmp/ccYWCrLf.debug.temp.o
                0x0000000000047689                shell.c.d6be2a79
 .debug_info    0x000000000004a3f9     0x2776 /tmp/cckTeGKv.debug.temp.o
                0x000000000004a3f9                shell_cmd.c.f5a9376e
 .debug_info    0x000000000004cb6f     0x29e3 /tmp/ccbrx4Sp.debug.temp.o
                0x000000000004cb6f                comm.c.2eea6cb8
 .debug_info    0x000000000004f552     0x22c4 /tmp/ccqPLxH4.debug.temp.o
                0x000000000004f552                usbcfg.c.929cf821
 .debug_info    0x0000000000051816     0x3230 /tmp/cchXaB92.debug.temp.o
                0x0000000000051816                main.c.d53c7246

.debug_abbrev   0x0000000000000000     0x6f8a
 .debug_abbrev  0x0000000000000000       0x14 ./build/obj/crt0_v7m.o
 .debug_abbrev  0x0000000000000014       0x14 ./build/obj/vectors.o
 .debug_abbrev  0x0000000000000028       0x14 ./build/obj/chcoreasm_v7m.o
 .debug_abbrev  0x000000000000003c      0x35c /tmp/ch.elf.yBtE06.ltrans0.ltrans.o
 .debug_abbrev  0x0000000000000398       0xff /tmp/ccbE9asO.debug.temp.o
 .debug_abbrev  0x0000000000000497      0x218 /tmp/cc7qp85h.debug.temp.o
 .debug_abbrev  0x00000000000006af      0x29e /tmp/ccL7TTA9.debug.temp.o
 .debug_abbrev  0x000000000000094d      0x344 /tmp/ccd9AZCM.debug.temp.o
 .debug_abbrev  0x0000000000000c91      0x357 /tmp/ccwLI9C5.debug.temp.o
 .debug_abbrev  0x0000000000000fe8      0x268 /tmp/cc1dirRe.debug.temp.o
 .debug_abbrev  0x0000000000001250      0x298 /tmp/ccpusId1.debug.temp.o
 .debug_abbrev  0x00000000000014e8      0x26c /tmp/ccdRVo7A.debug.temp.o
 .debug_abbrev  0x0000000000001754      0x2e9 /tmp/cclKGaJ2.debug.temp.o
 .debug_abbrev  0x0000000000001a3d      0x31f /tmp/ccS2OWrP.debug.temp.o
 .debug_abbrev  0x0000000000001d5c      0x339 /tmp/ccHdxoNL.debug.temp.o
 .debug_abbrev  0x0000000000002095      0x28a /tmp/ccLAix0B.debug.temp.o
 .debug_abbrev  0x000000000000231f      0x212 /tmp/ccEwj0Ig.debug.temp.o
 .debug_abbrev  0x0000000000002531      0x24c /tmp/ccKNUmUX.debug.temp.o
 .debug_abbrev  0x000000000000277d      0x25d /tmp/ccds3RHw.debug.temp.o
 .debug_abbrev  0x00000000000029da      0x37c /tmp/ccp81swM.debug.temp.o
 .debug_abbrev  0x0000000000002d56      0x267 /tmp/ccjPVG34.debug.temp.o
 .debug_abbrev  0x0000000000002fbd      0x2f6 /tmp/ccjefP23.debug.temp.o
 .debug_abbrev  0x00000000000032b3      0x2cf /tmp/ccZ2Bjxg.debug.temp.o
 .debug_abbrev  0x0000000000003582      0x267 /tmp/cc7EZ0E9.debug.temp.o
 .debug_abbrev  0x00000000000037e9      0x314 /tmp/cc4pwJiZ.debug.temp.o
 .debug_abbrev  0x0000000000003afd      0x252 /tmp/ccaTxdml.debug.temp.o
 .debug_abbrev  0x0000000000003d4f      0x2ad /tmp/ccJog290.debug.temp.o
 .debug_abbrev  0x0000000000003ffc      0x29c /tmp/ccgDXCJX.debug.temp.o
 .debug_abbrev  0x0000000000004298      0x1e0 /tmp/ccku4l7h.debug.temp.o
 .debug_abbrev  0x0000000000004478      0x2ae /tmp/ccU8n3iZ.debug.temp.o
 .debug_abbrev  0x0000000000004726      0x28f /tmp/ccuxebPH.debug.temp.o
 .debug_abbrev  0x00000000000049b5      0x284 /tmp/cc1oeJHX.debug.temp.o
 .debug_abbrev  0x0000000000004c39      0x20b /tmp/ccJeNvKq.debug.temp.o
 .debug_abbrev  0x0000000000004e44      0x22d /tmp/ccTgIUNq.debug.temp.o
 .debug_abbrev  0x0000000000005071      0x270 /tmp/ccf2tbvV.debug.temp.o
 .debug_abbrev  0x00000000000052e1      0x273 /tmp/ccfonPMa.debug.temp.o
 .debug_abbrev  0x0000000000005554      0x259 /tmp/ccww1PMd.debug.temp.o
 .debug_abbrev  0x00000000000057ad      0x2f5 /tmp/cc1xSbMK.debug.temp.o
 .debug_abbrev  0x0000000000005aa2      0x2e9 /tmp/ccjW8Rka.debug.temp.o
 .debug_abbrev  0x0000000000005d8b      0x2ec /tmp/ccsVDw09.debug.temp.o
 .debug_abbrev  0x0000000000006077      0x37a /tmp/ccYWCrLf.debug.temp.o
 .debug_abbrev  0x00000000000063f1      0x273 /tmp/cckTeGKv.debug.temp.o
 .debug_abbrev  0x0000000000006664      0x2b1 /tmp/ccbrx4Sp.debug.temp.o
 .debug_abbrev  0x0000000000006915      0x2ab /tmp/ccqPLxH4.debug.temp.o
 .debug_abbrev  0x0000000000006bc0      0x3ca /tmp/cchXaB92.debug.temp.o

.debug_aranges  0x0000000000000000      0x418
 .debug_aranges
                0x0000000000000000       0x20 ./build/obj/crt0_v7m.o
 .debug_aranges
                0x0000000000000020       0x20 ./build/obj/vectors.o
 .debug_aranges
                0x0000000000000040       0x20 ./build/obj/chcoreasm_v7m.o
 .debug_aranges
                0x0000000000000060      0x3b8 /tmp/ch.elf.yBtE06.ltrans0.ltrans.o

.debug_str      0x0000000000000000     0x50a7
 .debug_str     0x0000000000000000       0xb0 ./build/obj/crt0_v7m.o
 .debug_str     0x00000000000000b0       0x45 ./build/obj/vectors.o
                                         0xaf (size before relaxing)
 .debug_str     0x00000000000000f5       0x49 ./build/obj/chcoreasm_v7m.o
                                         0xb3 (size before relaxing)
 .debug_str     0x000000000000013e      0x1b3 /tmp/ch.elf.yBtE06.ltrans0.ltrans.o
                                        0x238 (size before relaxing)
 .debug_str     0x00000000000002f1      0x436 /tmp/ccbE9asO.debug.temp.o
                                        0x50a (size before relaxing)
 .debug_str     0x0000000000000727      0xd9f /tmp/cc7qp85h.debug.temp.o
                                       0x10dd (size before relaxing)
 .debug_str     0x00000000000014c6       0xfd /tmp/ccL7TTA9.debug.temp.o
                                       0x11a4 (size before relaxing)
 .debug_str     0x00000000000015c3      0x6c9 /tmp/ccd9AZCM.debug.temp.o
                                       0x17da (size before relaxing)
 .debug_str     0x0000000000001c8c       0xd2 /tmp/ccwLI9C5.debug.temp.o
                                       0x1652 (size before relaxing)
 .debug_str     0x0000000000001d5e      0x279 /tmp/cc1dirRe.debug.temp.o
                                       0x133b (size before relaxing)
 .debug_str     0x0000000000001fd7       0xb2 /tmp/ccpusId1.debug.temp.o
                                       0x11c5 (size before relaxing)
 .debug_str     0x0000000000002089       0xd1 /tmp/ccdRVo7A.debug.temp.o
                                       0x1186 (size before relaxing)
 .debug_str     0x000000000000215a      0x13e /tmp/cclKGaJ2.debug.temp.o
                                       0x125f (size before relaxing)
 .debug_str     0x0000000000002298      0x258 /tmp/ccS2OWrP.debug.temp.o
                                       0x14ae (size before relaxing)
 .debug_str     0x00000000000024f0      0x190 /tmp/ccHdxoNL.debug.temp.o
                                       0x1731 (size before relaxing)
 .debug_str     0x0000000000002680      0x164 /tmp/ccLAix0B.debug.temp.o
                                       0x1225 (size before relaxing)
 .debug_str     0x00000000000027e4      0x3db /tmp/ccEwj0Ig.debug.temp.o
                                       0x1482 (size before relaxing)
 .debug_str     0x0000000000002bbf      0x1a6 /tmp/ccKNUmUX.debug.temp.o
                                       0x12dd (size before relaxing)
 .debug_str     0x0000000000002d65       0x92 /tmp/ccds3RHw.debug.temp.o
                                       0x11a2 (size before relaxing)
 .debug_str     0x0000000000002df7      0x2ff /tmp/ccp81swM.debug.temp.o
                                       0x197f (size before relaxing)
 .debug_str     0x00000000000030f6       0x84 /tmp/ccjPVG34.debug.temp.o
                                       0x12fd (size before relaxing)
 .debug_str     0x000000000000317a      0x127 /tmp/ccjefP23.debug.temp.o
                                       0x134d (size before relaxing)
 .debug_str     0x00000000000032a1       0xbf /tmp/ccZ2Bjxg.debug.temp.o
                                       0x135f (size before relaxing)
 .debug_str     0x0000000000003360       0xa3 /tmp/cc7EZ0E9.debug.temp.o
                                       0x12cd (size before relaxing)
 .debug_str     0x0000000000003403      0x307 /tmp/cc4pwJiZ.debug.temp.o
                                        0xaee (size before relaxing)
 .debug_str     0x000000000000370a       0x73 /tmp/ccaTxdml.debug.temp.o
                                        0x821 (size before relaxing)
 .debug_str     0x000000000000377d      0x14c /tmp/ccJog290.debug.temp.o
                                        0x904 (size before relaxing)
 .debug_str     0x00000000000038c9      0x278 /tmp/ccgDXCJX.debug.temp.o
                                        0xa77 (size before relaxing)
 .debug_str     0x0000000000003b41       0xc4 /tmp/ccku4l7h.debug.temp.o
                                        0x8aa (size before relaxing)
 .debug_str     0x0000000000003c05       0xac /tmp/ccU8n3iZ.debug.temp.o
                                        0xbf9 (size before relaxing)
 .debug_str     0x0000000000003cb1       0xc4 /tmp/ccuxebPH.debug.temp.o
                                        0x862 (size before relaxing)
 .debug_str     0x0000000000003d75      0x1a8 /tmp/cc1oeJHX.debug.temp.o
                                        0x96c (size before relaxing)
 .debug_str     0x0000000000003f1d       0xa5 /tmp/ccJeNvKq.debug.temp.o
                                        0x845 (size before relaxing)
 .debug_str     0x0000000000003fc2       0xa9 /tmp/ccTgIUNq.debug.temp.o
                                        0x810 (size before relaxing)
 .debug_str     0x000000000000406b       0xa7 /tmp/ccf2tbvV.debug.temp.o
                                        0x825 (size before relaxing)
 .debug_str     0x0000000000004112      0x147 /tmp/ccfonPMa.debug.temp.o
                                        0x8c1 (size before relaxing)
 .debug_str     0x0000000000004259      0x186 /tmp/ccww1PMd.debug.temp.o
                                        0x8f7 (size before relaxing)
 .debug_str     0x00000000000043df      0x3e7 /tmp/cc1xSbMK.debug.temp.o
                                        0xfb8 (size before relaxing)
 .debug_str     0x00000000000047c6      0x146 /tmp/ccjW8Rka.debug.temp.o
                                       0x1185 (size before relaxing)
 .debug_str     0x000000000000490c      0x139 /tmp/ccsVDw09.debug.temp.o
                                       0x1215 (size before relaxing)
 .debug_str     0x0000000000004a45      0x249 /tmp/ccYWCrLf.debug.temp.o
                                       0x1778 (size before relaxing)
 .debug_str     0x0000000000004c8e       0x3a /tmp/cckTeGKv.debug.temp.o
                                       0x1546 (size before relaxing)
 .debug_str     0x0000000000004cc8       0x95 /tmp/ccbrx4Sp.debug.temp.o
                                       0x15d7 (size before relaxing)
 .debug_str     0x0000000000004d5d      0x14f /tmp/ccqPLxH4.debug.temp.o
                                       0x13ca (size before relaxing)
 .debug_str     0x0000000000004eac      0x1fb /tmp/cchXaB92.debug.temp.o
                                       0x1a0b (size before relaxing)

.debug_loc      0x0000000000000000     0xaccc
 .debug_loc     0x0000000000000000     0xaccc /tmp/ch.elf.yBtE06.ltrans0.ltrans.o

.debug_ranges   0x0000000000000000     0x4c70
 .debug_ranges  0x0000000000000000     0x4c70 /tmp/ch.elf.yBtE06.ltrans0.ltrans.o

.debug_frame    0x0000000000000000     0x11bc
 .debug_frame   0x0000000000000000      0xd80 /tmp/ch.elf.yBtE06.ltrans0.ltrans.o
 .debug_frame   0x0000000000000d80       0x80 /home/rob/Projects/ChibiStudio/ChibiStudio_20/tools/GNU Tools ARM Embedded/9.2.1 2019q4/bin/../lib/gcc/arm-none-eabi/9.2.1/../../../../arm-none-eabi/lib/thumb/v7e-m/nofp/libg.a(lib_a-strtol.o)
 .debug_frame   0x0000000000000e00       0x38 /home/rob/Projects/ChibiStudio/ChibiStudio_20/tools/GNU Tools ARM Embedded/9.2.1 2019q4/bin/../lib/gcc/arm-none-eabi/9.2.1/../../../../arm-none-eabi/lib/thumb/v7e-m/nofp/libg.a(lib_a-memset.o)
 .debug_frame   0x0000000000000e38       0x40 /home/rob/Projects/ChibiStudio/ChibiStudio_20/tools/GNU Tools ARM Embedded/9.2.1 2019q4/bin/../lib/gcc/arm-none-eabi/9.2.1/../../../../arm-none-eabi/lib/thumb/v7e-m/nofp/libg.a(lib_a-strchr.o)
 .debug_frame   0x0000000000000e78       0x68 /home/rob/Projects/ChibiStudio/ChibiStudio_20/tools/GNU Tools ARM Embedded/9.2.1 2019q4/bin/../lib/gcc/arm-none-eabi/9.2.1/../../../../arm-none-eabi/lib/thumb/v7e-m/nofp/libg.a(lib_a-strcmp.o)
 .debug_frame   0x0000000000000ee0       0x34 /home/rob/Projects/ChibiStudio/ChibiStudio_20/tools/GNU Tools ARM Embedded/9.2.1 2019q4/bin/../lib/gcc/arm-none-eabi/9.2.1/../../../../arm-none-eabi/lib/thumb/v7e-m/nofp/libg.a(lib_a-strpbrk.o)
 .debug_frame   0x0000000000000f14       0x34 /home/rob/Projects/ChibiStudio/ChibiStudio_20/tools/GNU Tools ARM Embedded/9.2.1 2019q4/bin/../lib/gcc/arm-none-eabi/9.2.1/../../../../arm-none-eabi/lib/thumb/v7e-m/nofp/libg.a(lib_a-strspn.o)
 .debug_frame   0x0000000000000f48       0x88 /home/rob/Projects/ChibiStudio/ChibiStudio_20/tools/GNU Tools ARM Embedded/9.2.1 2019q4/bin/../lib/gcc/arm-none-eabi/9.2.1/../../../../arm-none-eabi/lib/thumb/v7e-m/nofp/libg.a(lib_a-strstr.o)
 .debug_frame   0x0000000000000fd0       0x3c /home/rob/Projects/ChibiStudio/ChibiStudio_20/tools/GNU Tools ARM Embedded/9.2.1 2019q4/bin/../lib/gcc/arm-none-eabi/9.2.1/../../../../arm-none-eabi/lib/thumb/v7e-m/nofp/libg.a(lib_a-memcmp.o)
 .debug_frame   0x000000000000100c       0x30 /home/rob/Projects/ChibiStudio/ChibiStudio_20/tools/GNU Tools ARM Embedded/9.2.1 2019q4/bin/../lib/gcc/arm-none-eabi/9.2.1/../../../../arm-none-eabi/lib/thumb/v7e-m/nofp/libg.a(lib_a-strnlen.o)
 .debug_frame   0x000000000000103c       0xac /home/rob/Projects/ChibiStudio/ChibiStudio_20/tools/GNU Tools ARM Embedded/9.2.1 2019q4/bin/../lib/gcc/arm-none-eabi/9.2.1/thumb/v7e-m/nofp/libgcc.a(_arm_addsubdf3.o)
 .debug_frame   0x00000000000010e8       0x50 /home/rob/Projects/ChibiStudio/ChibiStudio_20/tools/GNU Tools ARM Embedded/9.2.1 2019q4/bin/../lib/gcc/arm-none-eabi/9.2.1/thumb/v7e-m/nofp/libgcc.a(_arm_muldivdf3.o)
 .debug_frame   0x0000000000001138       0x24 /home/rob/Projects/ChibiStudio/ChibiStudio_20/tools/GNU Tools ARM Embedded/9.2.1 2019q4/bin/../lib/gcc/arm-none-eabi/9.2.1/thumb/v7e-m/nofp/libgcc.a(_arm_fixunsdfsi.o)
 .debug_frame   0x000000000000115c       0x2c /home/rob/Projects/ChibiStudio/ChibiStudio_20/tools/GNU Tools ARM Embedded/9.2.1 2019q4/bin/../lib/gcc/arm-none-eabi/9.2.1/thumb/v7e-m/nofp/libgcc.a(_aeabi_uldivmod.o)
 .debug_frame   0x0000000000001188       0x34 /home/rob/Projects/ChibiStudio/ChibiStudio_20/tools/GNU Tools ARM Embedded/9.2.1 2019q4/bin/../lib/gcc/arm-none-eabi/9.2.1/thumb/v7e-m/nofp/libgcc.a(_udivmoddi4.o)

Cross Reference Table

Symbol                                            File
BusFault_Handler                                  ./build/obj/vectors.o
DebugMon_Handler                                  ./build/obj/vectors.o
HardFault_Handler                                 ./build/obj/vectors.o
ICUD1                                             ./build/obj/hal_icu_lld.o (symbol from plugin)
ICUD2                                             ./build/obj/hal_icu_lld.o (symbol from plugin)
                                                  ./build/obj/main.o (symbol from plugin)
                                                  ./build/obj/comm.o (symbol from plugin)
MemManage_Handler                                 ./build/obj/vectors.o
NMI_Handler                                       ./build/obj/vectors.o
PendSV_Handler                                    ./build/obj/vectors.o
Reset_Handler                                     ./build/obj/vectors.o
SD1                                               ./build/obj/hal_serial_lld.o (symbol from plugin)
                                                  ./build/obj/main.o (symbol from plugin)
                                                  ./build/obj/comm.o (symbol from plugin)
SD2                                               ./build/obj/hal_serial_lld.o (symbol from plugin)
                                                  ./build/obj/main.o (symbol from plugin)
                                                  ./build/obj/comm.o (symbol from plugin)
SD6                                               ./build/obj/hal_serial_lld.o (symbol from plugin)
SDU1                                              ./build/obj/usbcfg.o (symbol from plugin)
                                                  ./build/obj/main.o (symbol from plugin)
SVC_Handler                                       /tmp/ch.elf.yBtE06.ltrans0.ltrans.o
                                                  ./build/obj/chcore_v7m.o (symbol from plugin)
                                                  ./build/obj/vectors.o
SecureFault_Handler                               ./build/obj/vectors.o
SysTick_Handler                                   ./build/obj/vectors.o
SystemCoreClock                                   ./build/obj/hal_lld.o (symbol from plugin)
USBD1                                             ./build/obj/hal_usb_lld.o (symbol from plugin)
                                                  ./build/obj/usbcfg.o (symbol from plugin)
UsageFault_Handler                                ./build/obj/vectors.o
Vector100                                         ./build/obj/vectors.o
Vector104                                         ./build/obj/vectors.o
Vector108                                         /tmp/ch.elf.yBtE06.ltrans0.ltrans.o
                                                  ./build/obj/hal_st_lld.o (symbol from plugin)