Archive member included to satisfy reference by file (symbol)

/home/rob/Projects/ChibiStudio/ChibiStudio_20/tools/GNU Tools ARM Embedded/9.2.1 2019q4/bin/../lib/gcc/arm-none-eabi/9.2.1/../../../../arm-none-eabi/lib/thumb/v7e-m/nofp/libg.a(lib_a-ctype_.o)
                              ./build/obj/chscanf.o (symbol from plugin) (_ctype_)
/home/rob/Projects/ChibiStudio/ChibiStudio_20/tools/GNU Tools ARM Embedded/9.2.1 2019q4/bin/../lib/gcc/arm-none-eabi/9.2.1/../../../../arm-none-eabi/lib/thumb/v7e-m/nofp/libg.a(lib_a-strtol.o)
                              ./build/obj/comm.o (symbol from plugin) (strtol)
/home/rob/Projects/ChibiStudio/ChibiStudio_20/tools/GNU Tools ARM Embedded/9.2.1 2019q4/bin/../lib/gcc/arm-none-eabi/9.2.1/../../../../arm-none-eabi/lib/thumb/v7e-m/nofp/libg.a(lib_a-impure.o)
                              /home/rob/Projects/ChibiStudio/ChibiStudio_20/tools/GNU Tools ARM Embedded/9.2.1 2019q4/bin/../lib/gcc/arm-none-eabi/9.2.1/../../../../arm-none-eabi/lib/thumb/v7e-m/nofp/libg.a(lib_a-strtol.o) (_impure_ptr)
/home/rob/Projects/ChibiStudio/ChibiStudio_20/tools/GNU Tools ARM Embedded/9.2.1 2019q4/bin/../lib/gcc/arm-none-eabi/9.2.1/thumb/v7e-m/nofp/libgcc.a(_arm_muldf3.o)
                              /tmp/ch.elf.njXWwS.ltrans0.ltrans.o (__aeabi_dmul)
/home/rob/Projects/ChibiStudio/ChibiStudio_20/tools/GNU Tools ARM Embedded/9.2.1 2019q4/bin/../lib/gcc/arm-none-eabi/9.2.1/thumb/v7e-m/nofp/libgcc.a(_arm_addsubdf3.o)
                              /tmp/ch.elf.njXWwS.ltrans0.ltrans.o (__aeabi_ui2d)
/home/rob/Projects/ChibiStudio/ChibiStudio_20/tools/GNU Tools ARM Embedded/9.2.1 2019q4/bin/../lib/gcc/arm-none-eabi/9.2.1/thumb/v7e-m/nofp/libgcc.a(_arm_muldivdf3.o)
                              /tmp/ch.elf.njXWwS.ltrans0.ltrans.o (__aeabi_ddiv)
/home/rob/Projects/ChibiStudio/ChibiStudio_20/tools/GNU Tools ARM Embedded/9.2.1 2019q4/bin/../lib/gcc/arm-none-eabi/9.2.1/thumb/v7e-m/nofp/libgcc.a(_arm_fixunsdfsi.o)
                              /tmp/ch.elf.njXWwS.ltrans0.ltrans.o (__aeabi_d2uiz)
/home/rob/Projects/ChibiStudio/ChibiStudio_20/tools/GNU Tools ARM Embedded/9.2.1 2019q4/bin/../lib/gcc/arm-none-eabi/9.2.1/thumb/v7e-m/nofp/libgcc.a(_aeabi_ldivmod.o)
                              /tmp/ch.elf.njXWwS.ltrans0.ltrans.o (__aeabi_ldivmod)
/home/rob/Projects/ChibiStudio/ChibiStudio_20/tools/GNU Tools ARM Embedded/9.2.1 2019q4/bin/../lib/gcc/arm-none-eabi/9.2.1/thumb/v7e-m/nofp/libgcc.a(_aeabi_uldivmod.o)
                              /tmp/ch.elf.njXWwS.ltrans0.ltrans.o (__aeabi_uldivmod)
/home/rob/Projects/ChibiStudio/ChibiStudio_20/tools/GNU Tools ARM Embedded/9.2.1 2019q4/bin/../lib/gcc/arm-none-eabi/9.2.1/thumb/v7e-m/nofp/libgcc.a(_udivmoddi4.o)
                              /home/rob/Projects/ChibiStudio/ChibiStudio_20/tools/GNU Tools ARM Embedded/9.2.1 2019q4/bin/../lib/gcc/arm-none-eabi/9.2.1/thumb/v7e-m/nofp/libgcc.a(_aeabi_ldivmod.o) (__udivmoddi4)
/home/rob/Projects/ChibiStudio/ChibiStudio_20/tools/GNU Tools ARM Embedded/9.2.1 2019q4/bin/../lib/gcc/arm-none-eabi/9.2.1/thumb/v7e-m/nofp/libgcc.a(_dvmd_tls.o)
                              /home/rob/Projects/ChibiStudio/ChibiStudio_20/tools/GNU Tools ARM Embedded/9.2.1 2019q4/bin/../lib/gcc/arm-none-eabi/9.2.1/thumb/v7e-m/nofp/libgcc.a(_aeabi_ldivmod.o) (__aeabi_ldiv0)
/home/rob/Projects/ChibiStudio/ChibiStudio_20/tools/GNU Tools ARM Embedded/9.2.1 2019q4/bin/../lib/gcc/arm-none-eabi/9.2.1/../../../../arm-none-eabi/lib/thumb/v7e-m/nofp/libg.a(lib_a-memcpy.o)
                              /tmp/ch.elf.njXWwS.ltrans0.ltrans.o (memcpy)
/home/rob/Projects/ChibiStudio/ChibiStudio_20/tools/GNU Tools ARM Embedded/9.2.1 2019q4/bin/../lib/gcc/arm-none-eabi/9.2.1/../../../../arm-none-eabi/lib/thumb/v7e-m/nofp/libg.a(lib_a-memset.o)
                              /tmp/ch.elf.njXWwS.ltrans0.ltrans.o (memset)
/home/rob/Projects/ChibiStudio/ChibiStudio_20/tools/GNU Tools ARM Embedded/9.2.1 2019q4/bin/../lib/gcc/arm-none-eabi/9.2.1/../../../../arm-none-eabi/lib/thumb/v7e-m/nofp/libg.a(lib_a-strchr.o)
                              /tmp/ch.elf.njXWwS.ltrans0.ltrans.o (strchr)
/home/rob/Projects/ChibiStudio/ChibiStudio_20/tools/GNU Tools ARM Embedded/9.2.1 2019q4/bin/../lib/gcc/arm-none-eabi/9.2.1/../../../../arm-none-eabi/lib/thumb/v7e-m/nofp/libg.a(lib_a-strcmp.o)
                              /tmp/ch.elf.njXWwS.ltrans0.ltrans.o (strcmp)
/home/rob/Projects/ChibiStudio/ChibiStudio_20/tools/GNU Tools ARM Embedded/9.2.1 2019q4/bin/../lib/gcc/arm-none-eabi/9.2.1/../../../../arm-none-eabi/lib/thumb/v7e-m/nofp/libg.a(lib_a-strlen.o)
                              /tmp/ch.elf.njXWwS.ltrans0.ltrans.o (strlen)
/home/rob/Projects/ChibiStudio/ChibiStudio_20/tools/GNU Tools ARM Embedded/9.2.1 2019q4/bin/../lib/gcc/arm-none-eabi/9.2.1/../../../../arm-none-eabi/lib/thumb/v7e-m/nofp/libg.a(lib_a-strpbrk.o)
                              /tmp/ch.elf.njXWwS.ltrans0.ltrans.o (strpbrk)
[...]
Memory Configuration

Name             Origin             Length             Attributes
flash0           0x0000000008000000 0x0000000000040000 xr
flash1           0x0000000000000000 0x0000000000000000 xr
flash2           0x0000000000000000 0x0000000000000000 xr
flash3           0x0000000000000000 0x0000000000000000 xr
flash4           0x0000000000000000 0x0000000000000000 xr
flash5           0x0000000000000000 0x0000000000000000 xr
flash6           0x0000000000000000 0x0000000000000000 xr
flash7           0x0000000000000000 0x0000000000000000 xr
ram0             0x0000000020000000 0x0000000000010000 xw
ram1             0x0000000000000000 0x0000000000000000 xw
ram2             0x0000000000000000 0x0000000000000000 xw
ram3             0x0000000000000000 0x0000000000000000 xw
ram4             0x0000000000000000 0x0000000000000000 xw
ram5             0x0000000000000000 0x0000000000000000 xw
ram6             0x0000000000000000 0x0000000000000000 xw
ram7             0x0000000000000000 0x0000000000000000 xw
*default*        0x0000000000000000 0xffffffffffffffff

Linker script and memory map

LOAD ./build/obj/crt0_v7m.o
LOAD ./build/obj/vectors.o
LOAD ./build/obj/chcoreasm_v7m.o
LOAD /tmp/ch.elf.njXWwS.ltrans0.ltrans.o
LOAD /tmp/ccxjCo8H.debug.temp.o
LOAD /tmp/cc3Y86vA.debug.temp.o
LOAD /tmp/ccwD3Y30.debug.temp.o
LOAD /tmp/ccsF5LJs.debug.temp.o
LOAD /tmp/ccxcVOE0.debug.temp.o
LOAD /tmp/cc2WSp1U.debug.temp.o
LOAD /tmp/cc5X6Ejn.debug.temp.o
LOAD /tmp/cciMkaFt.debug.temp.o
LOAD /tmp/ccEB9EoA.debug.temp.o
LOAD /tmp/ccCCgqg3.debug.temp.o
LOAD /tmp/ccvR8viG.debug.temp.o
LOAD /tmp/ccmbYMzu.debug.temp.o
LOAD /tmp/ccF0J3t3.debug.temp.o
LOAD /tmp/ccMwqah8.debug.temp.o
LOAD /tmp/cczqTG2n.debug.temp.o
LOAD /tmp/ccFebRhp.debug.temp.o
LOAD /tmp/cc2hwGRR.debug.temp.o
LOAD /tmp/ccc2yOWq.debug.temp.o
LOAD /tmp/ccaJN5nW.debug.temp.o
LOAD /tmp/ccqLPIj5.debug.temp.o
LOAD /tmp/ccksPySK.debug.temp.o
LOAD /tmp/ccTPDMtd.debug.temp.o
LOAD /tmp/ccN4QhNE.debug.temp.o
LOAD /tmp/ccsXVo8i.debug.temp.o
LOAD /tmp/ccpNEE3p.debug.temp.o
LOAD /tmp/ccAZaTFv.debug.temp.o
LOAD /tmp/cctmZS9y.debug.temp.o
LOAD /tmp/cc7koUxj.debug.temp.o
LOAD /tmp/ccUiieuk.debug.temp.o
LOAD /tmp/ccqfJevx.debug.temp.o
LOAD /tmp/cc7HDSfY.debug.temp.o
LOAD /tmp/ccFID1v0.debug.temp.o
LOAD /tmp/ccFavjRf.debug.temp.o
LOAD /tmp/ccAYC8h0.debug.temp.o
LOAD /tmp/ccPNqzAI.debug.temp.o
LOAD /tmp/ccKinuzD.debug.temp.o
LOAD /tmp/cc9ZAC44.debug.temp.o
LOAD /tmp/ccr8axDM.debug.temp.o
LOAD /tmp/cch4kiTk.debug.temp.o
LOAD /tmp/cchHWzVJ.debug.temp.o
LOAD /tmp/ccvsw5bI.debug.temp.o
LOAD /tmp/ccPfmKNO.debug.temp.o
LOAD /tmp/ccv1ic7G.debug.temp.o
LOAD /tmp/ccQkyk0g.debug.temp.o
LOAD /tmp/cc5PthS1.debug.temp.o
LOAD /tmp/cct55TNt.debug.temp.o
LOAD /tmp/ccN3POR0.debug.temp.o
LOAD /tmp/ccv89NRr.debug.temp.o
LOAD /tmp/ccEKX7N5.debug.temp.o
LOAD /tmp/ccFMRbRm.debug.temp.o
LOAD /tmp/ccb6bK4F.debug.temp.o
LOAD /tmp/cc54w3Fy.debug.temp.o
LOAD /tmp/ccFqUG4u.debug.temp.o
LOAD /tmp/ccI4UStV.debug.temp.o
LOAD /tmp/ccmacPYx.debug.temp.o
LOAD /tmp/ccDKojdZ.debug.temp.o
LOAD /tmp/ccfW87H8.debug.temp.o
LOAD /tmp/cc5fs6RR.debug.temp.o
LOAD /tmp/ccbtHsLr.debug.temp.o
LOAD /tmp/ccSIRXs1.debug.temp.o

.mstack         0x0000000020000000      0x400
                0x0000000020000000                . = ALIGN (0x8)
                0x0000000020000000                __main_stack_base__ = .
                0x0000000020000400                . = (. + __main_stack_size__)
 *fill*         0x0000000020000000      0x400 
                0x0000000020000400                . = ALIGN (0x8)
                0x0000000020000400                __main_stack_end__ = .

.pstack         0x0000000020000400      0x400
                0x0000000020000400                . = ALIGN (0x8)
                0x0000000020000400                __process_stack_base__ = .
                0x0000000020000400                __main_thread_stack_base__ = .
                0x0000000020000800                . = (. + __process_stack_size__)
 *fill*         0x0000000020000400      0x400 
                0x0000000020000800                . = ALIGN (0x8)
                0x0000000020000800                __process_stack_end__ = .
                0x0000000020000800                __main_thread_stack_end__ = .

.vectors        0x0000000008000000      0x1e0
 *(.vectors)
 .vectors       0x0000000008000000      0x1e0 ./build/obj/vectors.o
                0x0000000008000000                _vectors

.xtors          0x00000000080001e0        0x0
                0x00000000080001e0                __init_array_base__ = .
 *(SORT_BY_NAME(.init_array.*))
 *(.init_array)
                0x00000000080001e0                __init_array_end__ = .
                0x00000000080001e0                __fini_array_base__ = .
 *(.fini_array)
 *(SORT_BY_NAME(.fini_array.*))
                0x00000000080001e0                __fini_array_end__ = .

.text           0x0000000008000200     0x6850
                0x0000000008000200                __text_base__ = .
 *(.text)
 .text          0x0000000008000200       0xd8 ./build/obj/crt0_v7m.o
                0x0000000008000200                _crt0_entry
 .text          0x00000000080002d8        0x8 ./build/obj/vectors.o
                0x00000000080002d8                Reset_Handler
                0x00000000080002da                VectorE8
                0x00000000080002da                DebugMon_Handler
                0x00000000080002da                Vector1A0
                0x00000000080002da                Vector11C
                0x00000000080002da                HardFault_Handler
                0x00000000080002da                Vector1B8
                0x00000000080002da                Vector19C
                0x00000000080002da                Vector8C
                0x00000000080002da                SysTick_Handler
                0x00000000080002da                VectorDC
                0x00000000080002da                PendSV_Handler
                0x00000000080002da                Vector168
                0x00000000080002da                NMI_Handler
                0x00000000080002da                Vector110
                0x00000000080002da                Vector1D8
                0x00000000080002da                VectorC8
                0x00000000080002da                Vector94
                0x00000000080002da                VectorA8
                0x00000000080002da                VectorB4
                0x00000000080002da                Vector160
                0x00000000080002da                Vector1B0
                0x00000000080002da                UsageFault_Handler
                0x00000000080002da                VectorEC
                0x00000000080002da                Vector40
                0x00000000080002da                VectorF8
                0x00000000080002da                VectorBC
                0x00000000080002da                Vector190
                0x00000000080002da                Vector1C4
                0x00000000080002da                Vector1CC
                0x00000000080002da                Vector148
                0x00000000080002da                Vector188
                0x00000000080002da                Vector198
                0x00000000080002da                Vector118
                0x00000000080002da                VectorCC
                0x00000000080002da                Vector54
                0x00000000080002da                Vector98
                0x00000000080002da                Vector138
                0x00000000080002da                Vector24
                0x00000000080002da                Vector1AC
                0x00000000080002da                Vector178
                0x00000000080002da                SecureFault_Handler
                0x00000000080002da                Vector1A4
                0x00000000080002da                VectorD0
                0x00000000080002da                Vector1B4
                0x00000000080002da                Vector140
                0x00000000080002da                VectorE4
                0x00000000080002da                VectorC0
                0x00000000080002da                Vector1C0
                0x00000000080002da                Vector134
                0x00000000080002da                Vector1D0
                0x00000000080002da                VectorF0
                0x00000000080002da                Vector13C
                0x00000000080002da                Vector100
                0x00000000080002da                VectorF4
                0x00000000080002da                MemManage_Handler
                0x00000000080002da                VectorA0
                0x00000000080002da                VectorC4
                0x00000000080002da                Vector180
                0x00000000080002da                Vector90
                0x00000000080002da                Vector114
                0x00000000080002da                Vector164
                0x00000000080002da                Vector1BC
                0x00000000080002da                Vector1D4
                0x00000000080002da                Vector17C
                0x00000000080002da                Vector48
                0x00000000080002da                Vector1A8
                0x00000000080002da                Vector16C
                0x00000000080002da                Vector4C
                0x00000000080002da                Vector144
                0x00000000080002da                Vector170
                0x00000000080002da                Vector88
                0x00000000080002da                Vector104
                0x00000000080002da                Vector184
                0x00000000080002da                Vector10C
                0x00000000080002da                BusFault_Handler
                0x00000000080002da                Vector50
                0x00000000080002da                Vector1C8
                0x00000000080002da                Vector194
                0x00000000080002da                Vector1DC
                0x00000000080002da                Vector44
                0x00000000080002da                Vector28
                0x00000000080002da                VectorB8
                0x00000000080002da                Vector34
                0x00000000080002da                Vector20
                0x00000000080002da                Vector18C
                0x00000000080002da                Vector174
                0x00000000080002de                _unhandled_exception
 .text          0x00000000080002e0       0x2a ./build/obj/chcoreasm_v7m.o
                0x00000000080002e0                _port_switch
                0x00000000080002f0                _port_thread_start
                0x0000000008000302                _port_switch_from_isr
                0x0000000008000306                _port_exit_from_isr
 *fill*         0x000000000800030a        0x2 
 .text          0x000000000800030c      0x134 /home/rob/Projects/ChibiStudio/ChibiStudio_20/tools/GNU Tools ARM Embedded/9.2.1 2019q4/bin/../lib/gcc/arm-none-eabi/9.2.1/../../../../arm-none-eabi/lib/thumb/v7e-m/nofp/libg.a(lib_a-memcpy.o)
                0x000000000800030c                memcpy
 .text          0x0000000008000440      0x2dc /home/rob/Projects/ChibiStudio/ChibiStudio_20/tools/GNU Tools ARM Embedded/9.2.1 2019q4/bin/../lib/gcc/arm-none-eabi/9.2.1/../../../../arm-none-eabi/lib/thumb/v7e-m/nofp/libg.a(lib_a-strcmp.o)
                0x0000000008000448                strcmp
 *fill*         0x000000000800071c       0x24 
 .text          0x0000000008000740       0xdc /home/rob/Projects/ChibiStudio/ChibiStudio_20/tools/GNU Tools ARM Embedded/9.2.1 2019q4/bin/../lib/gcc/arm-none-eabi/9.2.1/../../../../arm-none-eabi/lib/thumb/v7e-m/nofp/libg.a(lib_a-strlen.o)
                0x0000000008000740                strlen
 .text          0x000000000800081c      0x378 /home/rob/Projects/ChibiStudio/ChibiStudio_20/tools/GNU Tools ARM Embedded/9.2.1 2019q4/bin/../lib/gcc/arm-none-eabi/9.2.1/thumb/v7e-m/nofp/libgcc.a(_arm_addsubdf3.o)
                0x000000000800081c                __aeabi_drsub
                0x0000000008000824                __aeabi_dsub
                0x0000000008000824                __subdf3
                0x0000000008000828                __adddf3
                0x0000000008000828                __aeabi_dadd
                0x0000000008000aa0                __aeabi_ui2d
                0x0000000008000aa0                __floatunsidf
                0x0000000008000ac0                __floatsidf
                0x0000000008000ac0                __aeabi_i2d
                0x0000000008000ae4                __extendsfdf2
                0x0000000008000ae4                __aeabi_f2d
                0x0000000008000b28                __aeabi_ul2d
                0x0000000008000b28                __floatundidf
                0x0000000008000b38                __floatdidf
                0x0000000008000b38                __aeabi_l2d
 .text          0x0000000008000b94      0x424 /home/rob/Projects/ChibiStudio/ChibiStudio_20/tools/GNU Tools ARM Embedded/9.2.1 2019q4/bin/../lib/gcc/arm-none-eabi/9.2.1/thumb/v7e-m/nofp/libgcc.a(_arm_muldivdf3.o)
                0x0000000008000b94                __aeabi_dmul
                0x0000000008000b94                __muldf3
                0x0000000008000de8                __aeabi_ddiv
                0x0000000008000de8                __divdf3
 .text          0x0000000008000fb8       0x40 /home/rob/Projects/ChibiStudio/ChibiStudio_20/tools/GNU Tools ARM Embedded/9.2.1 2019q4/bin/../lib/gcc/arm-none-eabi/9.2.1/thumb/v7e-m/nofp/libgcc.a(_arm_fixunsdfsi.o)
                0x0000000008000fb8                __fixunsdfsi
                0x0000000008000fb8                __aeabi_d2uiz
 .text          0x0000000008000ff8       0x30 /home/rob/Projects/ChibiStudio/ChibiStudio_20/tools/GNU Tools ARM Embedded/9.2.1 2019q4/bin/../lib/gcc/arm-none-eabi/9.2.1/thumb/v7e-m/nofp/libgcc.a(_aeabi_uldivmod.o)
                0x0000000008000ff8                __aeabi_uldivmod
 .text          0x0000000008001028      0x2c0 /home/rob/Projects/ChibiStudio/ChibiStudio_20/tools/GNU Tools ARM Embedded/9.2.1 2019q4/bin/../lib/gcc/arm-none-eabi/9.2.1/thumb/v7e-m/nofp/libgcc.a(_udivmoddi4.o)
                0x0000000008001028                __udivmoddi4
 .text          0x00000000080012e8        0x4 /home/rob/Projects/ChibiStudio/ChibiStudio_20/tools/GNU Tools ARM Embedded/9.2.1 2019q4/bin/../lib/gcc/arm-none-eabi/9.2.1/thumb/v7e-m/nofp/libgcc.a(_dvmd_tls.o)
                0x00000000080012e8                __aeabi_ldiv0
                0x00000000080012e8                __aeabi_idiv0
 *(.text.*)
 *fill*         0x00000000080012ec        0x4 
 .text.icu_lld_enable_notifications.constprop.0
                0x00000000080012f0       0x40 /tmp/ch.elf.njXWwS.ltrans0.ltrans.o
 .text.dmaStreamAllocI.part.0.constprop.0
                0x0000000008001330       0xd0 /tmp/ch.elf.njXWwS.ltrans0.ltrans.o
 .text._pal_lld_enablepadevent.constprop.0
                0x0000000008001400       0x4c /tmp/ch.elf.njXWwS.ltrans0.ltrans.o
 *fill*         0x000000000800144c        0x4 
 .text.otg_txfifo_handler.constprop.0
                0x0000000008001450       0x90 /tmp/ch.elf.njXWwS.ltrans0.ltrans.o
 .text.chCoreAllocFromTop
                0x00000000080014e0       0x3c /tmp/ch.elf.njXWwS.ltrans0.ltrans.o
 *fill*         0x000000000800151c        0x4 
 .text.icuperiodcb1
                0x0000000008001520       0x34 /tmp/ch.elf.njXWwS.ltrans0.ltrans.o
 *fill*         0x0000000008001554        0xc 
 .text.icuwidthcb1
                0x0000000008001560       0x20 /tmp/ch.elf.njXWwS.ltrans0.ltrans.o
 .text.vt_cb    0x0000000008001580       0x38 /tmp/ch.elf.njXWwS.ltrans0.ltrans.o
 *fill*         0x00000000080015b8        0x8 
 .text.requests_hook
                0x00000000080015c0       0x5c /tmp/ch.elf.njXWwS.ltrans0.ltrans.o
 *fill*         0x000000000800161c        0x4 
 .text.get_descriptor
                0x0000000008001620       0x34 /tmp/ch.elf.njXWwS.ltrans0.ltrans.o
 *fill*         0x0000000008001654        0xc 
 .text._port_irq_epilogue
                0x0000000008001660       0x4c /tmp/ch.elf.njXWwS.ltrans0.ltrans.o
 *fill*         0x00000000080016ac        0x4 
 .text.chCoreAllocAlignedI
                0x00000000080016b0       0x28 /tmp/ch.elf.njXWwS.ltrans0.ltrans.o
 *fill*         0x00000000080016d8        0x8 
 .text.chTMStopMeasurementX
                0x00000000080016e0       0x44 /tmp/ch.elf.njXWwS.ltrans0.ltrans.o
 *fill*         0x0000000008001724        0xc 
 .text.chTMStartMeasurementX
                0x0000000008001730        0xc /tmp/ch.elf.njXWwS.ltrans0.ltrans.o
 *fill*         0x000000000800173c        0x4 
 .text.chThdCreateSuspendedI
                0x0000000008001740       0x78 /tmp/ch.elf.njXWwS.ltrans0.ltrans.o
 *fill*         0x00000000080017b8        0x8 
 .text.wakeup   0x00000000080017c0       0x6c /tmp/ch.elf.njXWwS.ltrans0.ltrans.o
 *fill*         0x000000000800182c        0x4 
 .text.chSchReadyI
                0x0000000008001830       0x24 /tmp/ch.elf.njXWwS.ltrans0.ltrans.o
 *fill*         0x0000000008001854        0xc 
 .text.chThdDequeueAllI.constprop.0
                0x0000000008001860       0x24 /tmp/ch.elf.njXWwS.ltrans0.ltrans.o
 *fill*         0x0000000008001884        0xc 
 .text.chEvtBroadcastFlagsI
                0x0000000008001890       0x58 /tmp/ch.elf.njXWwS.ltrans0.ltrans.o
 *fill*         0x00000000080018e8        0x8 
 .text.chVTDoResetI
                0x00000000080018f0       0x74 /tmp/ch.elf.njXWwS.ltrans0.ltrans.o
 *fill*         0x0000000008001964        0xc 
 .text.chVTDoSetI
                0x0000000008001970       0x84 /tmp/ch.elf.njXWwS.ltrans0.ltrans.o
 *fill*         0x00000000080019f4        0xc 
 .text.button_cb
                0x0000000008001a00       0xb4 /tmp/ch.elf.njXWwS.ltrans0.ltrans.o
 *fill*         0x0000000008001ab4        0xc 
 .text.chSysPolledDelayX
                0x0000000008001ac0       0x14 /tmp/ch.elf.njXWwS.ltrans0.ltrans.o
 *fill*         0x0000000008001ad4        0xc 
 .text._idle_thread
                0x0000000008001ae0        0x4 /tmp/ch.elf.njXWwS.ltrans0.ltrans.o
 *fill*         0x0000000008001ae4        0xc 
 .text.serve_usart_irq
                0x0000000008001af0       0x90 /tmp/ch.elf.njXWwS.ltrans0.ltrans.o
 .text.uart_lld_serve_tx_end_irq
                0x0000000008001b80       0x54 /tmp/ch.elf.njXWwS.ltrans0.ltrans.o
 *fill*         0x0000000008001bd4        0xc 
 .text.uart_lld_serve_rx_end_irq
                0x0000000008001be0       0x90 /tmp/ch.elf.njXWwS.ltrans0.ltrans.o
 .text.usart_stop
                0x0000000008001c70       0x48 /tmp/ch.elf.njXWwS.ltrans0.ltrans.o
 *fill*         0x0000000008001cb8        0x8 
 .text.icu_lld_serve_interrupt
                0x0000000008001cc0       0x8c /tmp/ch.elf.njXWwS.ltrans0.ltrans.o
 *fill*         0x0000000008001d4c        0x4 
 .text.usb_lld_start_in
                0x0000000008001d50       0xa0 /tmp/ch.elf.njXWwS.ltrans0.ltrans.o
 .text.otg_epin_handler.constprop.0
                0x0000000008001df0       0x88 /tmp/ch.elf.njXWwS.ltrans0.ltrans.o
 *fill*         0x0000000008001e78        0x8 
 .text.usb_lld_start_out
                0x0000000008001e80       0x80 /tmp/ch.elf.njXWwS.ltrans0.ltrans.o
 .text.otg_epout_handler.constprop.0
                0x0000000008001f00       0x9c /tmp/ch.elf.njXWwS.ltrans0.ltrans.o
 *fill*         0x0000000008001f9c        0x4 
 .text._pal_lld_setgroupmode
                0x0000000008001fa0       0xd0 /tmp/ch.elf.njXWwS.ltrans0.ltrans.o
 .text.dmaStreamFreeI
                0x0000000008002070       0x80 /tmp/ch.elf.njXWwS.ltrans0.ltrans.o
 .text._usb_ep0out
                0x00000000080020f0       0x94 /tmp/ch.elf.njXWwS.ltrans0.ltrans.o
 *fill*         0x0000000008002184        0xc 
 .text._usb_ep0in
                0x0000000008002190       0xd8 /tmp/ch.elf.njXWwS.ltrans0.ltrans.o
 *fill*         0x0000000008002268        0x8 
 .text.usbStartTransmitI
                0x0000000008002270       0x28 /tmp/ch.elf.njXWwS.ltrans0.ltrans.o
 *fill*         0x0000000008002298        0x8 
 .text.usbDisableEndpointsI
                0x00000000080022a0       0x70 /tmp/ch.elf.njXWwS.ltrans0.ltrans.o
 .text.uartStart
                0x0000000008002310      0x20c /tmp/ch.elf.njXWwS.ltrans0.ltrans.o
 *fill*         0x000000000800251c        0x4 
 .text.sduInterruptTransmitted
                0x0000000008002520        0x4 /tmp/ch.elf.njXWwS.ltrans0.ltrans.o
 *fill*         0x0000000008002524        0xc 
 .text._ctl     0x0000000008002530        0x4 /tmp/ch.elf.njXWwS.ltrans0.ltrans.o
 *fill*         0x0000000008002534        0xc 
 .text.sdu_start_receive
                0x0000000008002540       0x64 /tmp/ch.elf.njXWwS.ltrans0.ltrans.o
 *fill*         0x00000000080025a4        0xc 
 .text.ibnotify
                0x00000000080025b0        0x8 /tmp/ch.elf.njXWwS.ltrans0.ltrans.o
 *fill*         0x00000000080025b8        0x8 
 .text.sduDataReceived
                0x00000000080025c0       0x74 /tmp/ch.elf.njXWwS.ltrans0.ltrans.o
 *fill*         0x0000000008002634        0xc 
 .text.obqGetFullBufferI
                0x0000000008002640       0x1c /tmp/ch.elf.njXWwS.ltrans0.ltrans.o
 *fill*         0x000000000800265c        0x4 
 .text.obnotify
                0x0000000008002660       0x44 /tmp/ch.elf.njXWwS.ltrans0.ltrans.o
 *fill*         0x00000000080026a4        0xc 
 .text.sof_handler
                0x00000000080026b0       0x90 /tmp/ch.elf.njXWwS.ltrans0.ltrans.o
 .text.sduDataTransmitted
                0x0000000008002740       0xb4 /tmp/ch.elf.njXWwS.ltrans0.ltrans.o
 *fill*         0x00000000080027f4        0xc 
 .text.icu_lld_start.constprop.0
                0x0000000008002800       0xe4 /tmp/ch.elf.njXWwS.ltrans0.ltrans.o
 *fill*         0x00000000080028e4        0xc 
 .text.chSchWakeupS.constprop.0
                0x00000000080028f0       0x58 /tmp/ch.elf.njXWwS.ltrans0.ltrans.o
 *fill*         0x0000000008002948        0x8 
 .text.chThdCreateStatic.constprop.0
                0x0000000008002950       0x80 /tmp/ch.elf.njXWwS.ltrans0.ltrans.o
 .text.chSchGoSleepS
                0x00000000080029d0       0x28 /tmp/ch.elf.njXWwS.ltrans0.ltrans.o
 *fill*         0x00000000080029f8        0x8 
 .text.chMtxLockS
                0x0000000008002a00       0xc0 /tmp/ch.elf.njXWwS.ltrans0.ltrans.o
 .text.chThdExitS
                0x0000000008002ac0       0x48 /tmp/ch.elf.njXWwS.ltrans0.ltrans.o
 *fill*         0x0000000008002b08        0x8 
 .text.chSchGoSleepTimeoutS
                0x0000000008002b10       0x44 /tmp/ch.elf.njXWwS.ltrans0.ltrans.o
 *fill*         0x0000000008002b54        0xc 
 .text.chThdSleep
                0x0000000008002b60       0x18 /tmp/ch.elf.njXWwS.ltrans0.ltrans.o
 *fill*         0x0000000008002b78        0x8 
 .text.ibqGetFullBufferTimeoutS
                0x0000000008002b80       0x50 /tmp/ch.elf.njXWwS.ltrans0.ltrans.o
 .text.ibqGetTimeout
                0x0000000008002bd0       0x5c /tmp/ch.elf.njXWwS.ltrans0.ltrans.o
 *fill*         0x0000000008002c2c        0x4 
 .text._gett    0x0000000008002c30        0x8 /tmp/ch.elf.njXWwS.ltrans0.ltrans.o
 *fill*         0x0000000008002c38        0x8 
 .text._get     0x0000000008002c40        0xc /tmp/ch.elf.njXWwS.ltrans0.ltrans.o
 *fill*         0x0000000008002c4c        0x4 
 .text.obqGetEmptyBufferTimeoutS
                0x0000000008002c50       0x50 /tmp/ch.elf.njXWwS.ltrans0.ltrans.o
 .text.obqPutTimeout
                0x0000000008002ca0       0x64 /tmp/ch.elf.njXWwS.ltrans0.ltrans.o
 *fill*         0x0000000008002d04        0xc 
 .text._putt    0x0000000008002d10        0x8 /tmp/ch.elf.njXWwS.ltrans0.ltrans.o
 *fill*         0x0000000008002d18        0x8 
 .text._put     0x0000000008002d20        0xc /tmp/ch.elf.njXWwS.ltrans0.ltrans.o
 *fill*         0x0000000008002d2c        0x4 
 .text.usbInitEndpointI
                0x0000000008002d30      0x174 /tmp/ch.elf.njXWwS.ltrans0.ltrans.o
 *fill*         0x0000000008002ea4        0xc 
 .text.usb_event
                0x0000000008002eb0       0xf4 /tmp/ch.elf.njXWwS.ltrans0.ltrans.o
 *fill*         0x0000000008002fa4        0xc 
 .text.get_history
                0x0000000008002fb0       0xf4 /tmp/ch.elf.njXWwS.ltrans0.ltrans.o
 *fill*         0x00000000080030a4        0xc 
 .text._usb_ep0setup
                0x00000000080030b0      0x39c /tmp/ch.elf.njXWwS.ltrans0.ltrans.o
 *fill*         0x000000000800344c        0x4 
 .text.obqWriteTimeout
                0x0000000008003450       0xd8 /tmp/ch.elf.njXWwS.ltrans0.ltrans.o
 *fill*         0x0000000008003528        0x8 
 .text._writet  0x0000000008003530        0x8 /tmp/ch.elf.njXWwS.ltrans0.ltrans.o
 *fill*         0x0000000008003538        0x8 
 .text._write   0x0000000008003540        0xc /tmp/ch.elf.njXWwS.ltrans0.ltrans.o
 *fill*         0x000000000800354c        0x4 
 .text.ibqReadTimeout
                0x0000000008003550       0xcc /tmp/ch.elf.njXWwS.ltrans0.ltrans.o
 *fill*         0x000000000800361c        0x4 
 .text._readt   0x0000000008003620        0x8 /tmp/ch.elf.njXWwS.ltrans0.ltrans.o
 *fill*         0x0000000008003628        0x8 
 .text._read    0x0000000008003630        0xc /tmp/ch.elf.njXWwS.ltrans0.ltrans.o
 *fill*         0x000000000800363c        0x4 
 .text.parse_arguments
                0x0000000008003640       0x58 /tmp/ch.elf.njXWwS.ltrans0.ltrans.o
 *fill*         0x0000000008003698        0x8 
 .text.chprintf
                0x00000000080036a0      0x4ac /tmp/ch.elf.njXWwS.ltrans0.ltrans.o
 *fill*         0x0000000008003b4c        0x4 
 .text.Thread1  0x0000000008003b50      0x10c /tmp/ch.elf.njXWwS.ltrans0.ltrans.o
 *fill*         0x0000000008003c5c        0x4 
 .text.Listener3
                0x0000000008003c60      0x2d4 /tmp/ch.elf.njXWwS.ltrans0.ltrans.o
 *fill*         0x0000000008003f34        0xc 
 .text.flush_buffer
                0x0000000008003f40       0x74 /tmp/ch.elf.njXWwS.ltrans0.ltrans.o
 *fill*         0x0000000008003fb4        0xc 
 .text.cmd_flush
                0x0000000008003fc0        0x4 /tmp/ch.elf.njXWwS.ltrans0.ltrans.o
 *fill*         0x0000000008003fc4        0xc 
 .text.got_char
                0x0000000008003fd0       0xb4 /tmp/ch.elf.njXWwS.ltrans0.ltrans.o
 *fill*         0x0000000008004084        0xc 
 .text.rxchar2  0x0000000008004090       0x14 /tmp/ch.elf.njXWwS.ltrans0.ltrans.o
 *fill*         0x00000000080040a4        0xc 
 .text.rxchar1  0x00000000080040b0       0x14 /tmp/ch.elf.njXWwS.ltrans0.ltrans.o
 *fill*         0x00000000080040c4        0xc 
 .text.vt2_cb   0x00000000080040d0       0x30 /tmp/ch.elf.njXWwS.ltrans0.ltrans.o
 .text.cmd_son  0x0000000008004100      0x25c /tmp/ch.elf.njXWwS.ltrans0.ltrans.o
 *fill*         0x000000000800435c        0x4 
 .text.cmd_format
                0x0000000008004360       0x84 /tmp/ch.elf.njXWwS.ltrans0.ltrans.o
 *fill*         0x00000000080043e4        0xc 
 .text.cmd_stt  0x00000000080043f0       0x74 /tmp/ch.elf.njXWwS.ltrans0.ltrans.o
 *fill*         0x0000000008004464        0xc 
 .text.cmd_sbr  0x0000000008004470       0x98 /tmp/ch.elf.njXWwS.ltrans0.ltrans.o
 *fill*         0x0000000008004508        0x8 
 .text.cmd_test
                0x0000000008004510       0x40 /tmp/ch.elf.njXWwS.ltrans0.ltrans.o
 .text.cmd_echo
                0x0000000008004550       0x20 /tmp/ch.elf.njXWwS.ltrans0.ltrans.o
 .text.shellThread
                0x0000000008004570      0x600 /tmp/ch.elf.njXWwS.ltrans0.ltrans.o
 .text.SVC_Handler
                0x0000000008004b70       0x14 /tmp/ch.elf.njXWwS.ltrans0.ltrans.o
                0x0000000008004b70                SVC_Handler
 *fill*         0x0000000008004b84        0xc 
 .text.chThdExit
                0x0000000008004b90        0xc /tmp/ch.elf.njXWwS.ltrans0.ltrans.o
                0x0000000008004b90                chThdExit
 *fill*         0x0000000008004b9c        0x4 
 .text.chSchDoRescheduleAhead
                0x0000000008004ba0       0x3c /tmp/ch.elf.njXWwS.ltrans0.ltrans.o
                0x0000000008004ba0                chSchDoReschedule
 *fill*         0x0000000008004bdc        0x4 
 .text.chMtxUnlock
                0x0000000008004be0       0x74 /tmp/ch.elf.njXWwS.ltrans0.ltrans.o
 *fill*         0x0000000008004c54        0xc 
 .text.startup.main
                0x0000000008004c60      0x960 /tmp/ch.elf.njXWwS.ltrans0.ltrans.o
                0x0000000008004c60                main
 .text.__early_init
                0x00000000080055c0      0x1f0 /tmp/ch.elf.njXWwS.ltrans0.ltrans.o
                0x00000000080055c0                __early_init
 .text.Vector15C
                0x00000000080057b0       0x14 /tmp/ch.elf.njXWwS.ltrans0.ltrans.o
                0x00000000080057b0                Vector15C
 *fill*         0x00000000080057c4        0xc 
 .text.VectorD8
                0x00000000080057d0       0x14 /tmp/ch.elf.njXWwS.ltrans0.ltrans.o
                0x00000000080057d0                VectorD8
 *fill*         0x00000000080057e4        0xc 
 .text.VectorD4
                0x00000000080057f0       0x14 /tmp/ch.elf.njXWwS.ltrans0.ltrans.o
                0x00000000080057f0                VectorD4
 *fill*         0x0000000008005804        0xc 
 .text.VectorB0
                0x0000000008005810       0x14 /tmp/ch.elf.njXWwS.ltrans0.ltrans.o
                0x0000000008005810                VectorB0
 *fill*         0x0000000008005824        0xc 
 .text.VectorA4
                0x0000000008005830       0x14 /tmp/ch.elf.njXWwS.ltrans0.ltrans.o
                0x0000000008005830                VectorA4
 *fill*         0x0000000008005844        0xc 
 .text.VectorAC
                0x0000000008005850        0x4 /tmp/ch.elf.njXWwS.ltrans0.ltrans.o
                0x0000000008005850                VectorAC
 *fill*         0x0000000008005854        0xc 
 .text.Vector108
                0x0000000008005860       0xb0 /tmp/ch.elf.njXWwS.ltrans0.ltrans.o
                0x0000000008005860                Vector108
 .text.Vector14C
                0x0000000008005910      0x428 /tmp/ch.elf.njXWwS.ltrans0.ltrans.o
                0x0000000008005910                Vector14C
 *fill*         0x0000000008005d38        0x8 
 .text.Vector158
                0x0000000008005d40       0x2c /tmp/ch.elf.njXWwS.ltrans0.ltrans.o
                0x0000000008005d40                Vector158
 *fill*         0x0000000008005d6c        0x4 
 .text.Vector154
                0x0000000008005d70       0x2c /tmp/ch.elf.njXWwS.ltrans0.ltrans.o
                0x0000000008005d70                Vector154
 *fill*         0x0000000008005d9c        0x4 
 .text.Vector150
                0x0000000008005da0       0x2c /tmp/ch.elf.njXWwS.ltrans0.ltrans.o
                0x0000000008005da0                Vector150
 *fill*         0x0000000008005dcc        0x4 
 .text.Vector130
                0x0000000008005dd0       0x28 /tmp/ch.elf.njXWwS.ltrans0.ltrans.o
                0x0000000008005dd0                Vector130
 *fill*         0x0000000008005df8        0x8 
 .text.Vector12C
                0x0000000008005e00       0x2c /tmp/ch.elf.njXWwS.ltrans0.ltrans.o
                0x0000000008005e00                Vector12C
 *fill*         0x0000000008005e2c        0x4 
 .text.Vector128
                0x0000000008005e30       0x2c /tmp/ch.elf.njXWwS.ltrans0.ltrans.o
                0x0000000008005e30                Vector128
 *fill*         0x0000000008005e5c        0x4 
 .text.Vector124
                0x0000000008005e60       0x2c /tmp/ch.elf.njXWwS.ltrans0.ltrans.o
                0x0000000008005e60                Vector124
 *fill*         0x0000000008005e8c        0x4 
 .text.Vector120
                0x0000000008005e90       0x28 /tmp/ch.elf.njXWwS.ltrans0.ltrans.o
                0x0000000008005e90                Vector120
 *fill*         0x0000000008005eb8        0x8 
 .text.VectorFC
                0x0000000008005ec0       0x2c /tmp/ch.elf.njXWwS.ltrans0.ltrans.o
                0x0000000008005ec0                VectorFC
 *fill*         0x0000000008005eec        0x4 
 .text.Vector84
                0x0000000008005ef0       0x2c /tmp/ch.elf.njXWwS.ltrans0.ltrans.o
                0x0000000008005ef0                Vector84
 *fill*         0x0000000008005f1c        0x4 
 .text.Vector80
                0x0000000008005f20       0x2c /tmp/ch.elf.njXWwS.ltrans0.ltrans.o
                0x0000000008005f20                Vector80
 *fill*         0x0000000008005f4c        0x4 
 .text.Vector7C
                0x0000000008005f50       0x28 /tmp/ch.elf.njXWwS.ltrans0.ltrans.o
                0x0000000008005f50                Vector7C
 *fill*         0x0000000008005f78        0x8 
 .text.Vector78
                0x0000000008005f80       0x2c /tmp/ch.elf.njXWwS.ltrans0.ltrans.o
                0x0000000008005f80                Vector78
 *fill*         0x0000000008005fac        0x4 
 .text.Vector74
                0x0000000008005fb0       0x2c /tmp/ch.elf.njXWwS.ltrans0.ltrans.o
                0x0000000008005fb0                Vector74
 *fill*         0x0000000008005fdc        0x4 
 .text.Vector70
                0x0000000008005fe0       0x2c /tmp/ch.elf.njXWwS.ltrans0.ltrans.o
                0x0000000008005fe0                Vector70
 *fill*         0x000000000800600c        0x4 
 .text.Vector6C
                0x0000000008006010       0x28 /tmp/ch.elf.njXWwS.ltrans0.ltrans.o
                0x0000000008006010                Vector6C
 *fill*         0x0000000008006038        0x8 
 .text.VectorE0
                0x0000000008006040       0x74 /tmp/ch.elf.njXWwS.ltrans0.ltrans.o
                0x0000000008006040                VectorE0
 *fill*         0x00000000080060b4        0xc 
 .text.Vector9C
                0x00000000080060c0       0x68 /tmp/ch.elf.njXWwS.ltrans0.ltrans.o
                0x00000000080060c0                Vector9C
 *fill*         0x0000000008006128        0x8 
 .text.Vector68
                0x0000000008006130       0x2c /tmp/ch.elf.njXWwS.ltrans0.ltrans.o
                0x0000000008006130                Vector68
 *fill*         0x000000000800615c        0x4 
 .text.Vector64
                0x0000000008006160       0x2c /tmp/ch.elf.njXWwS.ltrans0.ltrans.o
                0x0000000008006160                Vector64
 *fill*         0x000000000800618c        0x4 
 .text.Vector60
                0x0000000008006190       0x2c /tmp/ch.elf.njXWwS.ltrans0.ltrans.o
                0x0000000008006190                Vector60
 *fill*         0x00000000080061bc        0x4 
 .text.Vector5C
                0x00000000080061c0       0x2c /tmp/ch.elf.njXWwS.ltrans0.ltrans.o
                0x00000000080061c0                Vector5C
 *fill*         0x00000000080061ec        0x4 
 .text.Vector58
                0x00000000080061f0       0x2c /tmp/ch.elf.njXWwS.ltrans0.ltrans.o
                0x00000000080061f0                Vector58
 *fill*         0x000000000800621c        0x4 
 .text.__init_ram_areas
                0x0000000008006220       0x68 /tmp/ch.elf.njXWwS.ltrans0.ltrans.o
                0x0000000008006220                __init_ram_areas
 *fill*         0x0000000008006288        0x8 
 .text.__default_exit
                0x0000000008006290        0x4 /tmp/ch.elf.njXWwS.ltrans0.ltrans.o
                0x0000000008006290                __default_exit
 *fill*         0x0000000008006294        0xc 
 .text.__late_init
                0x00000000080062a0        0x4 /tmp/ch.elf.njXWwS.ltrans0.ltrans.o
                0x00000000080062a0                __late_init
 *fill*         0x00000000080062a4        0xc 
 .text.__core_init
                0x00000000080062b0        0x4 /tmp/ch.elf.njXWwS.ltrans0.ltrans.o
                0x00000000080062b0                __core_init
 .text._strtol_l.isra.0
                0x00000000080062b4      0x10c /home/rob/Projects/ChibiStudio/ChibiStudio_20/tools/GNU Tools ARM Embedded/9.2.1 2019q4/bin/../lib/gcc/arm-none-eabi/9.2.1/../../../../arm-none-eabi/lib/thumb/v7e-m/nofp/libg.a(lib_a-strtol.o)
 .text.strtol   0x00000000080063c0       0x18 /home/rob/Projects/ChibiStudio/ChibiStudio_20/tools/GNU Tools ARM Embedded/9.2.1 2019q4/bin/../lib/gcc/arm-none-eabi/9.2.1/../../../../arm-none-eabi/lib/thumb/v7e-m/nofp/libg.a(lib_a-strtol.o)
                0x00000000080063c0                strtol
 .text.memset   0x00000000080063d8       0xa0 /home/rob/Projects/ChibiStudio/ChibiStudio_20/tools/GNU Tools ARM Embedded/9.2.1 2019q4/bin/../lib/gcc/arm-none-eabi/9.2.1/../../../../arm-none-eabi/lib/thumb/v7e-m/nofp/libg.a(lib_a-memset.o)
                0x00000000080063d8                memset
 .text.strchr   0x0000000008006478       0xd0 /home/rob/Projects/ChibiStudio/ChibiStudio_20/tools/GNU Tools ARM Embedded/9.2.1 2019q4/bin/../lib/gcc/arm-none-eabi/9.2.1/../../../../arm-none-eabi/lib/thumb/v7e-m/nofp/libg.a(lib_a-strchr.o)
                0x0000000008006478                strchr
 .text.strpbrk  0x0000000008006548       0x38 /home/rob/Projects/ChibiStudio/ChibiStudio_20/tools/GNU Tools ARM Embedded/9.2.1 2019q4/bin/../lib/gcc/arm-none-eabi/9.2.1/../../../../arm-none-eabi/lib/thumb/v7e-m/nofp/libg.a(lib_a-strpbrk.o)
                0x0000000008006548                strpbrk
 .text.strspn   0x0000000008006580       0x30 /home/rob/Projects/ChibiStudio/ChibiStudio_20/tools/GNU Tools ARM Embedded/9.2.1 2019q4/bin/../lib/gcc/arm-none-eabi/9.2.1/../../../../arm-none-eabi/lib/thumb/v7e-m/nofp/libg.a(lib_a-strspn.o)
                0x0000000008006580                strspn
 .text.two_way_long_needle
                0x00000000080065b0      0x2b4 /home/rob/Projects/ChibiStudio/ChibiStudio_20/tools/GNU Tools ARM Embedded/9.2.1 2019q4/bin/../lib/gcc/arm-none-eabi/9.2.1/../../../../arm-none-eabi/lib/thumb/v7e-m/nofp/libg.a(lib_a-strstr.o)
 .text.strstr   0x0000000008006864      0x164 /home/rob/Projects/ChibiStudio/ChibiStudio_20/tools/GNU Tools ARM Embedded/9.2.1 2019q4/bin/../lib/gcc/arm-none-eabi/9.2.1/../../../../arm-none-eabi/lib/thumb/v7e-m/nofp/libg.a(lib_a-strstr.o)
                0x0000000008006864                strstr
 .text.memcmp   0x00000000080069c8       0x60 /home/rob/Projects/ChibiStudio/ChibiStudio_20/tools/GNU Tools ARM Embedded/9.2.1 2019q4/bin/../lib/gcc/arm-none-eabi/9.2.1/../../../../arm-none-eabi/lib/thumb/v7e-m/nofp/libg.a(lib_a-memcmp.o)
                0x00000000080069c8                memcmp
 .text.strnlen  0x0000000008006a28       0x28 /home/rob/Projects/ChibiStudio/ChibiStudio_20/tools/GNU Tools ARM Embedded/9.2.1 2019q4/bin/../lib/gcc/arm-none-eabi/9.2.1/../../../../arm-none-eabi/lib/thumb/v7e-m/nofp/libg.a(lib_a-strnlen.o)
                0x0000000008006a28                strnlen
 *(.glue_7t)
 .glue_7t       0x0000000008006a50        0x0 linker stubs
 *(.glue_7)
 .glue_7        0x0000000008006a50        0x0 linker stubs
 *(.gcc*)
                0x0000000008006a50                __text_end__ = .

.vfp11_veneer   0x0000000008006a50        0x0
 .vfp11_veneer  0x0000000008006a50        0x0 linker stubs

.v4_bx          0x0000000008006a50        0x0
 .v4_bx         0x0000000008006a50        0x0 linker stubs

.iplt           0x0000000008006a50        0x0
 .iplt          0x0000000008006a50        0x0 ./build/obj/crt0_v7m.o

.rodata         0x0000000008006a50      0xa84
                0x0000000008006a50                __rodata_base__ = .
 *(.rodata)
 .rodata        0x0000000008006a50       0x30 /tmp/ch.elf.njXWwS.ltrans0.ltrans.o
 *(.rodata.*)
 .rodata.uart_lld_serve_tx_end_irq.str1.4
                0x0000000008006a80        0xc /tmp/ch.elf.njXWwS.ltrans0.ltrans.o
 .rodata.chThdCreateStatic.constprop.0.str1.4
                0x0000000008006a8c        0x7 /tmp/ch.elf.njXWwS.ltrans0.ltrans.o
 *fill*         0x0000000008006a93        0x1 
 .rodata.parse_arguments.str1.4
                0x0000000008006a94        0x3 /tmp/ch.elf.njXWwS.ltrans0.ltrans.o
 *fill*         0x0000000008006a97        0x1 
 .rodata.chprintf.str1.4
                0x0000000008006a98        0x7 /tmp/ch.elf.njXWwS.ltrans0.ltrans.o
 *fill*         0x0000000008006a9f        0x1 
 .rodata.Thread1.str1.4
                0x0000000008006aa0       0x14 /tmp/ch.elf.njXWwS.ltrans0.ltrans.o
 .rodata.Listener3.str1.4
                0x0000000008006ab4       0x7f /tmp/ch.elf.njXWwS.ltrans0.ltrans.o
                                         0x83 (size before relaxing)
 *fill*         0x0000000008006b33        0x1 
 .rodata.flush_buffer.str1.4
                0x0000000008006b34       0x54 /tmp/ch.elf.njXWwS.ltrans0.ltrans.o
 .rodata.got_char.str1.4
                0x0000000008006b88       0x74 /tmp/ch.elf.njXWwS.ltrans0.ltrans.o
 .rodata.cmd_son.str1.4
                0x0000000008006bfc       0xe4 /tmp/ch.elf.njXWwS.ltrans0.ltrans.o
 .rodata.cmd_format.str1.4
                0x0000000008006ce0      0x12f /tmp/ch.elf.njXWwS.ltrans0.ltrans.o
 *fill*         0x0000000008006e0f        0x1 
 .rodata.cmd_stt.str1.4
                0x0000000008006e10       0x93 /tmp/ch.elf.njXWwS.ltrans0.ltrans.o
 *fill*         0x0000000008006ea3        0x1 
 .rodata.cmd_sbr.str1.4
                0x0000000008006ea4       0x7d /tmp/ch.elf.njXWwS.ltrans0.ltrans.o
 *fill*         0x0000000008006f21        0x3 
 .rodata.cmd_test.str1.4
                0x0000000008006f24       0x49 /tmp/ch.elf.njXWwS.ltrans0.ltrans.o
 *fill*         0x0000000008006f6d        0x3 
 .rodata.cmd_echo.str1.4
                0x0000000008006f70       0x21 /tmp/ch.elf.njXWwS.ltrans0.ltrans.o
 *fill*         0x0000000008006f91        0x3 
 .rodata.shellThread.str1.4
                0x0000000008006f94       0x89 /tmp/ch.elf.njXWwS.ltrans0.ltrans.o
 *fill*         0x000000000800701d        0x3 
 .rodata.main.str1.4
                0x0000000008007020        0x7 /tmp/ch.elf.njXWwS.ltrans0.ltrans.o
 *fill*         0x0000000008007027        0x1 
 .rodata.str1.4
                0x0000000008007028       0x29 /tmp/ch.elf.njXWwS.ltrans0.ltrans.o
 *fill*         0x0000000008007051        0x3 
 .rodata._stm32_dma_streams
                0x0000000008007054       0xc0 /tmp/ch.elf.njXWwS.ltrans0.ltrans.o
 .rodata.active_status
                0x0000000008007114        0x2 /tmp/ch.elf.njXWwS.ltrans0.ltrans.o
 *fill*         0x0000000008007116        0x2 
 .rodata.ch_debug
                0x0000000008007118       0x16 /tmp/ch.elf.njXWwS.ltrans0.ltrans.o
 *fill*         0x000000000800712e        0x2 
 .rodata.commands
                0x0000000008007130       0x38 /tmp/ch.elf.njXWwS.ltrans0.ltrans.o
 .rodata.ep0config
                0x0000000008007168       0x24 /tmp/ch.elf.njXWwS.ltrans0.ltrans.o
 .rodata.ep1config
                0x000000000800718c       0x24 /tmp/ch.elf.njXWwS.ltrans0.ltrans.o
 .rodata.ep2config
                0x00000000080071b0       0x24 /tmp/ch.elf.njXWwS.ltrans0.ltrans.o
 .rodata.fsparams
                0x00000000080071d4        0xc /tmp/ch.elf.njXWwS.ltrans0.ltrans.o
 .rodata.halted_status
                0x00000000080071e0        0x2 /tmp/ch.elf.njXWwS.ltrans0.ltrans.o
 *fill*         0x00000000080071e2        0x2 
 .rodata.idle_descriptor.7052
                0x00000000080071e4       0x18 /tmp/ch.elf.njXWwS.ltrans0.ltrans.o
 .rodata.ram_areas
                0x00000000080071fc       0x80 /tmp/ch.elf.njXWwS.ltrans0.ltrans.o
 .rodata.serusbcfg1
                0x000000000800727c        0x8 /tmp/ch.elf.njXWwS.ltrans0.ltrans.o
 .rodata.shell_cfg1
                0x0000000008007284       0x14 /tmp/ch.elf.njXWwS.ltrans0.ltrans.o
 .rodata.usbcfg
                0x0000000008007298       0x10 /tmp/ch.elf.njXWwS.ltrans0.ltrans.o
 .rodata.vcom_configuration_descriptor
                0x00000000080072a8        0x8 /tmp/ch.elf.njXWwS.ltrans0.ltrans.o
 .rodata.vcom_configuration_descriptor_data
                0x00000000080072b0       0x4b /tmp/ch.elf.njXWwS.ltrans0.ltrans.o
 *fill*         0x00000000080072fb        0x1 
 .rodata.vcom_device_descriptor
                0x00000000080072fc        0x8 /tmp/ch.elf.njXWwS.ltrans0.ltrans.o
 .rodata.vcom_device_descriptor_data
                0x0000000008007304       0x12 /tmp/ch.elf.njXWwS.ltrans0.ltrans.o
 *fill*         0x0000000008007316        0x2 
 .rodata.vcom_string0
                0x0000000008007318        0x4 /tmp/ch.elf.njXWwS.ltrans0.ltrans.o
 .rodata.vcom_string1
                0x000000000800731c       0x26 /tmp/ch.elf.njXWwS.ltrans0.ltrans.o
 *fill*         0x0000000008007342        0x2 
 .rodata.vcom_string2
                0x0000000008007344       0x38 /tmp/ch.elf.njXWwS.ltrans0.ltrans.o
 .rodata.vcom_string3
                0x000000000800737c        0x8 /tmp/ch.elf.njXWwS.ltrans0.ltrans.o
 .rodata.vcom_strings
                0x0000000008007384       0x20 /tmp/ch.elf.njXWwS.ltrans0.ltrans.o
 .rodata.vmt    0x00000000080073a4       0x28 /tmp/ch.elf.njXWwS.ltrans0.ltrans.o
 .rodata.zero_status
                0x00000000080073cc        0x2 /tmp/ch.elf.njXWwS.ltrans0.ltrans.o
 *fill*         0x00000000080073ce        0x2 
 .rodata._ctype_
                0x00000000080073d0      0x101 /home/rob/Projects/ChibiStudio/ChibiStudio_20/tools/GNU Tools ARM Embedded/9.2.1 2019q4/bin/../lib/gcc/arm-none-eabi/9.2.1/../../../../arm-none-eabi/lib/thumb/v7e-m/nofp/libg.a(lib_a-ctype_.o)
                0x00000000080073d0                _ctype_
                0x00000000080074d4                . = ALIGN (0x4)
 *fill*         0x00000000080074d1        0x3 
                0x00000000080074d4                __rodata_end__ = .

.ARM.extab
 *(.ARM.extab* .gnu.linkonce.armextab.*)

.ARM.exidx      0x00000000080074d4        0x8
                0x00000000080074d4                __exidx_base__ = .
                0x00000000080074d4                __exidx_start = .
 *(.ARM.exidx* .gnu.linkonce.armexidx.*)
 .ARM.exidx     0x00000000080074d4        0x8 /home/rob/Projects/ChibiStudio/ChibiStudio_20/tools/GNU Tools ARM Embedded/9.2.1 2019q4/bin/../lib/gcc/arm-none-eabi/9.2.1/thumb/v7e-m/nofp/libgcc.a(_udivmoddi4.o)
                0x00000000080074dc                __exidx_end__ = .
                0x00000000080074dc                __exidx_end = .

.rel.dyn        0x00000000080074dc        0x0
 .rel.iplt      0x00000000080074dc        0x0 ./build/obj/crt0_v7m.o

.eh_frame_hdr
 *(.eh_frame_hdr)

.eh_frame
 *(.eh_frame)

.data           0x0000000020000800      0x4a8 load address 0x00000000080074dc
                [!provide]                        PROVIDE (_textdata = LOADADDR (.data))
                [!provide]                        PROVIDE (_data = .)
                0x00000000080074dc                __textdata_base__ = LOADADDR (.data)
                0x0000000020000800                __data_base__ = .
 *(.data)
 *(.data.*)
 .data.dump_format
                0x0000000020000800        0x1 /tmp/ch.elf.njXWwS.ltrans0.ltrans.o
 *fill*         0x0000000020000801        0x1 
 .data.flush_timeout
                0x0000000020000802        0x2 /tmp/ch.elf.njXWwS.ltrans0.ltrans.o
 .data.icucfg1  0x0000000020000804       0x20 /tmp/ch.elf.njXWwS.ltrans0.ltrans.o
 .data.linecoding
                0x0000000020000824        0x7 /tmp/ch.elf.njXWwS.ltrans0.ltrans.o
 *fill*         0x000000002000082b        0x1 
 .data.smallest_pulse
                0x000000002000082c        0x4 /tmp/ch.elf.njXWwS.ltrans0.ltrans.o
 .data.uart_cfg1
                0x0000000020000830       0x24 /tmp/ch.elf.njXWwS.ltrans0.ltrans.o
 .data.uart_cfg2
                0x0000000020000854       0x24 /tmp/ch.elf.njXWwS.ltrans0.ltrans.o
 .data._impure_ptr
                0x0000000020000878        0x4 /home/rob/Projects/ChibiStudio/ChibiStudio_20/tools/GNU Tools ARM Embedded/9.2.1 2019q4/bin/../lib/gcc/arm-none-eabi/9.2.1/../../../../arm-none-eabi/lib/thumb/v7e-m/nofp/libg.a(lib_a-impure.o)
                0x0000000020000878                _impure_ptr
 *fill*         0x000000002000087c        0x4 
 .data.impure_data
                0x0000000020000880      0x428 /home/rob/Projects/ChibiStudio/ChibiStudio_20/tools/GNU Tools ARM Embedded/9.2.1 2019q4/bin/../lib/gcc/arm-none-eabi/9.2.1/../../../../arm-none-eabi/lib/thumb/v7e-m/nofp/libg.a(lib_a-impure.o)
 *(.ramtext)
                0x0000000020000ca8                . = ALIGN (0x4)
                [!provide]                        PROVIDE (_edata = .)
                0x0000000020000ca8                __data_end__ = .

.igot.plt       0x0000000020000ca8        0x0 load address 0x0000000008007984
 .igot.plt      0x0000000020000ca8        0x0 ./build/obj/crt0_v7m.o

.bss            0x0000000020000ca8     0xd4f4 load address 0x0000000008007984
                0x0000000020000ca8                __bss_base__ = .
 *(.bss)
 *(.bss.*)
 .bss.ICUD1     0x0000000020000ca8       0x18 /tmp/ch.elf.njXWwS.ltrans0.ltrans.o
 .bss.ICUD2     0x0000000020000cc0       0x18 /tmp/ch.elf.njXWwS.ltrans0.ltrans.o
 .bss.SDU1      0x0000000020000cd8     0x1090 /tmp/ch.elf.njXWwS.ltrans0.ltrans.o
 .bss.UARTD1    0x0000000020001d68       0x20 /tmp/ch.elf.njXWwS.ltrans0.ltrans.o
 .bss.UARTD2    0x0000000020001d88       0x20 /tmp/ch.elf.njXWwS.ltrans0.ltrans.o
 .bss.UARTD6    0x0000000020001da8       0x20 /tmp/ch.elf.njXWwS.ltrans0.ltrans.o
 .bss.USBD1     0x0000000020001dc8       0x60 /tmp/ch.elf.njXWwS.ltrans0.ltrans.o
 .bss._pal_events
                0x0000000020001e28       0x80 /tmp/ch.elf.njXWwS.ltrans0.ltrans.o
 .bss.btn_cnt   0x0000000020001ea8        0x1 /tmp/ch.elf.njXWwS.ltrans0.ltrans.o
 .bss.btn_second_edge
                0x0000000020001ea9        0x1 /tmp/ch.elf.njXWwS.ltrans0.ltrans.o
 *fill*         0x0000000020001eaa        0x2 
 .bss.ch        0x0000000020001eac       0x74 /tmp/ch.elf.njXWwS.ltrans0.ltrans.o
 .bss.ch_factory
                0x0000000020001f20       0x48 /tmp/ch.elf.njXWwS.ltrans0.ltrans.o
 .bss.ch_idle_thread_wa
                0x0000000020001f68       0xd8 /tmp/ch.elf.njXWwS.ltrans0.ltrans.o
 .bss.ch_memcore
                0x0000000020002040        0x8 /tmp/ch.elf.njXWwS.ltrans0.ltrans.o
 .bss.completion_buffer
                0x0000000020002048       0x10 /tmp/ch.elf.njXWwS.ltrans0.ltrans.o
 .bss.default_heap
                0x0000000020002058       0x1c /tmp/ch.elf.njXWwS.ltrans0.ltrans.o
 .bss.dma       0x0000000020002074       0x84 /tmp/ch.elf.njXWwS.ltrans0.ltrans.o
 .bss.ep0_state
                0x00000000200020f8       0x10 /tmp/ch.elf.njXWwS.ltrans0.ltrans.o
 .bss.ep0setup_buffer
                0x0000000020002108        0x8 /tmp/ch.elf.njXWwS.ltrans0.ltrans.o
 .bss.ep1instate
                0x0000000020002110       0x10 /tmp/ch.elf.njXWwS.ltrans0.ltrans.o
 .bss.ep2instate
                0x0000000020002120       0x10 /tmp/ch.elf.njXWwS.ltrans0.ltrans.o
 .bss.ep2outstate
                0x0000000020002130       0x10 /tmp/ch.elf.njXWwS.ltrans0.ltrans.o
 .bss.fc_timestamp
                0x0000000020002140        0x4 /tmp/ch.elf.njXWwS.ltrans0.ltrans.o
 .bss.history_buffer
                0x0000000020002144      0x200 /tmp/ch.elf.njXWwS.ltrans0.ltrans.o
 .bss.last_received_char
                0x0000000020002344        0x4 /tmp/ch.elf.njXWwS.ltrans0.ltrans.o
 .bss.last_width1
                0x0000000020002348        0x4 /tmp/ch.elf.njXWwS.ltrans0.ltrans.o
 .bss.ldat      0x000000002000234c     0xbb80 /tmp/ch.elf.njXWwS.ltrans0.ltrans.o
 .bss.read_cnt  0x000000002000decc        0x4 /tmp/ch.elf.njXWwS.ltrans0.ltrans.o
 .bss.rx_cnt    0x000000002000ded0        0x4 /tmp/ch.elf.njXWwS.ltrans0.ltrans.o
 .bss.shell_terminated
                0x000000002000ded4        0x4 /tmp/ch.elf.njXWwS.ltrans0.ltrans.o
 .bss.tx_cnt    0x000000002000ded8        0x4 /tmp/ch.elf.njXWwS.ltrans0.ltrans.o
 .bss.vt        0x000000002000dedc       0x14 /tmp/ch.elf.njXWwS.ltrans0.ltrans.o
 .bss.vt2       0x000000002000def0       0x14 /tmp/ch.elf.njXWwS.ltrans0.ltrans.o
 *fill*         0x000000002000df04        0x4 
 .bss.waListener3
                0x000000002000df08      0x148 /tmp/ch.elf.njXWwS.ltrans0.ltrans.o
 .bss.waThread1
                0x000000002000e050      0x148 /tmp/ch.elf.njXWwS.ltrans0.ltrans.o
 .bss.write_cnt
                0x000000002000e198        0x4 /tmp/ch.elf.njXWwS.ltrans0.ltrans.o
 *(COMMON)
                0x000000002000e19c                . = ALIGN (0x4)
                0x000000002000e19c                __bss_end__ = .
                [!provide]                        PROVIDE (end = .)
                0x0000000020000000                __ram0_base__ = ORIGIN (ram0)
                0x0000000000010000                __ram0_size__ = LENGTH (ram0)
                0x0000000020010000                __ram0_end__ = (__ram0_base__ + __ram0_size__)
                0x0000000000000000                __ram1_base__ = ORIGIN (ram1)
                0x0000000000000000                __ram1_size__ = LENGTH (ram1)
                0x0000000000000000                __ram1_end__ = (__ram1_base__ + __ram1_size__)
                0x0000000000000000                __ram2_base__ = ORIGIN (ram2)
                0x0000000000000000                __ram2_size__ = LENGTH (ram2)
                0x0000000000000000                __ram2_end__ = (__ram2_base__ + __ram2_size__)
                0x0000000000000000                __ram3_base__ = ORIGIN (ram3)
                0x0000000000000000                __ram3_size__ = LENGTH (ram3)
                0x0000000000000000                __ram3_end__ = (__ram3_base__ + __ram3_size__)
                0x0000000000000000                __ram4_base__ = ORIGIN (ram4)
                0x0000000000000000                __ram4_size__ = LENGTH (ram4)
                0x0000000000000000                __ram4_end__ = (__ram4_base__ + __ram4_size__)
                0x0000000000000000                __ram5_base__ = ORIGIN (ram5)
                0x0000000000000000                __ram5_size__ = LENGTH (ram5)
                0x0000000000000000                __ram5_end__ = (__ram5_base__ + __ram5_size__)
                0x0000000000000000                __ram6_base__ = ORIGIN (ram6)
                0x0000000000000000                __ram6_size__ = LENGTH (ram6)
                0x0000000000000000                __ram6_end__ = (__ram6_base__ + __ram6_size__)
                0x0000000000000000                __ram7_base__ = ORIGIN (ram7)
                0x0000000000000000                __ram7_size__ = LENGTH (ram7)
                0x0000000000000000                __ram7_end__ = (__ram7_base__ + __ram7_size__)
                0x0000000008000000                __flash0_base__ = ORIGIN (flash0)
                0x0000000000040000                __flash0_size__ = LENGTH (flash0)
                0x0000000008040000                __flash0_end__ = (__flash0_base__ + __flash0_size__)
                0x0000000000000000                __flash1_base__ = ORIGIN (flash1)
                0x0000000000000000                __flash1_size__ = LENGTH (flash1)
                0x0000000000000000                __flash1_end__ = (__flash1_base__ + __flash1_size__)
                0x0000000000000000                __flash2_base__ = ORIGIN (flash2)
                0x0000000000000000                __flash2_size__ = LENGTH (flash2)
                0x0000000000000000                __flash2_end__ = (__flash2_base__ + __flash2_size__)
                0x0000000000000000                __flash3_base__ = ORIGIN (flash3)
                0x0000000000000000                __flash3_size__ = LENGTH (flash3)
                0x0000000000000000                __flash3_end__ = (__flash3_base__ + __flash3_size__)
                0x0000000000000000                __flash4_base__ = ORIGIN (flash4)
                0x0000000000000000                __flash4_size__ = LENGTH (flash4)
                0x0000000000000000                __flash4_end__ = (__flash4_base__ + __flash4_size__)
                0x0000000000000000                __flash5_base__ = ORIGIN (flash5)
                0x0000000000000000                __flash5_size__ = LENGTH (flash5)
                0x0000000000000000                __flash5_end__ = (__flash5_base__ + __flash5_size__)
                0x0000000000000000                __flash6_base__ = ORIGIN (flash6)
                0x0000000000000000                __flash6_size__ = LENGTH (flash6)
                0x0000000000000000                __flash6_end__ = (__flash6_base__ + __flash6_size__)
                0x0000000000000000                __flash7_base__ = ORIGIN (flash7)
                0x0000000000000000                __flash7_size__ = LENGTH (flash7)
                0x0000000000000000                __flash7_end__ = (__flash7_base__ + __flash7_size__)

.ram0_init      0x000000002000e19c        0x0 load address 0x0000000008007984
                0x0000000008007984                __ram0_init_text__ = LOADADDR (.ram0_init)
                0x000000002000e19c                __ram0_init__ = .
 *(.ram0_init)
 *(.ram0_init.*)
                0x000000002000e19c                . = ALIGN (0x4)

.ram0           0x000000002000e19c        0x0 load address 0x0000000008007984
                0x000000002000e19c                __ram0_clear__ = .
 *(.ram0_clear)
 *(.ram0_clear.*)
                0x000000002000e19c                . = ALIGN (0x4)
                0x000000002000e19c                __ram0_noinit__ = .
 *(.ram0)
 *(.ram0.*)
                0x000000002000e19c                . = ALIGN (0x4)
                0x000000002000e19c                __ram0_free__ = .

.ram1_init      0x0000000000000000        0x0 load address 0x0000000008007984
                0x0000000008007984                __ram1_init_text__ = LOADADDR (.ram1_init)
                0x0000000000000000                __ram1_init__ = .
 *(.ram1_init)
 *(.ram1_init.*)
                0x0000000000000000                . = ALIGN (0x4)

.ram1           0x0000000000000000        0x0 load address 0x0000000008007984
                0x0000000000000000                __ram1_clear__ = .
 *(.ram1_clear)
 *(.ram1_clear.*)
                0x0000000000000000                . = ALIGN (0x4)
                0x0000000000000000                __ram1_noinit__ = .
 *(.ram1)
 *(.ram1.*)
                0x0000000000000000                . = ALIGN (0x4)
                0x0000000000000000                __ram1_free__ = .

.ram2_init      0x0000000000000000        0x0 load address 0x0000000008007984
                0x0000000008007984                __ram2_init_text__ = LOADADDR (.ram2_init)
                0x0000000000000000                __ram2_init__ = .
 *(.ram2_init)
 *(.ram2_init.*)
                0x0000000000000000                . = ALIGN (0x4)

.ram2           0x0000000000000000        0x0 load address 0x0000000008007984
                0x0000000000000000                __ram2_clear__ = .
 *(.ram2_clear)
 *(.ram2_clear.*)
                0x0000000000000000                . = ALIGN (0x4)
                0x0000000000000000                __ram2_noinit__ = .
 *(.ram2)
 *(.ram2.*)
                0x0000000000000000                . = ALIGN (0x4)
                0x0000000000000000                __ram2_free__ = .

.ram3_init      0x0000000000000000        0x0 load address 0x0000000008007984
                0x0000000008007984                __ram3_init_text__ = LOADADDR (.ram3_init)
                0x0000000000000000                __ram3_init__ = .
 *(.ram3_init)
 *(.ram3_init.*)
                0x0000000000000000                . = ALIGN (0x4)

.ram3           0x0000000000000000        0x0 load address 0x0000000008007984
                0x0000000000000000                __ram3_clear__ = .
 *(.ram3_clear)
 *(.ram3_clear.*)
                0x0000000000000000                . = ALIGN (0x4)
                0x0000000000000000                __ram3_noinit__ = .
 *(.ram3)
 *(.ram3.*)
                0x0000000000000000                . = ALIGN (0x4)
                0x0000000000000000                __ram3_free__ = .

.ram4_init      0x0000000000000000        0x0 load address 0x0000000008007984
                0x0000000008007984                __ram4_init_text__ = LOADADDR (.ram4_init)
                0x0000000000000000                __ram4_init__ = .
 *(.ram4_init)
 *(.ram4_init.*)
                0x0000000000000000                . = ALIGN (0x4)

.ram4           0x0000000000000000        0x0 load address 0x0000000008007984
                0x0000000000000000                __ram4_clear__ = .
 *(.ram4_clear)
 *(.ram4_clear.*)
                0x0000000000000000                . = ALIGN (0x4)
                0x0000000000000000                __ram4_noinit__ = .
 *(.ram4)
 *(.ram4.*)
                0x0000000000000000                . = ALIGN (0x4)
                0x0000000000000000                __ram4_free__ = .

.ram5_init      0x0000000000000000        0x0 load address 0x0000000008007984
                0x0000000008007984                __ram5_init_text__ = LOADADDR (.ram5_init)
                0x0000000000000000                __ram5_init__ = .
 *(.ram5_init)
 *(.ram5_init.*)
                0x0000000000000000                . = ALIGN (0x4)

.ram5           0x0000000000000000        0x0 load address 0x0000000008007984
                0x0000000000000000                __ram5_clear__ = .
 *(.ram5_clear)
 *(.ram5_clear.*)
                0x0000000000000000                . = ALIGN (0x4)
                0x0000000000000000                __ram5_noinit__ = .
 *(.ram5)
 *(.ram5.*)
                0x0000000000000000                . = ALIGN (0x4)
                0x0000000000000000                __ram5_free__ = .

.ram6_init      0x0000000000000000        0x0 load address 0x0000000008007984
                0x0000000008007984                __ram6_init_text__ = LOADADDR (.ram6_init)
                0x0000000000000000                __ram6_init__ = .
 *(.ram6_init)
 *(.ram6_init.*)
                0x0000000000000000                . = ALIGN (0x4)

.ram6           0x0000000000000000        0x0 load address 0x0000000008007984
                0x0000000000000000                __ram6_clear__ = .
 *(.ram6_clear)
 *(.ram6_clear.*)
                0x0000000000000000                . = ALIGN (0x4)
                0x0000000000000000                __ram6_noinit__ = .
 *(.ram6)
 *(.ram6.*)
                0x0000000000000000                . = ALIGN (0x4)
                0x0000000000000000                __ram6_free__ = .

.ram7_init      0x0000000000000000        0x0 load address 0x0000000008007984
                0x0000000008007984                __ram7_init_text__ = LOADADDR (.ram7_init)
                0x0000000000000000                __ram7_init__ = .
 *(.ram7_init)
 *(.ram7_init.*)
                0x0000000000000000                . = ALIGN (0x4)

.ram7           0x0000000000000000        0x0 load address 0x0000000008007984
                0x0000000000000000                __ram7_clear__ = .
 *(.ram7_clear)
 *(.ram7_clear.*)
                0x0000000000000000                . = ALIGN (0x4)
                0x0000000000000000                __ram7_noinit__ = .
 *(.ram7)
 *(.ram7.*)
                0x0000000000000000                . = ALIGN (0x4)
                0x0000000000000000                __ram7_free__ = .

.flash0         0x0000000008007984        0x0
                0x0000000008007984                __flash0_init__ = .
 *(.flash0_init)
 *(.flash0_init.*)
                0x0000000008007984                __flash0_free__ = .

.flash1         0x0000000000000000        0x0
                0x0000000000000000                __flash1_init__ = .
 *(.flash1_init)
 *(.flash1_init.*)
                0x0000000000000000                __flash1_free__ = .

.flash2         0x0000000000000000        0x0
                0x0000000000000000                __flash2_init__ = .
 *(.flash2_init)
 *(.flash2_init.*)
                0x0000000000000000                __flash2_free__ = .

.flash3         0x0000000000000000        0x0
                0x0000000000000000                __flash3_init__ = .
 *(.flash3_init)
 *(.flash3_init.*)
                0x0000000000000000                __flash3_free__ = .

.flash4         0x0000000000000000        0x0
                0x0000000000000000                __flash4_init__ = .
 *(.flash4_init)
 *(.flash4_init.*)
                0x0000000000000000                __flash4_free__ = .

.flash5         0x0000000000000000        0x0
                0x0000000000000000                __flash5_init__ = .
 *(.flash5_init)
 *(.flash5_init.*)
                0x0000000000000000                __flash5_free__ = .

.flash6         0x0000000000000000        0x0
                0x0000000000000000                __flash6_init__ = .
 *(.flash6_init)
 *(.flash6_init.*)
                0x0000000000000000                __flash6_free__ = .

.flash7         0x0000000000000000        0x0
                0x0000000000000000                __flash7_init__ = .
 *(.flash7_init)
 *(.flash7_init.*)
                0x0000000000000000                __flash7_free__ = .

.heap           0x000000002000e19c     0x1e64
                0x000000002000e1a0                . = ALIGN (0x8)
 *fill*         0x000000002000e19c        0x4 
                0x000000002000e1a0                __heap_base__ = .
                0x0000000020010000                . = (ORIGIN (HEAP_RAM) + LENGTH (HEAP_RAM))
 *fill*         0x000000002000e1a0     0x1e60 
                0x0000000020010000                __heap_end__ = .
                0x0000000000000400                __process_stack_size__ = 0x400
                0x0000000000000400                __main_stack_size__ = 0x400
START GROUP
LOAD /home/rob/Projects/ChibiStudio/ChibiStudio_20/tools/GNU Tools ARM Embedded/9.2.1 2019q4/bin/../lib/gcc/arm-none-eabi/9.2.1/thumb/v7e-m/nofp/libgcc.a
LOAD /home/rob/Projects/ChibiStudio/ChibiStudio_20/tools/GNU Tools ARM Embedded/9.2.1 2019q4/bin/../lib/gcc/arm-none-eabi/9.2.1/../../../../arm-none-eabi/lib/thumb/v7e-m/nofp/libg.a
LOAD /home/rob/Projects/ChibiStudio/ChibiStudio_20/tools/GNU Tools ARM Embedded/9.2.1 2019q4/bin/../lib/gcc/arm-none-eabi/9.2.1/../../../../arm-none-eabi/lib/thumb/v7e-m/nofp/libc.a
END GROUP
OUTPUT(build/ch.elf elf32-littlearm)

.ARM.attributes
                0x0000000000000000       0x2f
 .ARM.attributes
                0x0000000000000000       0x21 ./build/obj/crt0_v7m.o
 .ARM.attributes
                0x0000000000000021       0x21 ./build/obj/vectors.o
 .ARM.attributes
                0x0000000000000042       0x21 ./build/obj/chcoreasm_v7m.o
 .ARM.attributes
                0x0000000000000063       0x2c /tmp/ch.elf.njXWwS.ltrans0.ltrans.o
 .ARM.attributes
                0x000000000000008f       0x2e /home/rob/Projects/ChibiStudio/ChibiStudio_20/tools/GNU Tools ARM Embedded/9.2.1 2019q4/bin/../lib/gcc/arm-none-eabi/9.2.1/../../../../arm-none-eabi/lib/thumb/v7e-m/nofp/libg.a(lib_a-ctype_.o)
 .ARM.attributes
                0x00000000000000bd       0x2e /home/rob/Projects/ChibiStudio/ChibiStudio_20/tools/GNU Tools ARM Embedded/9.2.1 2019q4/bin/../lib/gcc/arm-none-eabi/9.2.1/../../../../arm-none-eabi/lib/thumb/v7e-m/nofp/libg.a(lib_a-strtol.o)
 .ARM.attributes
                0x00000000000000eb       0x2e /home/rob/Projects/ChibiStudio/ChibiStudio_20/tools/GNU Tools ARM Embedded/9.2.1 2019q4/bin/../lib/gcc/arm-none-eabi/9.2.1/../../../../arm-none-eabi/lib/thumb/v7e-m/nofp/libg.a(lib_a-impure.o)
 .ARM.attributes
                0x0000000000000119       0x1c /home/rob/Projects/ChibiStudio/ChibiStudio_20/tools/GNU Tools ARM Embedded/9.2.1 2019q4/bin/../lib/gcc/arm-none-eabi/9.2.1/../../../../arm-none-eabi/lib/thumb/v7e-m/nofp/libg.a(lib_a-memcpy.o)
 .ARM.attributes
                0x0000000000000135       0x2e /home/rob/Projects/ChibiStudio/ChibiStudio_20/tools/GNU Tools ARM Embedded/9.2.1 2019q4/bin/../lib/gcc/arm-none-eabi/9.2.1/../../../../arm-none-eabi/lib/thumb/v7e-m/nofp/libg.a(lib_a-memset.o)
 .ARM.attributes
                0x0000000000000163       0x2e /home/rob/Projects/ChibiStudio/ChibiStudio_20/tools/GNU Tools ARM Embedded/9.2.1 2019q4/bin/../lib/gcc/arm-none-eabi/9.2.1/../../../../arm-none-eabi/lib/thumb/v7e-m/nofp/libg.a(lib_a-strchr.o)
 .ARM.attributes
                0x0000000000000191       0x1c /home/rob/Projects/ChibiStudio/ChibiStudio_20/tools/GNU Tools ARM Embedded/9.2.1 2019q4/bin/../lib/gcc/arm-none-eabi/9.2.1/../../../../arm-none-eabi/lib/thumb/v7e-m/nofp/libg.a(lib_a-strcmp.o)
 .ARM.attributes
                0x00000000000001ad       0x1c /home/rob/Projects/ChibiStudio/ChibiStudio_20/tools/GNU Tools ARM Embedded/9.2.1 2019q4/bin/../lib/gcc/arm-none-eabi/9.2.1/../../../../arm-none-eabi/lib/thumb/v7e-m/nofp/libg.a(lib_a-strlen.o)
 .ARM.attributes
                0x00000000000001c9       0x2e /home/rob/Projects/ChibiStudio/ChibiStudio_20/tools/GNU Tools ARM Embedded/9.2.1 2019q4/bin/../lib/gcc/arm-none-eabi/9.2.1/../../../../arm-none-eabi/lib/thumb/v7e-m/nofp/libg.a(lib_a-strpbrk.o)
 .ARM.attributes
                0x00000000000001f7       0x2e /home/rob/Projects/ChibiStudio/ChibiStudio_20/tools/GNU Tools ARM Embedded/9.2.1 2019q4/bin/../lib/gcc/arm-none-eabi/9.2.1/../../../../arm-none-eabi/lib/thumb/v7e-m/nofp/libg.a(lib_a-strspn.o)
 .ARM.attributes
                0x0000000000000225       0x2e /home/rob/Projects/ChibiStudio/ChibiStudio_20/tools/GNU Tools ARM Embedded/9.2.1 2019q4/bin/../lib/gcc/arm-none-eabi/9.2.1/../../../../arm-none-eabi/lib/thumb/v7e-m/nofp/libg.a(lib_a-strstr.o)
 .ARM.attributes
                0x0000000000000253       0x2e /home/rob/Projects/ChibiStudio/ChibiStudio_20/tools/GNU Tools ARM Embedded/9.2.1 2019q4/bin/../lib/gcc/arm-none-eabi/9.2.1/../../../../arm-none-eabi/lib/thumb/v7e-m/nofp/libg.a(lib_a-memcmp.o)
 .ARM.attributes
                0x0000000000000281       0x2e /home/rob/Projects/ChibiStudio/ChibiStudio_20/tools/GNU Tools ARM Embedded/9.2.1 2019q4/bin/../lib/gcc/arm-none-eabi/9.2.1/../../../../arm-none-eabi/lib/thumb/v7e-m/nofp/libg.a(lib_a-strnlen.o)
 .ARM.attributes
                0x00000000000002af       0x1e /home/rob/Projects/ChibiStudio/ChibiStudio_20/tools/GNU Tools ARM Embedded/9.2.1 2019q4/bin/../lib/gcc/arm-none-eabi/9.2.1/thumb/v7e-m/nofp/libgcc.a(_arm_addsubdf3.o)
 .ARM.attributes
                0x00000000000002cd       0x1e /home/rob/Projects/ChibiStudio/ChibiStudio_20/tools/GNU Tools ARM Embedded/9.2.1 2019q4/bin/../lib/gcc/arm-none-eabi/9.2.1/thumb/v7e-m/nofp/libgcc.a(_arm_muldivdf3.o)
 .ARM.attributes
                0x00000000000002eb       0x1e /home/rob/Projects/ChibiStudio/ChibiStudio_20/tools/GNU Tools ARM Embedded/9.2.1 2019q4/bin/../lib/gcc/arm-none-eabi/9.2.1/thumb/v7e-m/nofp/libgcc.a(_arm_fixunsdfsi.o)
 .ARM.attributes
                0x0000000000000309       0x1e /home/rob/Projects/ChibiStudio/ChibiStudio_20/tools/GNU Tools ARM Embedded/9.2.1 2019q4/bin/../lib/gcc/arm-none-eabi/9.2.1/thumb/v7e-m/nofp/libgcc.a(_aeabi_uldivmod.o)
 .ARM.attributes
                0x0000000000000327       0x2e /home/rob/Projects/ChibiStudio/ChibiStudio_20/tools/GNU Tools ARM Embedded/9.2.1 2019q4/bin/../lib/gcc/arm-none-eabi/9.2.1/thumb/v7e-m/nofp/libgcc.a(_udivmoddi4.o)
 .ARM.attributes
                0x0000000000000355       0x1e /home/rob/Projects/ChibiStudio/ChibiStudio_20/tools/GNU Tools ARM Embedded/9.2.1 2019q4/bin/../lib/gcc/arm-none-eabi/9.2.1/thumb/v7e-m/nofp/libgcc.a(_dvmd_tls.o)

.comment        0x0000000000000000       0x79
 .comment       0x0000000000000000       0x79 /tmp/ch.elf.njXWwS.ltrans0.ltrans.o
                                         0x7a (size before relaxing)

.debug_line     0x0000000000000000    0x171fd
 .debug_line    0x0000000000000000       0xd0 ./build/obj/crt0_v7m.o
 .debug_line    0x00000000000000d0       0x7a ./build/obj/vectors.o
 .debug_line    0x000000000000014a       0x91 ./build/obj/chcoreasm_v7m.o
 .debug_line    0x00000000000001db     0x9e4c /tmp/ch.elf.njXWwS.ltrans0.ltrans.o
 .debug_line    0x000000000000a027      0x1f8 /tmp/ccxjCo8H.debug.temp.o
 .debug_line    0x000000000000a21f      0x5cc /tmp/cc3Y86vA.debug.temp.o
 .debug_line    0x000000000000a7eb      0x5ae /tmp/ccwD3Y30.debug.temp.o
 .debug_line    0x000000000000ad99      0x624 /tmp/ccsF5LJs.debug.temp.o
 .debug_line    0x000000000000b3bd      0x5e1 /tmp/cc2WSp1U.debug.temp.o
 .debug_line    0x000000000000b99e      0x5df /tmp/cciMkaFt.debug.temp.o
 .debug_line    0x000000000000bf7d      0x629 /tmp/ccEB9EoA.debug.temp.o
 .debug_line    0x000000000000c5a6      0x62a /tmp/ccCCgqg3.debug.temp.o
 .debug_line    0x000000000000cbd0      0x5e0 /tmp/ccvR8viG.debug.temp.o
 .debug_line    0x000000000000d1b0      0x600 /tmp/ccmbYMzu.debug.temp.o
 .debug_line    0x000000000000d7b0      0x5ac /tmp/ccF0J3t3.debug.temp.o
 .debug_line    0x000000000000dd5c      0x5b3 /tmp/ccMwqah8.debug.temp.o
 .debug_line    0x000000000000e30f      0x5b1 /tmp/cczqTG2n.debug.temp.o
 .debug_line    0x000000000000e8c0      0x5c2 /tmp/cc2hwGRR.debug.temp.o
 .debug_line    0x000000000000ee82      0x594 /tmp/ccaJN5nW.debug.temp.o
 .debug_line    0x000000000000f416      0x5e5 /tmp/ccqLPIj5.debug.temp.o
 .debug_line    0x000000000000f9fb      0x5c3 /tmp/ccksPySK.debug.temp.o
 .debug_line    0x000000000000ffbe      0x5c4 /tmp/ccTPDMtd.debug.temp.o
 .debug_line    0x0000000000010582      0x5b6 /tmp/ccN4QhNE.debug.temp.o
 .debug_line    0x0000000000010b38      0x5a6 /tmp/ccsXVo8i.debug.temp.o
 .debug_line    0x00000000000110de      0x40e /tmp/ccAZaTFv.debug.temp.o
 .debug_line    0x00000000000114ec      0x3e4 /tmp/ccUiieuk.debug.temp.o
 .debug_line    0x00000000000118d0      0x3e3 /tmp/ccqfJevx.debug.temp.o
 .debug_line    0x0000000000011cb3      0x407 /tmp/cc7HDSfY.debug.temp.o
 .debug_line    0x00000000000120ba      0x3c8 /tmp/ccFID1v0.debug.temp.o
 .debug_line    0x0000000000012482      0x40d /tmp/ccFavjRf.debug.temp.o
 .debug_line    0x000000000001288f      0x3d8 /tmp/ccPNqzAI.debug.temp.o
 .debug_line    0x0000000000012c67      0x3e9 /tmp/cc9ZAC44.debug.temp.o
 .debug_line    0x0000000000013050      0x3fb /tmp/cch4kiTk.debug.temp.o
 .debug_line    0x000000000001344b      0x3df /tmp/ccvsw5bI.debug.temp.o
 .debug_line    0x000000000001382a      0x3e1 /tmp/ccPfmKNO.debug.temp.o
 .debug_line    0x0000000000013c0b      0x3e0 /tmp/ccv1ic7G.debug.temp.o
 .debug_line    0x0000000000013feb      0x417 /tmp/cct55TNt.debug.temp.o
 .debug_line    0x0000000000014402      0x42c /tmp/ccN3POR0.debug.temp.o
 .debug_line    0x000000000001482e      0x3f1 /tmp/ccEKX7N5.debug.temp.o
 .debug_line    0x0000000000014c1f      0x5e3 /tmp/ccFMRbRm.debug.temp.o
 .debug_line    0x0000000000015202      0x64c /tmp/ccmacPYx.debug.temp.o
 .debug_line    0x000000000001584e      0x601 /tmp/ccDKojdZ.debug.temp.o
 .debug_line    0x0000000000015e4f      0x683 /tmp/cc5fs6RR.debug.temp.o
 .debug_line    0x00000000000164d2      0x5fe /tmp/ccbtHsLr.debug.temp.o
 .debug_line    0x0000000000016ad0      0x72d /tmp/ccSIRXs1.debug.temp.o

.debug_info     0x0000000000000000    0x52c66
 .debug_info    0x0000000000000000       0x26 ./build/obj/crt0_v7m.o
 .debug_info    0x0000000000000026       0x26 ./build/obj/vectors.o
 .debug_info    0x000000000000004c       0x26 ./build/obj/chcoreasm_v7m.o
 .debug_info    0x0000000000000072     0xb1ff /tmp/ch.elf.njXWwS.ltrans0.ltrans.o
 .debug_info    0x000000000000b271      0x35d /tmp/ccxjCo8H.debug.temp.o
                0x000000000000b271                crt1.c.d79f505b
 .debug_info    0x000000000000b5ce     0x1cb3 /tmp/cc3Y86vA.debug.temp.o
                0x000000000000b5ce                hal.c.97d8dae9
 .debug_info    0x000000000000d281     0x1db8 /tmp/ccwD3Y30.debug.temp.o
                0x000000000000d281                hal_st.c.9ec92b1d
 .debug_info    0x000000000000f039     0x2cf6 /tmp/ccsF5LJs.debug.temp.o
                0x000000000000f039                hal_buffers.c.d7e8c0f6
 .debug_info    0x0000000000011d2f     0x2076 /tmp/cc2WSp1U.debug.temp.o
                0x0000000000011d2f                hal_flash.c.95e0303b
 .debug_info    0x0000000000013da5     0x1ebb /tmp/cciMkaFt.debug.temp.o
                0x0000000000013da5                hal_icu.c.8ae89dc6
 .debug_info    0x0000000000015c60     0x1f6e /tmp/ccEB9EoA.debug.temp.o
                0x0000000000015c60                hal_pal.c.479a4ee9
 .debug_info    0x0000000000017bce     0x2768 /tmp/ccCCgqg3.debug.temp.o
                0x0000000000017bce                hal_serial_usb.c.f539e43d
 .debug_info    0x000000000001a336     0x1fe0 /tmp/ccvR8viG.debug.temp.o
                0x000000000001a336                hal_uart.c.11bd7431
 .debug_info    0x000000000001c316     0x2a66 /tmp/ccmbYMzu.debug.temp.o
                0x000000000001c316                hal_usb.c.9d23e5fa
 .debug_info    0x000000000001ed7c     0x20ab /tmp/ccF0J3t3.debug.temp.o
                0x000000000001ed7c                nvic.c.33836533
 .debug_info    0x0000000000020e27     0x1f4f /tmp/ccMwqah8.debug.temp.o
                0x0000000000020e27                stm32_isr.c.87007e0b
 .debug_info    0x0000000000022d76     0x217c /tmp/cczqTG2n.debug.temp.o
                0x0000000000022d76                hal_lld.c.2780c9af
 .debug_info    0x0000000000024ef2     0x22eb /tmp/cc2hwGRR.debug.temp.o
                0x0000000000024ef2                stm32_dma.c.6eece2fe
 .debug_info    0x00000000000271dd     0x2082 /tmp/ccaJN5nW.debug.temp.o
                0x00000000000271dd                hal_pal_lld.c.3ba4b407
 .debug_info    0x000000000002925f     0x2e8c /tmp/ccqLPIj5.debug.temp.o
                0x000000000002925f                hal_usb_lld.c.d319c010
 .debug_info    0x000000000002c0eb     0x1f83 /tmp/ccksPySK.debug.temp.o
                0x000000000002c0eb                hal_st_lld.c.1c48c7a7
 .debug_info    0x000000000002e06e     0x2090 /tmp/ccTPDMtd.debug.temp.o
                0x000000000002e06e                hal_icu_lld.c.a97ba35d
 .debug_info    0x00000000000300fe     0x2149 /tmp/ccN4QhNE.debug.temp.o
                0x00000000000300fe                hal_uart_lld.c.57207d40
 .debug_info    0x0000000000032247     0x20ad /tmp/ccsXVo8i.debug.temp.o
                0x0000000000032247                board.c.0842c389
 .debug_info    0x00000000000342f4      0xfbc /tmp/ccAZaTFv.debug.temp.o
                0x00000000000342f4                chsys.c.15dd4590
 .debug_info    0x00000000000352b0      0xbb8 /tmp/ccUiieuk.debug.temp.o
                0x00000000000352b0                chvt.c.9a0cc27a
 .debug_info    0x0000000000035e68      0xd3f /tmp/ccqfJevx.debug.temp.o
                0x0000000000035e68                chschd.c.4b4f9264
 .debug_info    0x0000000000036ba7     0x12bd /tmp/cc7HDSfY.debug.temp.o
                0x0000000000036ba7                chthreads.c.60298a92
 .debug_info    0x0000000000037e64      0xcd9 /tmp/ccFID1v0.debug.temp.o
                0x0000000000037e64                chtm.c.f1da818c
 .debug_info    0x0000000000038b3d     0x1427 /tmp/ccFavjRf.debug.temp.o
                0x0000000000038b3d                chregistry.c.11206377
 .debug_info    0x0000000000039f64      0xd74 /tmp/ccPNqzAI.debug.temp.o
                0x0000000000039f64                chmtx.c.f79bf998
 .debug_info    0x000000000003acd8      0xf8a /tmp/cc9ZAC44.debug.temp.o
                0x000000000003acd8                chevents.c.10a50318
 .debug_info    0x000000000003bc62      0xcf9 /tmp/cch4kiTk.debug.temp.o
                0x000000000003bc62                chdynamic.c.3cfd138f
 .debug_info    0x000000000003c95b      0xc20 /tmp/ccvsw5bI.debug.temp.o
                0x000000000003c95b                chmemcore.c.ad492591
 .debug_info    0x000000000003d57b      0xd16 /tmp/ccPfmKNO.debug.temp.o
                0x000000000003d57b                chmemheaps.c.c0c673ef
 .debug_info    0x000000000003e291      0xdcb /tmp/ccv1ic7G.debug.temp.o
                0x000000000003e291                chmempools.c.48740d91
 .debug_info    0x000000000003f05c      0xe4b /tmp/cct55TNt.debug.temp.o
                0x000000000003f05c                chdelegates.c.7dbe4fe4
 .debug_info    0x000000000003fea7     0x1cd3 /tmp/ccN3POR0.debug.temp.o
                0x000000000003fea7                chfactory.c.870a289d
 .debug_info    0x0000000000041b7a     0x1aa3 /tmp/ccEKX7N5.debug.temp.o
                0x0000000000041b7a                chcore_v7m.c.d29b0a56
 .debug_info    0x000000000004361d     0x20fd /tmp/ccFMRbRm.debug.temp.o
                0x000000000004361d                chprintf.c.756fb5d5
 .debug_info    0x000000000004571a     0x2d5d /tmp/ccmacPYx.debug.temp.o
                0x000000000004571a                shell.c.00a7ac20
 .debug_info    0x0000000000048477     0x2763 /tmp/ccDKojdZ.debug.temp.o
                0x0000000000048477                shell_cmd.c.22314da4
 .debug_info    0x000000000004abda     0x298c /tmp/cc5fs6RR.debug.temp.o
                0x000000000004abda                comm.c.98cea38c
 .debug_info    0x000000000004d566     0x2356 /tmp/ccbtHsLr.debug.temp.o
                0x000000000004d566                usbcfg.c.20c029b7
 .debug_info    0x000000000004f8bc     0x33aa /tmp/ccSIRXs1.debug.temp.o
                0x000000000004f8bc                main.c.aae6c41c

.debug_abbrev   0x0000000000000000     0x6eb3
 .debug_abbrev  0x0000000000000000       0x14 ./build/obj/crt0_v7m.o
 .debug_abbrev  0x0000000000000014       0x14 ./build/obj/vectors.o
 .debug_abbrev  0x0000000000000028       0x14 ./build/obj/chcoreasm_v7m.o
 .debug_abbrev  0x000000000000003c      0x394 /tmp/ch.elf.njXWwS.ltrans0.ltrans.o
 .debug_abbrev  0x00000000000003d0       0xff /tmp/ccxjCo8H.debug.temp.o
 .debug_abbrev  0x00000000000004cf      0x207 /tmp/cc3Y86vA.debug.temp.o
 .debug_abbrev  0x00000000000006d6      0x28d /tmp/ccwD3Y30.debug.temp.o
 .debug_abbrev  0x0000000000000963      0x344 /tmp/ccsF5LJs.debug.temp.o
 .debug_abbrev  0x0000000000000ca7      0x257 /tmp/cc2WSp1U.debug.temp.o
 .debug_abbrev  0x0000000000000efe      0x287 /tmp/cciMkaFt.debug.temp.o
 .debug_abbrev  0x0000000000001185      0x25b /tmp/ccEB9EoA.debug.temp.o
 .debug_abbrev  0x00000000000013e0      0x31f /tmp/ccCCgqg3.debug.temp.o
 .debug_abbrev  0x00000000000016ff      0x2e6 /tmp/ccvR8viG.debug.temp.o
 .debug_abbrev  0x00000000000019e5      0x339 /tmp/ccmbYMzu.debug.temp.o
 .debug_abbrev  0x0000000000001d1e      0x279 /tmp/ccF0J3t3.debug.temp.o
 .debug_abbrev  0x0000000000001f97      0x234 /tmp/ccMwqah8.debug.temp.o
 .debug_abbrev  0x00000000000021cb      0x23b /tmp/cczqTG2n.debug.temp.o
 .debug_abbrev  0x0000000000002406      0x2c8 /tmp/cc2hwGRR.debug.temp.o
 .debug_abbrev  0x00000000000026ce      0x273 /tmp/ccaJN5nW.debug.temp.o
 .debug_abbrev  0x0000000000002941      0x37c /tmp/ccqLPIj5.debug.temp.o
 .debug_abbrev  0x0000000000002cbd      0x256 /tmp/ccksPySK.debug.temp.o
 .debug_abbrev  0x0000000000002f13      0x2e5 /tmp/ccTPDMtd.debug.temp.o
 .debug_abbrev  0x00000000000031f8      0x2ea /tmp/ccN4QhNE.debug.temp.o
 .debug_abbrev  0x00000000000034e2      0x256 /tmp/ccsXVo8i.debug.temp.o
 .debug_abbrev  0x0000000000003738      0x314 /tmp/ccAZaTFv.debug.temp.o
 .debug_abbrev  0x0000000000003a4c      0x252 /tmp/ccUiieuk.debug.temp.o
 .debug_abbrev  0x0000000000003c9e      0x2ad /tmp/ccqfJevx.debug.temp.o
 .debug_abbrev  0x0000000000003f4b      0x29c /tmp/cc7HDSfY.debug.temp.o
 .debug_abbrev  0x00000000000041e7      0x1e0 /tmp/ccFID1v0.debug.temp.o
 .debug_abbrev  0x00000000000043c7      0x2ae /tmp/ccFavjRf.debug.temp.o
 .debug_abbrev  0x0000000000004675      0x28f /tmp/ccPNqzAI.debug.temp.o
 .debug_abbrev  0x0000000000004904      0x284 /tmp/cc9ZAC44.debug.temp.o
 .debug_abbrev  0x0000000000004b88      0x20b /tmp/cch4kiTk.debug.temp.o
 .debug_abbrev  0x0000000000004d93      0x22d /tmp/ccvsw5bI.debug.temp.o
 .debug_abbrev  0x0000000000004fc0      0x270 /tmp/ccPfmKNO.debug.temp.o
 .debug_abbrev  0x0000000000005230      0x273 /tmp/ccv1ic7G.debug.temp.o
 .debug_abbrev  0x00000000000054a3      0x259 /tmp/cct55TNt.debug.temp.o
 .debug_abbrev  0x00000000000056fc      0x2f5 /tmp/ccN3POR0.debug.temp.o
 .debug_abbrev  0x00000000000059f1      0x2e9 /tmp/ccEKX7N5.debug.temp.o
 .debug_abbrev  0x0000000000005cda      0x2db /tmp/ccFMRbRm.debug.temp.o
 .debug_abbrev  0x0000000000005fb5      0x37a /tmp/ccmacPYx.debug.temp.o
 .debug_abbrev  0x000000000000632f      0x273 /tmp/ccDKojdZ.debug.temp.o
 .debug_abbrev  0x00000000000065a2      0x2b1 /tmp/cc5fs6RR.debug.temp.o
 .debug_abbrev  0x0000000000006853      0x2ab /tmp/ccbtHsLr.debug.temp.o
 .debug_abbrev  0x0000000000006afe      0x3b5 /tmp/ccSIRXs1.debug.temp.o

.debug_aranges  0x0000000000000000      0x490
 .debug_aranges
                0x0000000000000000       0x20 ./build/obj/crt0_v7m.o
 .debug_aranges
                0x0000000000000020       0x20 ./build/obj/vectors.o
 .debug_aranges
                0x0000000000000040       0x20 ./build/obj/chcoreasm_v7m.o
 .debug_aranges
                0x0000000000000060      0x430 /tmp/ch.elf.njXWwS.ltrans0.ltrans.o

.debug_str      0x0000000000000000     0x545f
 .debug_str     0x0000000000000000       0xb0 ./build/obj/crt0_v7m.o
 .debug_str     0x00000000000000b0       0x45 ./build/obj/vectors.o
                                         0xaf (size before relaxing)
 .debug_str     0x00000000000000f5       0x49 ./build/obj/chcoreasm_v7m.o
                                         0xb3 (size before relaxing)
 .debug_str     0x000000000000013e      0x1b3 /tmp/ch.elf.njXWwS.ltrans0.ltrans.o
                                        0x238 (size before relaxing)
 .debug_str     0x00000000000002f1      0x436 /tmp/ccxjCo8H.debug.temp.o
                                        0x50a (size before relaxing)
 .debug_str     0x0000000000000727      0xdea /tmp/cc3Y86vA.debug.temp.o
                                       0x10fd (size before relaxing)
 .debug_str     0x0000000000001511       0xfd /tmp/ccwD3Y30.debug.temp.o
                                       0x11c4 (size before relaxing)
 .debug_str     0x000000000000160e      0x6d6 /tmp/ccsF5LJs.debug.temp.o
                                       0x17fa (size before relaxing)
 .debug_str     0x0000000000001ce4      0x289 /tmp/cc2WSp1U.debug.temp.o
                                       0x1370 (size before relaxing)
 .debug_str     0x0000000000001f6d       0xb2 /tmp/cciMkaFt.debug.temp.o
                                       0x11e5 (size before relaxing)
 .debug_str     0x000000000000201f      0x110 /tmp/ccEB9EoA.debug.temp.o
                                       0x11ea (size before relaxing)
 .debug_str     0x000000000000212f      0x32b /tmp/ccCCgqg3.debug.temp.o
                                       0x1566 (size before relaxing)
 .debug_str     0x000000000000245a       0xd7 /tmp/ccvR8viG.debug.temp.o
                                       0x1203 (size before relaxing)
 .debug_str     0x0000000000002531      0x190 /tmp/ccmbYMzu.debug.temp.o
                                       0x1751 (size before relaxing)
 .debug_str     0x00000000000026c1      0x164 /tmp/ccF0J3t3.debug.temp.o
                                       0x1245 (size before relaxing)
 .debug_str     0x0000000000002825      0x437 /tmp/ccMwqah8.debug.temp.o
                                       0x14fe (size before relaxing)
 .debug_str     0x0000000000002c5c      0x1a6 /tmp/cczqTG2n.debug.temp.o
                                       0x12fd (size before relaxing)
 .debug_str     0x0000000000002e02      0x17d /tmp/cc2hwGRR.debug.temp.o
                                       0x13c4 (size before relaxing)
 .debug_str     0x0000000000002f7f      0x12e /tmp/ccaJN5nW.debug.temp.o
                                       0x1293 (size before relaxing)
 .debug_str     0x00000000000030ad      0x2ff /tmp/ccqLPIj5.debug.temp.o
                                       0x199f (size before relaxing)
 .debug_str     0x00000000000033ac       0x84 /tmp/ccksPySK.debug.temp.o
                                       0x131d (size before relaxing)
 .debug_str     0x0000000000003430      0x127 /tmp/ccTPDMtd.debug.temp.o
                                       0x136d (size before relaxing)
 .debug_str     0x0000000000003557      0x174 /tmp/ccN4QhNE.debug.temp.o
                                       0x1367 (size before relaxing)
 .debug_str     0x00000000000036cb       0xa3 /tmp/ccsXVo8i.debug.temp.o
                                       0x12ed (size before relaxing)
 .debug_str     0x000000000000376e      0x300 /tmp/ccAZaTFv.debug.temp.o
                                        0xaee (size before relaxing)
 .debug_str     0x0000000000003a6e       0x73 /tmp/ccUiieuk.debug.temp.o
                                        0x821 (size before relaxing)
 .debug_str     0x0000000000003ae1      0x14c /tmp/ccqfJevx.debug.temp.o
                                        0x904 (size before relaxing)
 .debug_str     0x0000000000003c2d      0x278 /tmp/cc7HDSfY.debug.temp.o
                                        0xa77 (size before relaxing)
 .debug_str     0x0000000000003ea5       0xc4 /tmp/ccFID1v0.debug.temp.o
                                        0x8aa (size before relaxing)
 .debug_str     0x0000000000003f69       0xac /tmp/ccFavjRf.debug.temp.o
                                        0xbf9 (size before relaxing)
 .debug_str     0x0000000000004015       0xc4 /tmp/ccPNqzAI.debug.temp.o
                                        0x862 (size before relaxing)
 .debug_str     0x00000000000040d9      0x1a8 /tmp/cc9ZAC44.debug.temp.o
                                        0x96c (size before relaxing)
 .debug_str     0x0000000000004281       0xa5 /tmp/cch4kiTk.debug.temp.o
                                        0x845 (size before relaxing)
 .debug_str     0x0000000000004326       0xa9 /tmp/ccvsw5bI.debug.temp.o
                                        0x810 (size before relaxing)
 .debug_str     0x00000000000043cf       0xa7 /tmp/ccPfmKNO.debug.temp.o
                                        0x825 (size before relaxing)
 .debug_str     0x0000000000004476      0x147 /tmp/ccv1ic7G.debug.temp.o
                                        0x8c1 (size before relaxing)
 .debug_str     0x00000000000045bd      0x186 /tmp/cct55TNt.debug.temp.o
                                        0x8f7 (size before relaxing)
 .debug_str     0x0000000000004743      0x3e7 /tmp/ccN3POR0.debug.temp.o
                                        0xfb8 (size before relaxing)
 .debug_str     0x0000000000004b2a      0x13d /tmp/ccEKX7N5.debug.temp.o
                                       0x1185 (size before relaxing)
 .debug_str     0x0000000000004c67      0x139 /tmp/ccFMRbRm.debug.temp.o
                                       0x1250 (size before relaxing)
 .debug_str     0x0000000000004da0      0x244 /tmp/ccmacPYx.debug.temp.o
                                       0x1813 (size before relaxing)
 .debug_str     0x0000000000004fe4       0x3a /tmp/ccDKojdZ.debug.temp.o
                                       0x15e1 (size before relaxing)
 .debug_str     0x000000000000501e       0x9b /tmp/cc5fs6RR.debug.temp.o
                                       0x1665 (size before relaxing)
 .debug_str     0x00000000000050b9      0x14f /tmp/ccbtHsLr.debug.temp.o
                                       0x1482 (size before relaxing)
 .debug_str     0x0000000000005208      0x257 /tmp/ccSIRXs1.debug.temp.o
                                       0x1b90 (size before relaxing)

.debug_loc      0x0000000000000000     0xa65e
 .debug_loc     0x0000000000000000     0xa65e /tmp/ch.elf.njXWwS.ltrans0.ltrans.o

.debug_ranges   0x0000000000000000     0x4b00
 .debug_ranges  0x0000000000000000     0x4b00 /tmp/ch.elf.njXWwS.ltrans0.ltrans.o

.debug_frame    0x0000000000000000     0x13d8
 .debug_frame   0x0000000000000000      0xf9c /tmp/ch.elf.njXWwS.ltrans0.ltrans.o
 .debug_frame   0x0000000000000f9c       0x80 /home/rob/Projects/ChibiStudio/ChibiStudio_20/tools/GNU Tools ARM Embedded/9.2.1 2019q4/bin/../lib/gcc/arm-none-eabi/9.2.1/../../../../arm-none-eabi/lib/thumb/v7e-m/nofp/libg.a(lib_a-strtol.o)
 .debug_frame   0x000000000000101c       0x38 /home/rob/Projects/ChibiStudio/ChibiStudio_20/tools/GNU Tools ARM Embedded/9.2.1 2019q4/bin/../lib/gcc/arm-none-eabi/9.2.1/../../../../arm-none-eabi/lib/thumb/v7e-m/nofp/libg.a(lib_a-memset.o)
 .debug_frame   0x0000000000001054       0x40 /home/rob/Projects/ChibiStudio/ChibiStudio_20/tools/GNU Tools ARM Embedded/9.2.1 2019q4/bin/../lib/gcc/arm-none-eabi/9.2.1/../../../../arm-none-eabi/lib/thumb/v7e-m/nofp/libg.a(lib_a-strchr.o)
 .debug_frame   0x0000000000001094       0x68 /home/rob/Projects/ChibiStudio/ChibiStudio_20/tools/GNU Tools ARM Embedded/9.2.1 2019q4/bin/../lib/gcc/arm-none-eabi/9.2.1/../../../../arm-none-eabi/lib/thumb/v7e-m/nofp/libg.a(lib_a-strcmp.o)
 .debug_frame   0x00000000000010fc       0x34 /home/rob/Projects/ChibiStudio/ChibiStudio_20/tools/GNU Tools ARM Embedded/9.2.1 2019q4/bin/../lib/gcc/arm-none-eabi/9.2.1/../../../../arm-none-eabi/lib/thumb/v7e-m/nofp/libg.a(lib_a-strpbrk.o)
 .debug_frame   0x0000000000001130       0x34 /home/rob/Projects/ChibiStudio/ChibiStudio_20/tools/GNU Tools ARM Embedded/9.2.1 2019q4/bin/../lib/gcc/arm-none-eabi/9.2.1/../../../../arm-none-eabi/lib/thumb/v7e-m/nofp/libg.a(lib_a-strspn.o)
 .debug_frame   0x0000000000001164       0x88 /home/rob/Projects/ChibiStudio/ChibiStudio_20/tools/GNU Tools ARM Embedded/9.2.1 2019q4/bin/../lib/gcc/arm-none-eabi/9.2.1/../../../../arm-none-eabi/lib/thumb/v7e-m/nofp/libg.a(lib_a-strstr.o)
 .debug_frame   0x00000000000011ec       0x3c /home/rob/Projects/ChibiStudio/ChibiStudio_20/tools/GNU Tools ARM Embedded/9.2.1 2019q4/bin/../lib/gcc/arm-none-eabi/9.2.1/../../../../arm-none-eabi/lib/thumb/v7e-m/nofp/libg.a(lib_a-memcmp.o)
 .debug_frame   0x0000000000001228       0x30 /home/rob/Projects/ChibiStudio/ChibiStudio_20/tools/GNU Tools ARM Embedded/9.2.1 2019q4/bin/../lib/gcc/arm-none-eabi/9.2.1/../../../../arm-none-eabi/lib/thumb/v7e-m/nofp/libg.a(lib_a-strnlen.o)
 .debug_frame   0x0000000000001258       0xac /home/rob/Projects/ChibiStudio/ChibiStudio_20/tools/GNU Tools ARM Embedded/9.2.1 2019q4/bin/../lib/gcc/arm-none-eabi/9.2.1/thumb/v7e-m/nofp/libgcc.a(_arm_addsubdf3.o)
 .debug_frame   0x0000000000001304       0x50 /home/rob/Projects/ChibiStudio/ChibiStudio_20/tools/GNU Tools ARM Embedded/9.2.1 2019q4/bin/../lib/gcc/arm-none-eabi/9.2.1/thumb/v7e-m/nofp/libgcc.a(_arm_muldivdf3.o)
 .debug_frame   0x0000000000001354       0x24 /home/rob/Projects/ChibiStudio/ChibiStudio_20/tools/GNU Tools ARM Embedded/9.2.1 2019q4/bin/../lib/gcc/arm-none-eabi/9.2.1/thumb/v7e-m/nofp/libgcc.a(_arm_fixunsdfsi.o)
 .debug_frame   0x0000000000001378       0x2c /home/rob/Projects/ChibiStudio/ChibiStudio_20/tools/GNU Tools ARM Embedded/9.2.1 2019q4/bin/../lib/gcc/arm-none-eabi/9.2.1/thumb/v7e-m/nofp/libgcc.a(_aeabi_uldivmod.o)
 .debug_frame   0x00000000000013a4       0x34 /home/rob/Projects/ChibiStudio/ChibiStudio_20/tools/GNU Tools ARM Embedded/9.2.1 2019q4/bin/../lib/gcc/arm-none-eabi/9.2.1/thumb/v7e-m/nofp/libgcc.a(_udivmoddi4.o)

Cross Reference Table

Symbol                                            File
BusFault_Handler                                  ./build/obj/vectors.o
DebugMon_Handler                                  ./build/obj/vectors.o
HardFault_Handler                                 ./build/obj/vectors.o
ICUD1                                             ./build/obj/hal_icu_lld.o (symbol from plugin)
ICUD2                                             ./build/obj/hal_icu_lld.o (symbol from plugin)
                                                  ./build/obj/main.o (symbol from plugin)