Archive member included to satisfy reference by file (symbol)

/home/rob/Projects/ChibiStudio/ChibiStudio_20/tools/GNU Tools ARM Embedded/9.2.1 2019q4/bin/../lib/gcc/arm-none-eabi/9.2.1/../../../../arm-none-eabi/lib/thumb/v7e-m/nofp/libg.a(lib_a-ctype_.o)
                              ./build/obj/chscanf.o (symbol from plugin) (_ctype_)
/home/rob/Projects/ChibiStudio/ChibiStudio_20/tools/GNU Tools ARM Embedded/9.2.1 2019q4/bin/../lib/gcc/arm-none-eabi/9.2.1/../../../../arm-none-eabi/lib/thumb/v7e-m/nofp/libg.a(lib_a-strtol.o)
                              ./build/obj/comm.o (symbol from plugin) (strtol)
/home/rob/Projects/ChibiStudio/ChibiStudio_20/tools/GNU Tools ARM Embedded/9.2.1 2019q4/bin/../lib/gcc/arm-none-eabi/9.2.1/../../../../arm-none-eabi/lib/thumb/v7e-m/nofp/libg.a(lib_a-impure.o)
                              /home/rob/Projects/ChibiStudio/ChibiStudio_20/tools/GNU Tools ARM Embedded/9.2.1 2019q4/bin/../lib/gcc/arm-none-eabi/9.2.1/../../../../arm-none-eabi/lib/thumb/v7e-m/nofp/libg.a(lib_a-strtol.o) (_impure_ptr)
/home/rob/Projects/ChibiStudio/ChibiStudio_20/tools/GNU Tools ARM Embedded/9.2.1 2019q4/bin/../lib/gcc/arm-none-eabi/9.2.1/thumb/v7e-m/nofp/libgcc.a(_arm_muldf3.o)
                              /tmp/ch.elf.TWtk6T.ltrans0.ltrans.o (__aeabi_dmul)
/home/rob/Projects/ChibiStudio/ChibiStudio_20/tools/GNU Tools ARM Embedded/9.2.1 2019q4/bin/../lib/gcc/arm-none-eabi/9.2.1/thumb/v7e-m/nofp/libgcc.a(_arm_addsubdf3.o)
                              /tmp/ch.elf.TWtk6T.ltrans0.ltrans.o (__aeabi_ui2d)
/home/rob/Projects/ChibiStudio/ChibiStudio_20/tools/GNU Tools ARM Embedded/9.2.1 2019q4/bin/../lib/gcc/arm-none-eabi/9.2.1/thumb/v7e-m/nofp/libgcc.a(_arm_muldivdf3.o)
                              /tmp/ch.elf.TWtk6T.ltrans0.ltrans.o (__aeabi_ddiv)
/home/rob/Projects/ChibiStudio/ChibiStudio_20/tools/GNU Tools ARM Embedded/9.2.1 2019q4/bin/../lib/gcc/arm-none-eabi/9.2.1/thumb/v7e-m/nofp/libgcc.a(_arm_fixunsdfsi.o)
                              /tmp/ch.elf.TWtk6T.ltrans0.ltrans.o (__aeabi_d2uiz)
/home/rob/Projects/ChibiStudio/ChibiStudio_20/tools/GNU Tools ARM Embedded/9.2.1 2019q4/bin/../lib/gcc/arm-none-eabi/9.2.1/thumb/v7e-m/nofp/libgcc.a(_aeabi_ldivmod.o)
                              /tmp/ch.elf.TWtk6T.ltrans0.ltrans.o (__aeabi_ldivmod)
/home/rob/Projects/ChibiStudio/ChibiStudio_20/tools/GNU Tools ARM Embedded/9.2.1 2019q4/bin/../lib/gcc/arm-none-eabi/9.2.1/thumb/v7e-m/nofp/libgcc.a(_aeabi_uldivmod.o)
                              /tmp/ch.elf.TWtk6T.ltrans0.ltrans.o (__aeabi_uldivmod)
/home/rob/Projects/ChibiStudio/ChibiStudio_20/tools/GNU Tools ARM Embedded/9.2.1 2019q4/bin/../lib/gcc/arm-none-eabi/9.2.1/thumb/v7e-m/nofp/libgcc.a(_udivmoddi4.o)
                              /home/rob/Projects/ChibiStudio/ChibiStudio_20/tools/GNU Tools ARM Embedded/9.2.1 2019q4/bin/../lib/gcc/arm-none-eabi/9.2.1/thumb/v7e-m/nofp/libgcc.a(_aeabi_ldivmod.o) (__udivmoddi4)
/home/rob/Projects/ChibiStudio/ChibiStudio_20/tools/GNU Tools ARM Embedded/9.2.1 2019q4/bin/../lib/gcc/arm-none-eabi/9.2.1/thumb/v7e-m/nofp/libgcc.a(_dvmd_tls.o)
                              /home/rob/Projects/ChibiStudio/ChibiStudio_20/tools/GNU Tools ARM Embedded/9.2.1 2019q4/bin/../lib/gcc/arm-none-eabi/9.2.1/thumb/v7e-m/nofp/libgcc.a(_aeabi_ldivmod.o) (__aeabi_ldiv0)
/home/rob/Projects/ChibiStudio/ChibiStudio_20/tools/GNU Tools ARM Embedded/9.2.1 2019q4/bin/../lib/gcc/arm-none-eabi/9.2.1/../../../../arm-none-eabi/lib/thumb/v7e-m/nofp/libg.a(lib_a-memcpy.o)
                              /tmp/ch.elf.TWtk6T.ltrans0.ltrans.o (memcpy)
/home/rob/Projects/ChibiStudio/ChibiStudio_20/tools/GNU Tools ARM Embedded/9.2.1 2019q4/bin/../lib/gcc/arm-none-eabi/9.2.1/../../../../arm-none-eabi/lib/thumb/v7e-m/nofp/libg.a(lib_a-memset.o)
                              /tmp/ch.elf.TWtk6T.ltrans0.ltrans.o (memset)
/home/rob/Projects/ChibiStudio/ChibiStudio_20/tools/GNU Tools ARM Embedded/9.2.1 2019q4/bin/../lib/gcc/arm-none-eabi/9.2.1/../../../../arm-none-eabi/lib/thumb/v7e-m/nofp/libg.a(lib_a-strchr.o)
                              /tmp/ch.elf.TWtk6T.ltrans0.ltrans.o (strchr)
/home/rob/Projects/ChibiStudio/ChibiStudio_20/tools/GNU Tools ARM Embedded/9.2.1 2019q4/bin/../lib/gcc/arm-none-eabi/9.2.1/../../../../arm-none-eabi/lib/thumb/v7e-m/nofp/libg.a(lib_a-strcmp.o)
                              /tmp/ch.elf.TWtk6T.ltrans0.ltrans.o (strcmp)
/home/rob/Projects/ChibiStudio/ChibiStudio_20/tools/GNU Tools ARM Embedded/9.2.1 2019q4/bin/../lib/gcc/arm-none-eabi/9.2.1/../../../../arm-none-eabi/lib/thumb/v7e-m/nofp/libg.a(lib_a-strlen.o)
                              /tmp/ch.elf.TWtk6T.ltrans0.ltrans.o (strlen)
/home/rob/Projects/ChibiStudio/ChibiStudio_20/tools/GNU Tools ARM Embedded/9.2.1 2019q4/bin/../lib/gcc/arm-none-eabi/9.2.1/../../../../arm-none-eabi/lib/thumb/v7e-m/nofp/libg.a(lib_a-strpbrk.o)
                              /tmp/ch.elf.TWtk6T.ltrans0.ltrans.o (strpbrk)
[...]
Memory Configuration

Name             Origin             Length             Attributes
flash0           0x0000000008000000 0x0000000000040000 xr
flash1           0x0000000000000000 0x0000000000000000 xr
flash2           0x0000000000000000 0x0000000000000000 xr
flash3           0x0000000000000000 0x0000000000000000 xr
flash4           0x0000000000000000 0x0000000000000000 xr
flash5           0x0000000000000000 0x0000000000000000 xr
flash6           0x0000000000000000 0x0000000000000000 xr
flash7           0x0000000000000000 0x0000000000000000 xr
ram0             0x0000000020000000 0x0000000000010000 xw
ram1             0x0000000000000000 0x0000000000000000 xw
ram2             0x0000000000000000 0x0000000000000000 xw
ram3             0x0000000000000000 0x0000000000000000 xw
ram4             0x0000000000000000 0x0000000000000000 xw
ram5             0x0000000000000000 0x0000000000000000 xw
ram6             0x0000000000000000 0x0000000000000000 xw
ram7             0x0000000000000000 0x0000000000000000 xw
*default*        0x0000000000000000 0xffffffffffffffff

Linker script and memory map

LOAD ./build/obj/crt0_v7m.o
LOAD ./build/obj/vectors.o
LOAD ./build/obj/chcoreasm_v7m.o
LOAD /tmp/ch.elf.TWtk6T.ltrans0.ltrans.o
LOAD /tmp/ccBbieO4.debug.temp.o
LOAD /tmp/ccn1EeA3.debug.temp.o
LOAD /tmp/cc6r2FaO.debug.temp.o
LOAD /tmp/cc48CFb2.debug.temp.o
LOAD /tmp/cc2teJBw.debug.temp.o
LOAD /tmp/ccelAdQp.debug.temp.o
LOAD /tmp/ccHNyfNf.debug.temp.o
LOAD /tmp/ccod0mzy.debug.temp.o
LOAD /tmp/ccI0Jp9h.debug.temp.o
LOAD /tmp/cccGIeC6.debug.temp.o
LOAD /tmp/cc5j76RD.debug.temp.o
LOAD /tmp/ccLtMkbF.debug.temp.o
LOAD /tmp/cccuw4ku.debug.temp.o
LOAD /tmp/ccScxXEs.debug.temp.o
LOAD /tmp/cc9VZmww.debug.temp.o
LOAD /tmp/cctPzovJ.debug.temp.o
LOAD /tmp/cc1e0W3k.debug.temp.o
LOAD /tmp/ccMZzon9.debug.temp.o
LOAD /tmp/cc80WRxN.debug.temp.o
LOAD /tmp/ccCx6nTK.debug.temp.o
LOAD /tmp/cc0MBfNn.debug.temp.o
LOAD /tmp/ccQFOS4Q.debug.temp.o
LOAD /tmp/cc7lz8qr.debug.temp.o
LOAD /tmp/cczU1w6Z.debug.temp.o
LOAD /tmp/ccBVZxYm.debug.temp.o
LOAD /tmp/ccjmdXul.debug.temp.o
LOAD /tmp/ccJvcGFy.debug.temp.o
LOAD /tmp/cclrs4E1.debug.temp.o
LOAD /tmp/ccqlyYHN.debug.temp.o
LOAD /tmp/ccGwsdA6.debug.temp.o
LOAD /tmp/ccUhEbYV.debug.temp.o
LOAD /tmp/cc2bRj8b.debug.temp.o
LOAD /tmp/cc894aC6.debug.temp.o
LOAD /tmp/cc7PWAzA.debug.temp.o
LOAD /tmp/cc4yfUpG.debug.temp.o
LOAD /tmp/ccIGrOph.debug.temp.o
LOAD /tmp/ccpeP1xm.debug.temp.o
LOAD /tmp/ccSsC64i.debug.temp.o
LOAD /tmp/cckOk2Y7.debug.temp.o
LOAD /tmp/cckdBGaj.debug.temp.o
LOAD /tmp/ccuzerHw.debug.temp.o
LOAD /tmp/ccf6dUQ9.debug.temp.o
LOAD /tmp/ccKolQdj.debug.temp.o
LOAD /tmp/cc28gRwI.debug.temp.o
LOAD /tmp/ccalp8PW.debug.temp.o
LOAD /tmp/ccuHPFji.debug.temp.o
LOAD /tmp/ccYQeWIs.debug.temp.o
LOAD /tmp/cc9yhJBb.debug.temp.o
LOAD /tmp/ccxW5vAp.debug.temp.o
LOAD /tmp/ccl1ECSd.debug.temp.o
LOAD /tmp/cceWM52L.debug.temp.o
LOAD /tmp/ccn2hSXK.debug.temp.o
LOAD /tmp/ccJNrslI.debug.temp.o
LOAD /tmp/ccGBJdXg.debug.temp.o
LOAD /tmp/ccitFiIx.debug.temp.o
LOAD /tmp/ccClrzI4.debug.temp.o
LOAD /tmp/cccKp2ar.debug.temp.o
LOAD /tmp/ccUwnRlX.debug.temp.o
LOAD /tmp/ccibCLkZ.debug.temp.o
LOAD /tmp/ccsB2Dlt.debug.temp.o

.mstack         0x0000000020000000      0x400
                0x0000000020000000                . = ALIGN (0x8)
                0x0000000020000000                __main_stack_base__ = .
                0x0000000020000400                . = (. + __main_stack_size__)
 *fill*         0x0000000020000000      0x400 
                0x0000000020000400                . = ALIGN (0x8)
                0x0000000020000400                __main_stack_end__ = .

.pstack         0x0000000020000400      0x400
                0x0000000020000400                . = ALIGN (0x8)
                0x0000000020000400                __process_stack_base__ = .
                0x0000000020000400                __main_thread_stack_base__ = .
                0x0000000020000800                . = (. + __process_stack_size__)
 *fill*         0x0000000020000400      0x400 
                0x0000000020000800                . = ALIGN (0x8)
                0x0000000020000800                __process_stack_end__ = .
                0x0000000020000800                __main_thread_stack_end__ = .

.vectors        0x0000000008000000      0x1e0
 *(.vectors)
 .vectors       0x0000000008000000      0x1e0 ./build/obj/vectors.o
                0x0000000008000000                _vectors

.xtors          0x00000000080001e0        0x0
                0x00000000080001e0                __init_array_base__ = .
 *(SORT_BY_NAME(.init_array.*))
 *(.init_array)
                0x00000000080001e0                __init_array_end__ = .
                0x00000000080001e0                __fini_array_base__ = .
 *(.fini_array)
 *(SORT_BY_NAME(.fini_array.*))
                0x00000000080001e0                __fini_array_end__ = .

.text           0x0000000008000200     0x5e40
                0x0000000008000200                __text_base__ = .
 *(.text)
 .text          0x0000000008000200       0xd8 ./build/obj/crt0_v7m.o
                0x0000000008000200                _crt0_entry
 .text          0x00000000080002d8        0x8 ./build/obj/vectors.o
                0x00000000080002d8                Reset_Handler
                0x00000000080002da                Vector58
                0x00000000080002da                VectorE8
                0x00000000080002da                Vector9C
                0x00000000080002da                DebugMon_Handler
                0x00000000080002da                Vector1A0
                0x00000000080002da                Vector5C
                0x00000000080002da                Vector11C
                0x00000000080002da                HardFault_Handler
                0x00000000080002da                Vector1B8
                0x00000000080002da                Vector19C
                0x00000000080002da                Vector8C
                0x00000000080002da                SysTick_Handler
                0x00000000080002da                VectorDC
                0x00000000080002da                PendSV_Handler
                0x00000000080002da                Vector168
                0x00000000080002da                NMI_Handler
                0x00000000080002da                Vector110
                0x00000000080002da                Vector120
                0x00000000080002da                Vector1D8
                0x00000000080002da                VectorC8
                0x00000000080002da                Vector94
                0x00000000080002da                VectorA8
                0x00000000080002da                VectorB4
                0x00000000080002da                Vector74
                0x00000000080002da                Vector160
                0x00000000080002da                Vector1B0
                0x00000000080002da                UsageFault_Handler
                0x00000000080002da                VectorEC
                0x00000000080002da                Vector40
                0x00000000080002da                VectorF8
                0x00000000080002da                VectorBC
                0x00000000080002da                Vector190
                0x00000000080002da                Vector150
                0x00000000080002da                Vector124
                0x00000000080002da                Vector1C4
                0x00000000080002da                Vector1CC
                0x00000000080002da                Vector148
                0x00000000080002da                Vector188
                0x00000000080002da                Vector198
                0x00000000080002da                Vector118
                0x00000000080002da                Vector64
                0x00000000080002da                VectorCC
                0x00000000080002da                Vector54
                0x00000000080002da                Vector98
                0x00000000080002da                Vector138
                0x00000000080002da                Vector24
                0x00000000080002da                Vector1AC
                0x00000000080002da                Vector178
                0x00000000080002da                Vector84
                0x00000000080002da                SecureFault_Handler
                0x00000000080002da                Vector1A4
                0x00000000080002da                VectorD0
                0x00000000080002da                Vector1B4
                0x00000000080002da                Vector140
                0x00000000080002da                VectorE4
                0x00000000080002da                VectorC0
                0x00000000080002da                Vector158
                0x00000000080002da                Vector130
                0x00000000080002da                Vector1C0
                0x00000000080002da                Vector134
                0x00000000080002da                Vector1D0
                0x00000000080002da                VectorF0
                0x00000000080002da                Vector12C
                0x00000000080002da                Vector13C
                0x00000000080002da                Vector100
                0x00000000080002da                VectorE0
                0x00000000080002da                VectorF4
                0x00000000080002da                MemManage_Handler
                0x00000000080002da                Vector6C
                0x00000000080002da                VectorA0
                0x00000000080002da                VectorC4
                0x00000000080002da                Vector7C
                0x00000000080002da                Vector180
                0x00000000080002da                Vector90
                0x00000000080002da                Vector114
                0x00000000080002da                Vector164
                0x00000000080002da                Vector60
                0x00000000080002da                Vector1BC
                0x00000000080002da                Vector1D4
                0x00000000080002da                Vector17C
                0x00000000080002da                Vector48
                0x00000000080002da                Vector1A8
                0x00000000080002da                Vector16C
                0x00000000080002da                Vector70
                0x00000000080002da                Vector4C
                0x00000000080002da                Vector144
                0x00000000080002da                Vector80
                0x00000000080002da                Vector68
                0x00000000080002da                Vector78
                0x00000000080002da                Vector170
                0x00000000080002da                Vector88
                0x00000000080002da                Vector104
                0x00000000080002da                Vector184
                0x00000000080002da                Vector10C
                0x00000000080002da                BusFault_Handler
                0x00000000080002da                Vector50
                0x00000000080002da                Vector1C8
                0x00000000080002da                Vector194
                0x00000000080002da                Vector1DC
                0x00000000080002da                Vector154
                0x00000000080002da                Vector44
                0x00000000080002da                Vector28
                0x00000000080002da                VectorB8
                0x00000000080002da                VectorFC
                0x00000000080002da                Vector34
                0x00000000080002da                Vector128
                0x00000000080002da                Vector20
                0x00000000080002da                Vector18C
                0x00000000080002da                Vector174
                0x00000000080002de                _unhandled_exception
 .text          0x00000000080002e0       0x2a ./build/obj/chcoreasm_v7m.o
                0x00000000080002e0                _port_switch
                0x00000000080002f0                _port_thread_start
                0x0000000008000302                _port_switch_from_isr
                0x0000000008000306                _port_exit_from_isr
 *fill*         0x000000000800030a        0x2 
 .text          0x000000000800030c      0x134 /home/rob/Projects/ChibiStudio/ChibiStudio_20/tools/GNU Tools ARM Embedded/9.2.1 2019q4/bin/../lib/gcc/arm-none-eabi/9.2.1/../../../../arm-none-eabi/lib/thumb/v7e-m/nofp/libg.a(lib_a-memcpy.o)
                0x000000000800030c                memcpy
 .text          0x0000000008000440      0x2dc /home/rob/Projects/ChibiStudio/ChibiStudio_20/tools/GNU Tools ARM Embedded/9.2.1 2019q4/bin/../lib/gcc/arm-none-eabi/9.2.1/../../../../arm-none-eabi/lib/thumb/v7e-m/nofp/libg.a(lib_a-strcmp.o)
                0x0000000008000448                strcmp
 *fill*         0x000000000800071c       0x24 
 .text          0x0000000008000740       0xdc /home/rob/Projects/ChibiStudio/ChibiStudio_20/tools/GNU Tools ARM Embedded/9.2.1 2019q4/bin/../lib/gcc/arm-none-eabi/9.2.1/../../../../arm-none-eabi/lib/thumb/v7e-m/nofp/libg.a(lib_a-strlen.o)
                0x0000000008000740                strlen
 .text          0x000000000800081c      0x378 /home/rob/Projects/ChibiStudio/ChibiStudio_20/tools/GNU Tools ARM Embedded/9.2.1 2019q4/bin/../lib/gcc/arm-none-eabi/9.2.1/thumb/v7e-m/nofp/libgcc.a(_arm_addsubdf3.o)
                0x000000000800081c                __aeabi_drsub
                0x0000000008000824                __aeabi_dsub
                0x0000000008000824                __subdf3
                0x0000000008000828                __adddf3
                0x0000000008000828                __aeabi_dadd
                0x0000000008000aa0                __aeabi_ui2d
                0x0000000008000aa0                __floatunsidf
                0x0000000008000ac0                __floatsidf
                0x0000000008000ac0                __aeabi_i2d
                0x0000000008000ae4                __extendsfdf2
                0x0000000008000ae4                __aeabi_f2d
                0x0000000008000b28                __aeabi_ul2d
                0x0000000008000b28                __floatundidf
                0x0000000008000b38                __floatdidf
                0x0000000008000b38                __aeabi_l2d
 .text          0x0000000008000b94      0x424 /home/rob/Projects/ChibiStudio/ChibiStudio_20/tools/GNU Tools ARM Embedded/9.2.1 2019q4/bin/../lib/gcc/arm-none-eabi/9.2.1/thumb/v7e-m/nofp/libgcc.a(_arm_muldivdf3.o)
                0x0000000008000b94                __aeabi_dmul
                0x0000000008000b94                __muldf3
                0x0000000008000de8                __aeabi_ddiv
                0x0000000008000de8                __divdf3
 .text          0x0000000008000fb8       0x40 /home/rob/Projects/ChibiStudio/ChibiStudio_20/tools/GNU Tools ARM Embedded/9.2.1 2019q4/bin/../lib/gcc/arm-none-eabi/9.2.1/thumb/v7e-m/nofp/libgcc.a(_arm_fixunsdfsi.o)
                0x0000000008000fb8                __fixunsdfsi
                0x0000000008000fb8                __aeabi_d2uiz
 .text          0x0000000008000ff8       0x30 /home/rob/Projects/ChibiStudio/ChibiStudio_20/tools/GNU Tools ARM Embedded/9.2.1 2019q4/bin/../lib/gcc/arm-none-eabi/9.2.1/thumb/v7e-m/nofp/libgcc.a(_aeabi_uldivmod.o)
                0x0000000008000ff8                __aeabi_uldivmod
 .text          0x0000000008001028      0x2c0 /home/rob/Projects/ChibiStudio/ChibiStudio_20/tools/GNU Tools ARM Embedded/9.2.1 2019q4/bin/../lib/gcc/arm-none-eabi/9.2.1/thumb/v7e-m/nofp/libgcc.a(_udivmoddi4.o)
                0x0000000008001028                __udivmoddi4
 .text          0x00000000080012e8        0x4 /home/rob/Projects/ChibiStudio/ChibiStudio_20/tools/GNU Tools ARM Embedded/9.2.1 2019q4/bin/../lib/gcc/arm-none-eabi/9.2.1/thumb/v7e-m/nofp/libgcc.a(_dvmd_tls.o)
                0x00000000080012e8                __aeabi_ldiv0
                0x00000000080012e8                __aeabi_idiv0
 *(.text.*)
 *fill*         0x00000000080012ec        0x4 
 .text.sdObjectInit.constprop.0
                0x00000000080012f0       0x58 /tmp/ch.elf.TWtk6T.ltrans0.ltrans.o
 *fill*         0x0000000008001348        0x8 
 .text.icu_lld_enable_notifications.constprop.0
                0x0000000008001350       0x40 /tmp/ch.elf.TWtk6T.ltrans0.ltrans.o
 .text.sdStart.constprop.0
                0x0000000008001390      0x140 /tmp/ch.elf.TWtk6T.ltrans0.ltrans.o
 .text.otg_txfifo_handler.constprop.0
                0x00000000080014d0       0x90 /tmp/ch.elf.TWtk6T.ltrans0.ltrans.o
 .text.chCoreAllocFromTop
                0x0000000008001560       0x3c /tmp/ch.elf.TWtk6T.ltrans0.ltrans.o
 *fill*         0x000000000800159c        0x4 
 .text.notify1  0x00000000080015a0       0x10 /tmp/ch.elf.TWtk6T.ltrans0.ltrans.o
 .text.notify2  0x00000000080015b0       0x10 /tmp/ch.elf.TWtk6T.ltrans0.ltrans.o
 .text.notify6  0x00000000080015c0       0x10 /tmp/ch.elf.TWtk6T.ltrans0.ltrans.o
 .text.icuperiodcb1
                0x00000000080015d0       0x34 /tmp/ch.elf.TWtk6T.ltrans0.ltrans.o
 *fill*         0x0000000008001604        0xc 
 .text.icuwidthcb1
                0x0000000008001610       0x20 /tmp/ch.elf.TWtk6T.ltrans0.ltrans.o
 .text.requests_hook
                0x0000000008001630       0x5c /tmp/ch.elf.TWtk6T.ltrans0.ltrans.o
 *fill*         0x000000000800168c        0x4 
 .text.get_descriptor
                0x0000000008001690       0x34 /tmp/ch.elf.TWtk6T.ltrans0.ltrans.o
 *fill*         0x00000000080016c4        0xc 
 .text._port_irq_epilogue
                0x00000000080016d0       0x4c /tmp/ch.elf.TWtk6T.ltrans0.ltrans.o
 *fill*         0x000000000800171c        0x4 
 .text.chCoreAllocAlignedI
                0x0000000008001720       0x28 /tmp/ch.elf.TWtk6T.ltrans0.ltrans.o
 *fill*         0x0000000008001748        0x8 
 .text.chTMStopMeasurementX
                0x0000000008001750       0x44 /tmp/ch.elf.TWtk6T.ltrans0.ltrans.o
 *fill*         0x0000000008001794        0xc 
 .text.chTMStartMeasurementX
                0x00000000080017a0        0xc /tmp/ch.elf.TWtk6T.ltrans0.ltrans.o
 *fill*         0x00000000080017ac        0x4 
 .text.chThdCreateSuspendedI
                0x00000000080017b0       0x78 /tmp/ch.elf.TWtk6T.ltrans0.ltrans.o
 *fill*         0x0000000008001828        0x8 
 .text.wakeup   0x0000000008001830       0x6c /tmp/ch.elf.TWtk6T.ltrans0.ltrans.o
 *fill*         0x000000000800189c        0x4 
 .text.chSchReadyI
                0x00000000080018a0       0x24 /tmp/ch.elf.TWtk6T.ltrans0.ltrans.o
 *fill*         0x00000000080018c4        0xc 
 .text.chThdDequeueAllI.constprop.0
                0x00000000080018d0       0x24 /tmp/ch.elf.TWtk6T.ltrans0.ltrans.o
 *fill*         0x00000000080018f4        0xc 
 .text.chThdDequeueNextI.constprop.0
                0x0000000008001900       0x18 /tmp/ch.elf.TWtk6T.ltrans0.ltrans.o
 *fill*         0x0000000008001918        0x8 
 .text.chEvtBroadcastFlagsI
                0x0000000008001920       0x58 /tmp/ch.elf.TWtk6T.ltrans0.ltrans.o
 *fill*         0x0000000008001978        0x8 
 .text.chSysPolledDelayX
                0x0000000008001980       0x14 /tmp/ch.elf.TWtk6T.ltrans0.ltrans.o
 *fill*         0x0000000008001994        0xc 
 .text._idle_thread
                0x00000000080019a0        0x4 /tmp/ch.elf.TWtk6T.ltrans0.ltrans.o
 *fill*         0x00000000080019a4        0xc 
 .text.serve_interrupt
                0x00000000080019b0      0x18c /tmp/ch.elf.TWtk6T.ltrans0.ltrans.o
 *fill*         0x0000000008001b3c        0x4 
 .text.icu_lld_serve_interrupt
                0x0000000008001b40       0x8c /tmp/ch.elf.TWtk6T.ltrans0.ltrans.o
 *fill*         0x0000000008001bcc        0x4 
 .text.usb_lld_start_in
                0x0000000008001bd0       0xa0 /tmp/ch.elf.TWtk6T.ltrans0.ltrans.o
 .text.otg_epin_handler.constprop.0
                0x0000000008001c70       0x88 /tmp/ch.elf.TWtk6T.ltrans0.ltrans.o
 *fill*         0x0000000008001cf8        0x8 
 .text.usb_lld_start_out
                0x0000000008001d00       0x80 /tmp/ch.elf.TWtk6T.ltrans0.ltrans.o
 .text.otg_epout_handler.constprop.0
                0x0000000008001d80       0x9c /tmp/ch.elf.TWtk6T.ltrans0.ltrans.o
 *fill*         0x0000000008001e1c        0x4 
 .text._pal_lld_setgroupmode
                0x0000000008001e20       0xd0 /tmp/ch.elf.TWtk6T.ltrans0.ltrans.o
 .text._usb_ep0out
                0x0000000008001ef0       0x94 /tmp/ch.elf.TWtk6T.ltrans0.ltrans.o
 *fill*         0x0000000008001f84        0xc 
 .text._usb_ep0in
                0x0000000008001f90       0xd8 /tmp/ch.elf.TWtk6T.ltrans0.ltrans.o
 *fill*         0x0000000008002068        0x8 
 .text.usbStartTransmitI
                0x0000000008002070       0x28 /tmp/ch.elf.TWtk6T.ltrans0.ltrans.o
 *fill*         0x0000000008002098        0x8 
 .text.usbDisableEndpointsI
                0x00000000080020a0       0x70 /tmp/ch.elf.TWtk6T.ltrans0.ltrans.o
 .text.sduInterruptTransmitted
                0x0000000008002110        0x4 /tmp/ch.elf.TWtk6T.ltrans0.ltrans.o
 *fill*         0x0000000008002114        0xc 
 .text._ctl.lto_priv.0
                0x0000000008002120        0x4 /tmp/ch.elf.TWtk6T.ltrans0.ltrans.o
 *fill*         0x0000000008002124        0xc 
 .text._ctl     0x0000000008002130        0x4 /tmp/ch.elf.TWtk6T.ltrans0.ltrans.o
 *fill*         0x0000000008002134        0xc 
 .text.sdu_start_receive
                0x0000000008002140       0x60 /tmp/ch.elf.TWtk6T.ltrans0.ltrans.o
 .text.ibnotify
                0x00000000080021a0        0x8 /tmp/ch.elf.TWtk6T.ltrans0.ltrans.o
 *fill*         0x00000000080021a8        0x8 
 .text.sduDataReceived
                0x00000000080021b0       0x64 /tmp/ch.elf.TWtk6T.ltrans0.ltrans.o
 *fill*         0x0000000008002214        0xc 
 .text.obqGetFullBufferI
                0x0000000008002220       0x1c /tmp/ch.elf.TWtk6T.ltrans0.ltrans.o
 *fill*         0x000000000800223c        0x4 
 .text.obnotify
                0x0000000008002240       0x44 /tmp/ch.elf.TWtk6T.ltrans0.ltrans.o
 *fill*         0x0000000008002284        0xc 
 .text.sof_handler
                0x0000000008002290       0x8c /tmp/ch.elf.TWtk6T.ltrans0.ltrans.o
 *fill*         0x000000000800231c        0x4 
 .text.sduDataTransmitted
                0x0000000008002320       0xa8 /tmp/ch.elf.TWtk6T.ltrans0.ltrans.o
 *fill*         0x00000000080023c8        0x8 
 .text.icu_lld_start.constprop.0
                0x00000000080023d0       0xe4 /tmp/ch.elf.TWtk6T.ltrans0.ltrans.o
 *fill*         0x00000000080024b4        0xc 
 .text.chSchWakeupS.constprop.0
                0x00000000080024c0       0x58 /tmp/ch.elf.TWtk6T.ltrans0.ltrans.o
 *fill*         0x0000000008002518        0x8 
 .text.chThdCreateStatic.constprop.0
                0x0000000008002520       0x80 /tmp/ch.elf.TWtk6T.ltrans0.ltrans.o
 .text.chSchGoSleepS
                0x00000000080025a0       0x28 /tmp/ch.elf.TWtk6T.ltrans0.ltrans.o
 *fill*         0x00000000080025c8        0x8 
 .text.chMtxLockS
                0x00000000080025d0       0xc0 /tmp/ch.elf.TWtk6T.ltrans0.ltrans.o
 .text.chThdExitS
                0x0000000008002690       0x48 /tmp/ch.elf.TWtk6T.ltrans0.ltrans.o
 *fill*         0x00000000080026d8        0x8 
 .text.chSchGoSleepTimeoutS
                0x00000000080026e0      0x10c /tmp/ch.elf.TWtk6T.ltrans0.ltrans.o
 *fill*         0x00000000080027ec        0x4 
 .text.chThdEnqueueTimeoutS
                0x00000000080027f0       0x28 /tmp/ch.elf.TWtk6T.ltrans0.ltrans.o
 *fill*         0x0000000008002818        0x8 
 .text.oqPutTimeout
                0x0000000008002820       0x50 /tmp/ch.elf.TWtk6T.ltrans0.ltrans.o
 .text._putt.lto_priv.0
                0x0000000008002870        0x8 /tmp/ch.elf.TWtk6T.ltrans0.ltrans.o
 *fill*         0x0000000008002878        0x8 
 .text._put.lto_priv.0
                0x0000000008002880        0xc /tmp/ch.elf.TWtk6T.ltrans0.ltrans.o
 *fill*         0x000000000800288c        0x4 
 .text.iqGetTimeout
                0x0000000008002890       0x54 /tmp/ch.elf.TWtk6T.ltrans0.ltrans.o
 *fill*         0x00000000080028e4        0xc 
 .text._gett.lto_priv.0
                0x00000000080028f0        0x8 /tmp/ch.elf.TWtk6T.ltrans0.ltrans.o
 *fill*         0x00000000080028f8        0x8 
 .text._get.lto_priv.0
                0x0000000008002900        0xc /tmp/ch.elf.TWtk6T.ltrans0.ltrans.o
 *fill*         0x000000000800290c        0x4 
 .text.obqGetEmptyBufferTimeoutS
                0x0000000008002910       0x34 /tmp/ch.elf.TWtk6T.ltrans0.ltrans.o
 *fill*         0x0000000008002944        0xc 
 .text.obqPutTimeout
                0x0000000008002950       0x64 /tmp/ch.elf.TWtk6T.ltrans0.ltrans.o
 *fill*         0x00000000080029b4        0xc 
 .text._putt.lto_priv.1
                0x00000000080029c0        0x8 /tmp/ch.elf.TWtk6T.ltrans0.ltrans.o
 *fill*         0x00000000080029c8        0x8 
 .text._put.lto_priv.1
                0x00000000080029d0        0xc /tmp/ch.elf.TWtk6T.ltrans0.ltrans.o
 *fill*         0x00000000080029dc        0x4 
 .text.ibqGetFullBufferTimeoutS
                0x00000000080029e0       0x34 /tmp/ch.elf.TWtk6T.ltrans0.ltrans.o
 *fill*         0x0000000008002a14        0xc 
 .text.ibqGetTimeout
                0x0000000008002a20       0x5c /tmp/ch.elf.TWtk6T.ltrans0.ltrans.o
 *fill*         0x0000000008002a7c        0x4 
 .text._gett.lto_priv.1
                0x0000000008002a80        0x8 /tmp/ch.elf.TWtk6T.ltrans0.ltrans.o
 *fill*         0x0000000008002a88        0x8 
 .text._get.lto_priv.1
                0x0000000008002a90        0xc /tmp/ch.elf.TWtk6T.ltrans0.ltrans.o
 *fill*         0x0000000008002a9c        0x4 
 .text.chThdSleep
                0x0000000008002aa0       0x18 /tmp/ch.elf.TWtk6T.ltrans0.ltrans.o
 *fill*         0x0000000008002ab8        0x8 
 .text._usb_ep0setup
                0x0000000008002ac0      0x39c /tmp/ch.elf.TWtk6T.ltrans0.ltrans.o
 *fill*         0x0000000008002e5c        0x4 
 .text.oqWriteTimeout
                0x0000000008002e60       0xd4 /tmp/ch.elf.TWtk6T.ltrans0.ltrans.o
 *fill*         0x0000000008002f34        0xc 
 .text._writet.lto_priv.0
                0x0000000008002f40        0x8 /tmp/ch.elf.TWtk6T.ltrans0.ltrans.o
 *fill*         0x0000000008002f48        0x8 
 .text._write.lto_priv.0
                0x0000000008002f50        0xc /tmp/ch.elf.TWtk6T.ltrans0.ltrans.o
 *fill*         0x0000000008002f5c        0x4 
 .text.iqReadTimeout
                0x0000000008002f60       0xd4 /tmp/ch.elf.TWtk6T.ltrans0.ltrans.o
 *fill*         0x0000000008003034        0xc 
 .text._readt.lto_priv.0
                0x0000000008003040        0x8 /tmp/ch.elf.TWtk6T.ltrans0.ltrans.o
 *fill*         0x0000000008003048        0x8 
 .text._read.lto_priv.0
                0x0000000008003050        0xc /tmp/ch.elf.TWtk6T.ltrans0.ltrans.o
 *fill*         0x000000000800305c        0x4 
 .text.obqWriteTimeout
                0x0000000008003060       0xd8 /tmp/ch.elf.TWtk6T.ltrans0.ltrans.o
 *fill*         0x0000000008003138        0x8 
 .text._writet.lto_priv.1
                0x0000000008003140        0x8 /tmp/ch.elf.TWtk6T.ltrans0.ltrans.o
 *fill*         0x0000000008003148        0x8 
 .text._write.lto_priv.1
                0x0000000008003150        0xc /tmp/ch.elf.TWtk6T.ltrans0.ltrans.o
 *fill*         0x000000000800315c        0x4 
 .text.ibqReadTimeout
                0x0000000008003160       0xcc /tmp/ch.elf.TWtk6T.ltrans0.ltrans.o
 *fill*         0x000000000800322c        0x4 
 .text._readt.lto_priv.1
                0x0000000008003230        0x8 /tmp/ch.elf.TWtk6T.ltrans0.ltrans.o
 *fill*         0x0000000008003238        0x8 
 .text._read.lto_priv.1
                0x0000000008003240        0xc /tmp/ch.elf.TWtk6T.ltrans0.ltrans.o
 *fill*         0x000000000800324c        0x4 
 .text.get_history
                0x0000000008003250       0xf4 /tmp/ch.elf.TWtk6T.ltrans0.ltrans.o
 *fill*         0x0000000008003344        0xc 
 .text.usbInitEndpointI
                0x0000000008003350      0x174 /tmp/ch.elf.TWtk6T.ltrans0.ltrans.o
 *fill*         0x00000000080034c4        0xc 
 .text.usb_event
                0x00000000080034d0       0xf4 /tmp/ch.elf.TWtk6T.ltrans0.ltrans.o
 *fill*         0x00000000080035c4        0xc 
 .text.parse_arguments
                0x00000000080035d0       0x58 /tmp/ch.elf.TWtk6T.ltrans0.ltrans.o
 *fill*         0x0000000008003628        0x8 
 .text.chprintf
                0x0000000008003630      0x4ac /tmp/ch.elf.TWtk6T.ltrans0.ltrans.o
 *fill*         0x0000000008003adc        0x4 
 .text.Thread1  0x0000000008003ae0      0x10c /tmp/ch.elf.TWtk6T.ltrans0.ltrans.o
 *fill*         0x0000000008003bec        0x4 
 .text.send_data
                0x0000000008003bf0       0x8c /tmp/ch.elf.TWtk6T.ltrans0.ltrans.o
 *fill*         0x0000000008003c7c        0x4 
 .text.Listener1
                0x0000000008003c80       0x40 /tmp/ch.elf.TWtk6T.ltrans0.ltrans.o
 .text.Listener2
                0x0000000008003cc0       0x40 /tmp/ch.elf.TWtk6T.ltrans0.ltrans.o
 .text.Listener3
                0x0000000008003d00       0x44 /tmp/ch.elf.TWtk6T.ltrans0.ltrans.o
 *fill*         0x0000000008003d44        0xc 
 .text.cmd_sbr  0x0000000008003d50       0x8c /tmp/ch.elf.TWtk6T.ltrans0.ltrans.o
 *fill*         0x0000000008003ddc        0x4 
 .text.cmd_test
                0x0000000008003de0       0x40 /tmp/ch.elf.TWtk6T.ltrans0.ltrans.o
 .text.cmd_echo
                0x0000000008003e20       0x20 /tmp/ch.elf.TWtk6T.ltrans0.ltrans.o
 .text.shellThread
                0x0000000008003e40      0x600 /tmp/ch.elf.TWtk6T.ltrans0.ltrans.o
 .text.SVC_Handler
                0x0000000008004440       0x14 /tmp/ch.elf.TWtk6T.ltrans0.ltrans.o
                0x0000000008004440                SVC_Handler
 *fill*         0x0000000008004454        0xc 
 .text.chThdExit
                0x0000000008004460        0xc /tmp/ch.elf.TWtk6T.ltrans0.ltrans.o
                0x0000000008004460                chThdExit
 *fill*         0x000000000800446c        0x4 
 .text.chSchDoRescheduleAhead
                0x0000000008004470       0x3c /tmp/ch.elf.TWtk6T.ltrans0.ltrans.o
                0x0000000008004470                chSchDoReschedule
 *fill*         0x00000000080044ac        0x4 
 .text.chSchRescheduleS
                0x00000000080044b0       0x18 /tmp/ch.elf.TWtk6T.ltrans0.ltrans.o
 *fill*         0x00000000080044c8        0x8 
 .text.cmd_son  0x00000000080044d0      0x278 /tmp/ch.elf.TWtk6T.ltrans0.ltrans.o
 *fill*         0x0000000008004748        0x8 
 .text.chMtxUnlock
                0x0000000008004750       0x60 /tmp/ch.elf.TWtk6T.ltrans0.ltrans.o
 .text.startup.main
                0x00000000080047b0      0x8d8 /tmp/ch.elf.TWtk6T.ltrans0.ltrans.o
                0x00000000080047b0                main
 *fill*         0x0000000008005088        0x8 
 .text.__early_init
                0x0000000008005090      0x1f0 /tmp/ch.elf.TWtk6T.ltrans0.ltrans.o
                0x0000000008005090                __early_init
 .text.Vector15C
                0x0000000008005280       0x14 /tmp/ch.elf.TWtk6T.ltrans0.ltrans.o
                0x0000000008005280                Vector15C
 *fill*         0x0000000008005294        0xc 
 .text.VectorD8
                0x00000000080052a0       0x14 /tmp/ch.elf.TWtk6T.ltrans0.ltrans.o
                0x00000000080052a0                VectorD8
 *fill*         0x00000000080052b4        0xc 
 .text.VectorD4
                0x00000000080052c0       0x14 /tmp/ch.elf.TWtk6T.ltrans0.ltrans.o
                0x00000000080052c0                VectorD4
 *fill*         0x00000000080052d4        0xc 
 .text.VectorB0
                0x00000000080052e0       0x14 /tmp/ch.elf.TWtk6T.ltrans0.ltrans.o
                0x00000000080052e0                VectorB0
 *fill*         0x00000000080052f4        0xc 
 .text.VectorA4
                0x0000000008005300       0x14 /tmp/ch.elf.TWtk6T.ltrans0.ltrans.o
                0x0000000008005300                VectorA4
 *fill*         0x0000000008005314        0xc 
 .text.VectorAC
                0x0000000008005320        0x4 /tmp/ch.elf.TWtk6T.ltrans0.ltrans.o
                0x0000000008005320                VectorAC
 *fill*         0x0000000008005324        0xc 
 .text.Vector108
                0x0000000008005330       0xb0 /tmp/ch.elf.TWtk6T.ltrans0.ltrans.o
                0x0000000008005330                Vector108
 .text.Vector14C
                0x00000000080053e0      0x428 /tmp/ch.elf.TWtk6T.ltrans0.ltrans.o
                0x00000000080053e0                Vector14C
 *fill*         0x0000000008005808        0x8 
 .text.__init_ram_areas
                0x0000000008005810       0x68 /tmp/ch.elf.TWtk6T.ltrans0.ltrans.o
                0x0000000008005810                __init_ram_areas
 *fill*         0x0000000008005878        0x8 
 .text.__default_exit
                0x0000000008005880        0x4 /tmp/ch.elf.TWtk6T.ltrans0.ltrans.o
                0x0000000008005880                __default_exit
 *fill*         0x0000000008005884        0xc 
 .text.__late_init
                0x0000000008005890        0x4 /tmp/ch.elf.TWtk6T.ltrans0.ltrans.o
                0x0000000008005890                __late_init
 *fill*         0x0000000008005894        0xc 
 .text.__core_init
                0x00000000080058a0        0x4 /tmp/ch.elf.TWtk6T.ltrans0.ltrans.o
                0x00000000080058a0                __core_init
 .text._strtol_l.isra.0
                0x00000000080058a4      0x10c /home/rob/Projects/ChibiStudio/ChibiStudio_20/tools/GNU Tools ARM Embedded/9.2.1 2019q4/bin/../lib/gcc/arm-none-eabi/9.2.1/../../../../arm-none-eabi/lib/thumb/v7e-m/nofp/libg.a(lib_a-strtol.o)
 .text.strtol   0x00000000080059b0       0x18 /home/rob/Projects/ChibiStudio/ChibiStudio_20/tools/GNU Tools ARM Embedded/9.2.1 2019q4/bin/../lib/gcc/arm-none-eabi/9.2.1/../../../../arm-none-eabi/lib/thumb/v7e-m/nofp/libg.a(lib_a-strtol.o)
                0x00000000080059b0                strtol
 .text.memset   0x00000000080059c8       0xa0 /home/rob/Projects/ChibiStudio/ChibiStudio_20/tools/GNU Tools ARM Embedded/9.2.1 2019q4/bin/../lib/gcc/arm-none-eabi/9.2.1/../../../../arm-none-eabi/lib/thumb/v7e-m/nofp/libg.a(lib_a-memset.o)
                0x00000000080059c8                memset
 .text.strchr   0x0000000008005a68       0xd0 /home/rob/Projects/ChibiStudio/ChibiStudio_20/tools/GNU Tools ARM Embedded/9.2.1 2019q4/bin/../lib/gcc/arm-none-eabi/9.2.1/../../../../arm-none-eabi/lib/thumb/v7e-m/nofp/libg.a(lib_a-strchr.o)
                0x0000000008005a68                strchr
 .text.strpbrk  0x0000000008005b38       0x38 /home/rob/Projects/ChibiStudio/ChibiStudio_20/tools/GNU Tools ARM Embedded/9.2.1 2019q4/bin/../lib/gcc/arm-none-eabi/9.2.1/../../../../arm-none-eabi/lib/thumb/v7e-m/nofp/libg.a(lib_a-strpbrk.o)
                0x0000000008005b38                strpbrk
 .text.strspn   0x0000000008005b70       0x30 /home/rob/Projects/ChibiStudio/ChibiStudio_20/tools/GNU Tools ARM Embedded/9.2.1 2019q4/bin/../lib/gcc/arm-none-eabi/9.2.1/../../../../arm-none-eabi/lib/thumb/v7e-m/nofp/libg.a(lib_a-strspn.o)
                0x0000000008005b70                strspn
 .text.two_way_long_needle
                0x0000000008005ba0      0x2b4 /home/rob/Projects/ChibiStudio/ChibiStudio_20/tools/GNU Tools ARM Embedded/9.2.1 2019q4/bin/../lib/gcc/arm-none-eabi/9.2.1/../../../../arm-none-eabi/lib/thumb/v7e-m/nofp/libg.a(lib_a-strstr.o)
 .text.strstr   0x0000000008005e54      0x164 /home/rob/Projects/ChibiStudio/ChibiStudio_20/tools/GNU Tools ARM Embedded/9.2.1 2019q4/bin/../lib/gcc/arm-none-eabi/9.2.1/../../../../arm-none-eabi/lib/thumb/v7e-m/nofp/libg.a(lib_a-strstr.o)
                0x0000000008005e54                strstr
 .text.memcmp   0x0000000008005fb8       0x60 /home/rob/Projects/ChibiStudio/ChibiStudio_20/tools/GNU Tools ARM Embedded/9.2.1 2019q4/bin/../lib/gcc/arm-none-eabi/9.2.1/../../../../arm-none-eabi/lib/thumb/v7e-m/nofp/libg.a(lib_a-memcmp.o)
                0x0000000008005fb8                memcmp
 .text.strnlen  0x0000000008006018       0x28 /home/rob/Projects/ChibiStudio/ChibiStudio_20/tools/GNU Tools ARM Embedded/9.2.1 2019q4/bin/../lib/gcc/arm-none-eabi/9.2.1/../../../../arm-none-eabi/lib/thumb/v7e-m/nofp/libg.a(lib_a-strnlen.o)
                0x0000000008006018                strnlen
 *(.glue_7t)
 .glue_7t       0x0000000008006040        0x0 linker stubs
 *(.glue_7)
 .glue_7        0x0000000008006040        0x0 linker stubs
 *(.gcc*)
                0x0000000008006040                __text_end__ = .

.vfp11_veneer   0x0000000008006040        0x0
 .vfp11_veneer  0x0000000008006040        0x0 linker stubs

.v4_bx          0x0000000008006040        0x0
 .v4_bx         0x0000000008006040        0x0 linker stubs

.iplt           0x0000000008006040        0x0
 .iplt          0x0000000008006040        0x0 ./build/obj/crt0_v7m.o

.rodata         0x0000000008006040      0x6b0
                0x0000000008006040                __rodata_base__ = .
 *(.rodata)
 .rodata        0x0000000008006040       0x30 /tmp/ch.elf.TWtk6T.ltrans0.ltrans.o
 *(.rodata.*)
 .rodata.chThdCreateStatic.constprop.0.str1.4
                0x0000000008006070        0x7 /tmp/ch.elf.TWtk6T.ltrans0.ltrans.o
 *fill*         0x0000000008006077        0x1 
 .rodata.parse_arguments.str1.4
                0x0000000008006078        0x3 /tmp/ch.elf.TWtk6T.ltrans0.ltrans.o
 *fill*         0x000000000800607b        0x1 
 .rodata.chprintf.str1.4
                0x000000000800607c        0x7 /tmp/ch.elf.TWtk6T.ltrans0.ltrans.o
 *fill*         0x0000000008006083        0x1 
 .rodata.Thread1.str1.4
                0x0000000008006084       0x14 /tmp/ch.elf.TWtk6T.ltrans0.ltrans.o
 .rodata.send_data.str1.4
                0x0000000008006098       0x3a /tmp/ch.elf.TWtk6T.ltrans0.ltrans.o
 *fill*         0x00000000080060d2        0x2 
 .rodata.Listener1.str1.4
                0x00000000080060d4        0xa /tmp/ch.elf.TWtk6T.ltrans0.ltrans.o
 *fill*         0x00000000080060de        0x2 
 .rodata.Listener2.str1.4
                0x00000000080060e0        0xa /tmp/ch.elf.TWtk6T.ltrans0.ltrans.o
 *fill*         0x00000000080060ea        0x2 
 .rodata.Listener3.str1.4
                0x00000000080060ec        0xa /tmp/ch.elf.TWtk6T.ltrans0.ltrans.o
 *fill*         0x00000000080060f6        0x2 
 .rodata.cmd_sbr.str1.4
                0x00000000080060f8       0x7d /tmp/ch.elf.TWtk6T.ltrans0.ltrans.o
 *fill*         0x0000000008006175        0x3 
 .rodata.cmd_test.str1.4
                0x0000000008006178       0x49 /tmp/ch.elf.TWtk6T.ltrans0.ltrans.o
 *fill*         0x00000000080061c1        0x3 
 .rodata.cmd_echo.str1.4
                0x00000000080061c4       0x21 /tmp/ch.elf.TWtk6T.ltrans0.ltrans.o
 *fill*         0x00000000080061e5        0x3 
 .rodata.shellThread.str1.4
                0x00000000080061e8       0x7d /tmp/ch.elf.TWtk6T.ltrans0.ltrans.o
                                         0x81 (size before relaxing)
 *fill*         0x0000000008006265        0x3 
 .rodata.cmd_son.str1.4
                0x0000000008006268       0x95 /tmp/ch.elf.TWtk6T.ltrans0.ltrans.o
 *fill*         0x00000000080062fd        0x3 
 .rodata.main.str1.4
                0x0000000008006300        0x7 /tmp/ch.elf.TWtk6T.ltrans0.ltrans.o
 *fill*         0x0000000008006307        0x1 
 .rodata.str1.4
                0x0000000008006308       0x15 /tmp/ch.elf.TWtk6T.ltrans0.ltrans.o
 *fill*         0x000000000800631d        0x3 
 .rodata.active_status
                0x0000000008006320        0x2 /tmp/ch.elf.TWtk6T.ltrans0.ltrans.o
 *fill*         0x0000000008006322        0x2 
 .rodata.ch_debug
                0x0000000008006324       0x16 /tmp/ch.elf.TWtk6T.ltrans0.ltrans.o
 *fill*         0x000000000800633a        0x2 
 .rodata.commands
                0x000000000800633c       0x20 /tmp/ch.elf.TWtk6T.ltrans0.ltrans.o
 .rodata.ep0config
                0x000000000800635c       0x24 /tmp/ch.elf.TWtk6T.ltrans0.ltrans.o
 .rodata.ep1config
                0x0000000008006380       0x24 /tmp/ch.elf.TWtk6T.ltrans0.ltrans.o
 .rodata.ep2config
                0x00000000080063a4       0x24 /tmp/ch.elf.TWtk6T.ltrans0.ltrans.o
 .rodata.fsparams
                0x00000000080063c8        0xc /tmp/ch.elf.TWtk6T.ltrans0.ltrans.o
 .rodata.halted_status
                0x00000000080063d4        0x2 /tmp/ch.elf.TWtk6T.ltrans0.ltrans.o
 *fill*         0x00000000080063d6        0x2 
 .rodata.idle_descriptor.7052
                0x00000000080063d8       0x18 /tmp/ch.elf.TWtk6T.ltrans0.ltrans.o
 .rodata.ram_areas
                0x00000000080063f0       0x80 /tmp/ch.elf.TWtk6T.ltrans0.ltrans.o
 .rodata.serusbcfg1
                0x0000000008006470        0x8 /tmp/ch.elf.TWtk6T.ltrans0.ltrans.o
 .rodata.shell_cfg1
                0x0000000008006478       0x14 /tmp/ch.elf.TWtk6T.ltrans0.ltrans.o
 .rodata.usbcfg
                0x000000000800648c       0x10 /tmp/ch.elf.TWtk6T.ltrans0.ltrans.o
 .rodata.vcom_configuration_descriptor
                0x000000000800649c        0x8 /tmp/ch.elf.TWtk6T.ltrans0.ltrans.o
 .rodata.vcom_configuration_descriptor_data
                0x00000000080064a4       0x4b /tmp/ch.elf.TWtk6T.ltrans0.ltrans.o
 *fill*         0x00000000080064ef        0x1 
 .rodata.vcom_device_descriptor
                0x00000000080064f0        0x8 /tmp/ch.elf.TWtk6T.ltrans0.ltrans.o
 .rodata.vcom_device_descriptor_data
                0x00000000080064f8       0x12 /tmp/ch.elf.TWtk6T.ltrans0.ltrans.o
 *fill*         0x000000000800650a        0x2 
 .rodata.vcom_string0
                0x000000000800650c        0x4 /tmp/ch.elf.TWtk6T.ltrans0.ltrans.o
 .rodata.vcom_string1
                0x0000000008006510       0x26 /tmp/ch.elf.TWtk6T.ltrans0.ltrans.o
 *fill*         0x0000000008006536        0x2 
 .rodata.vcom_string2
                0x0000000008006538       0x38 /tmp/ch.elf.TWtk6T.ltrans0.ltrans.o
 .rodata.vcom_string3
                0x0000000008006570        0x8 /tmp/ch.elf.TWtk6T.ltrans0.ltrans.o
 .rodata.vcom_strings
                0x0000000008006578       0x20 /tmp/ch.elf.TWtk6T.ltrans0.ltrans.o
 .rodata.vmt.lto_priv.0
                0x0000000008006598       0x28 /tmp/ch.elf.TWtk6T.ltrans0.ltrans.o
 .rodata.vmt.lto_priv.1
                0x00000000080065c0       0x28 /tmp/ch.elf.TWtk6T.ltrans0.ltrans.o
 .rodata.zero_status
                0x00000000080065e8        0x2 /tmp/ch.elf.TWtk6T.ltrans0.ltrans.o
 *fill*         0x00000000080065ea        0x2 
 .rodata._ctype_
                0x00000000080065ec      0x101 /home/rob/Projects/ChibiStudio/ChibiStudio_20/tools/GNU Tools ARM Embedded/9.2.1 2019q4/bin/../lib/gcc/arm-none-eabi/9.2.1/../../../../arm-none-eabi/lib/thumb/v7e-m/nofp/libg.a(lib_a-ctype_.o)
                0x00000000080065ec                _ctype_
                0x00000000080066f0                . = ALIGN (0x4)
 *fill*         0x00000000080066ed        0x3 
                0x00000000080066f0                __rodata_end__ = .

.ARM.extab
 *(.ARM.extab* .gnu.linkonce.armextab.*)

.ARM.exidx      0x00000000080066f0        0x8
                0x00000000080066f0                __exidx_base__ = .
                0x00000000080066f0                __exidx_start = .
 *(.ARM.exidx* .gnu.linkonce.armexidx.*)
 .ARM.exidx     0x00000000080066f0        0x8 /home/rob/Projects/ChibiStudio/ChibiStudio_20/tools/GNU Tools ARM Embedded/9.2.1 2019q4/bin/../lib/gcc/arm-none-eabi/9.2.1/thumb/v7e-m/nofp/libgcc.a(_udivmoddi4.o)
                0x00000000080066f8                __exidx_end__ = .
                0x00000000080066f8                __exidx_end = .

.rel.dyn        0x00000000080066f8        0x0
 .rel.iplt      0x00000000080066f8        0x0 ./build/obj/crt0_v7m.o

.eh_frame_hdr
 *(.eh_frame_hdr)

.eh_frame
 *(.eh_frame)

.data           0x0000000020000800      0x468 load address 0x00000000080066f8
                [!provide]                        PROVIDE (_textdata = LOADADDR (.data))
                [!provide]                        PROVIDE (_data = .)
                0x00000000080066f8                __textdata_base__ = LOADADDR (.data)
                0x0000000020000800                __data_base__ = .
 *(.data)
 *(.data.*)
 .data.icucfg1  0x0000000020000800       0x20 /tmp/ch.elf.TWtk6T.ltrans0.ltrans.o
 .data.linecoding
                0x0000000020000820        0x7 /tmp/ch.elf.TWtk6T.ltrans0.ltrans.o
 *fill*         0x0000000020000827        0x1 
 .data.serial_config
                0x0000000020000828        0xc /tmp/ch.elf.TWtk6T.ltrans0.ltrans.o
 .data.smallest_pulse
                0x0000000020000834        0x4 /tmp/ch.elf.TWtk6T.ltrans0.ltrans.o
 .data._impure_ptr
                0x0000000020000838        0x4 /home/rob/Projects/ChibiStudio/ChibiStudio_20/tools/GNU Tools ARM Embedded/9.2.1 2019q4/bin/../lib/gcc/arm-none-eabi/9.2.1/../../../../arm-none-eabi/lib/thumb/v7e-m/nofp/libg.a(lib_a-impure.o)
                0x0000000020000838                _impure_ptr
 *fill*         0x000000002000083c        0x4 
 .data.impure_data
                0x0000000020000840      0x428 /home/rob/Projects/ChibiStudio/ChibiStudio_20/tools/GNU Tools ARM Embedded/9.2.1 2019q4/bin/../lib/gcc/arm-none-eabi/9.2.1/../../../../arm-none-eabi/lib/thumb/v7e-m/nofp/libg.a(lib_a-impure.o)
 *(.ramtext)
                0x0000000020000c68                . = ALIGN (0x4)
                [!provide]                        PROVIDE (_edata = .)
                0x0000000020000c68                __data_end__ = .

.igot.plt       0x0000000020000c68        0x0 load address 0x0000000008006b60
 .igot.plt      0x0000000020000c68        0x0 ./build/obj/crt0_v7m.o

.bss            0x0000000020000c68     0x1578 load address 0x0000000008006b60
                0x0000000020000c68                __bss_base__ = .
 *(.bss)
 *(.bss.*)
 .bss.ICUD1     0x0000000020000c68       0x18 /tmp/ch.elf.TWtk6T.ltrans0.ltrans.o
 .bss.ICUD2     0x0000000020000c80       0x18 /tmp/ch.elf.TWtk6T.ltrans0.ltrans.o
 .bss.SD1       0x0000000020000c98      0x25c /tmp/ch.elf.TWtk6T.ltrans0.ltrans.o
 .bss.SD2       0x0000000020000ef4      0x25c /tmp/ch.elf.TWtk6T.ltrans0.ltrans.o
 .bss.SD6       0x0000000020001150      0x25c /tmp/ch.elf.TWtk6T.ltrans0.ltrans.o
 .bss.SDU1      0x00000000200013ac      0x490 /tmp/ch.elf.TWtk6T.ltrans0.ltrans.o
 .bss.USBD1     0x000000002000183c       0x60 /tmp/ch.elf.TWtk6T.ltrans0.ltrans.o
 .bss.ch        0x000000002000189c       0x74 /tmp/ch.elf.TWtk6T.ltrans0.ltrans.o
 .bss.ch_factory
                0x0000000020001910       0x48 /tmp/ch.elf.TWtk6T.ltrans0.ltrans.o
 .bss.ch_idle_thread_wa
                0x0000000020001958       0xd8 /tmp/ch.elf.TWtk6T.ltrans0.ltrans.o
 .bss.ch_memcore
                0x0000000020001a30        0x8 /tmp/ch.elf.TWtk6T.ltrans0.ltrans.o
 .bss.completion_buffer
                0x0000000020001a38       0x10 /tmp/ch.elf.TWtk6T.ltrans0.ltrans.o
 .bss.default_heap
                0x0000000020001a48       0x1c /tmp/ch.elf.TWtk6T.ltrans0.ltrans.o
 .bss.disable.10104
                0x0000000020001a64        0x1 /tmp/ch.elf.TWtk6T.ltrans0.ltrans.o
 *fill*         0x0000000020001a65        0x3 
 .bss.ep0_state
                0x0000000020001a68       0x10 /tmp/ch.elf.TWtk6T.ltrans0.ltrans.o
 .bss.ep0setup_buffer
                0x0000000020001a78        0x8 /tmp/ch.elf.TWtk6T.ltrans0.ltrans.o
 .bss.ep1instate
                0x0000000020001a80       0x10 /tmp/ch.elf.TWtk6T.ltrans0.ltrans.o
 .bss.ep2instate
                0x0000000020001a90       0x10 /tmp/ch.elf.TWtk6T.ltrans0.ltrans.o
 .bss.ep2outstate
                0x0000000020001aa0       0x10 /tmp/ch.elf.TWtk6T.ltrans0.ltrans.o
 .bss.history_buffer
                0x0000000020001ab0      0x200 /tmp/ch.elf.TWtk6T.ltrans0.ltrans.o
 .bss.last_src  0x0000000020001cb0        0x1 /tmp/ch.elf.TWtk6T.ltrans0.ltrans.o
 *fill*         0x0000000020001cb1        0x3 
 .bss.last_width1
                0x0000000020001cb4        0x4 /tmp/ch.elf.TWtk6T.ltrans0.ltrans.o
 .bss.shell_terminated
                0x0000000020001cb8        0x4 /tmp/ch.elf.TWtk6T.ltrans0.ltrans.o
 *fill*         0x0000000020001cbc        0x4 
 .bss.waListener1
                0x0000000020001cc0      0x148 /tmp/ch.elf.TWtk6T.ltrans0.ltrans.o
 .bss.waListener2
                0x0000000020001e08      0x148 /tmp/ch.elf.TWtk6T.ltrans0.ltrans.o
 .bss.waListener3
                0x0000000020001f50      0x148 /tmp/ch.elf.TWtk6T.ltrans0.ltrans.o
 .bss.waThread1
                0x0000000020002098      0x148 /tmp/ch.elf.TWtk6T.ltrans0.ltrans.o
 *(COMMON)
                0x00000000200021e0                . = ALIGN (0x4)
                0x00000000200021e0                __bss_end__ = .
                [!provide]                        PROVIDE (end = .)
                0x0000000020000000                __ram0_base__ = ORIGIN (ram0)
                0x0000000000010000                __ram0_size__ = LENGTH (ram0)
                0x0000000020010000                __ram0_end__ = (__ram0_base__ + __ram0_size__)
                0x0000000000000000                __ram1_base__ = ORIGIN (ram1)
                0x0000000000000000                __ram1_size__ = LENGTH (ram1)
                0x0000000000000000                __ram1_end__ = (__ram1_base__ + __ram1_size__)
                0x0000000000000000                __ram2_base__ = ORIGIN (ram2)
                0x0000000000000000                __ram2_size__ = LENGTH (ram2)
                0x0000000000000000                __ram2_end__ = (__ram2_base__ + __ram2_size__)
                0x0000000000000000                __ram3_base__ = ORIGIN (ram3)
                0x0000000000000000                __ram3_size__ = LENGTH (ram3)
                0x0000000000000000                __ram3_end__ = (__ram3_base__ + __ram3_size__)
                0x0000000000000000                __ram4_base__ = ORIGIN (ram4)
                0x0000000000000000                __ram4_size__ = LENGTH (ram4)
                0x0000000000000000                __ram4_end__ = (__ram4_base__ + __ram4_size__)
                0x0000000000000000                __ram5_base__ = ORIGIN (ram5)
                0x0000000000000000                __ram5_size__ = LENGTH (ram5)
                0x0000000000000000                __ram5_end__ = (__ram5_base__ + __ram5_size__)
                0x0000000000000000                __ram6_base__ = ORIGIN (ram6)
                0x0000000000000000                __ram6_size__ = LENGTH (ram6)
                0x0000000000000000                __ram6_end__ = (__ram6_base__ + __ram6_size__)
                0x0000000000000000                __ram7_base__ = ORIGIN (ram7)
                0x0000000000000000                __ram7_size__ = LENGTH (ram7)
                0x0000000000000000                __ram7_end__ = (__ram7_base__ + __ram7_size__)
                0x0000000008000000                __flash0_base__ = ORIGIN (flash0)
                0x0000000000040000                __flash0_size__ = LENGTH (flash0)
                0x0000000008040000                __flash0_end__ = (__flash0_base__ + __flash0_size__)
                0x0000000000000000                __flash1_base__ = ORIGIN (flash1)
                0x0000000000000000                __flash1_size__ = LENGTH (flash1)
                0x0000000000000000                __flash1_end__ = (__flash1_base__ + __flash1_size__)
                0x0000000000000000                __flash2_base__ = ORIGIN (flash2)
                0x0000000000000000                __flash2_size__ = LENGTH (flash2)
                0x0000000000000000                __flash2_end__ = (__flash2_base__ + __flash2_size__)
                0x0000000000000000                __flash3_base__ = ORIGIN (flash3)
                0x0000000000000000                __flash3_size__ = LENGTH (flash3)
                0x0000000000000000                __flash3_end__ = (__flash3_base__ + __flash3_size__)
                0x0000000000000000                __flash4_base__ = ORIGIN (flash4)
                0x0000000000000000                __flash4_size__ = LENGTH (flash4)
                0x0000000000000000                __flash4_end__ = (__flash4_base__ + __flash4_size__)
                0x0000000000000000                __flash5_base__ = ORIGIN (flash5)
                0x0000000000000000                __flash5_size__ = LENGTH (flash5)
                0x0000000000000000                __flash5_end__ = (__flash5_base__ + __flash5_size__)
                0x0000000000000000                __flash6_base__ = ORIGIN (flash6)
                0x0000000000000000                __flash6_size__ = LENGTH (flash6)
                0x0000000000000000                __flash6_end__ = (__flash6_base__ + __flash6_size__)
                0x0000000000000000                __flash7_base__ = ORIGIN (flash7)
                0x0000000000000000                __flash7_size__ = LENGTH (flash7)
                0x0000000000000000                __flash7_end__ = (__flash7_base__ + __flash7_size__)

.ram0_init      0x00000000200021e0        0x0 load address 0x0000000008006b60
                0x0000000008006b60                __ram0_init_text__ = LOADADDR (.ram0_init)
                0x00000000200021e0                __ram0_init__ = .
 *(.ram0_init)
 *(.ram0_init.*)
                0x00000000200021e0                . = ALIGN (0x4)

.ram0           0x00000000200021e0        0x0 load address 0x0000000008006b60
                0x00000000200021e0                __ram0_clear__ = .
 *(.ram0_clear)
 *(.ram0_clear.*)
                0x00000000200021e0                . = ALIGN (0x4)
                0x00000000200021e0                __ram0_noinit__ = .
 *(.ram0)
 *(.ram0.*)
                0x00000000200021e0                . = ALIGN (0x4)
                0x00000000200021e0                __ram0_free__ = .

.ram1_init      0x0000000000000000        0x0 load address 0x0000000008006b60
                0x0000000008006b60                __ram1_init_text__ = LOADADDR (.ram1_init)
                0x0000000000000000                __ram1_init__ = .
 *(.ram1_init)
 *(.ram1_init.*)
                0x0000000000000000                . = ALIGN (0x4)

.ram1           0x0000000000000000        0x0 load address 0x0000000008006b60
                0x0000000000000000                __ram1_clear__ = .
 *(.ram1_clear)
 *(.ram1_clear.*)
                0x0000000000000000                . = ALIGN (0x4)
                0x0000000000000000                __ram1_noinit__ = .
 *(.ram1)
 *(.ram1.*)
                0x0000000000000000                . = ALIGN (0x4)
                0x0000000000000000                __ram1_free__ = .

.ram2_init      0x0000000000000000        0x0 load address 0x0000000008006b60
                0x0000000008006b60                __ram2_init_text__ = LOADADDR (.ram2_init)
                0x0000000000000000                __ram2_init__ = .
 *(.ram2_init)
 *(.ram2_init.*)
                0x0000000000000000                . = ALIGN (0x4)

.ram2           0x0000000000000000        0x0 load address 0x0000000008006b60
                0x0000000000000000                __ram2_clear__ = .
 *(.ram2_clear)
 *(.ram2_clear.*)
                0x0000000000000000                . = ALIGN (0x4)
                0x0000000000000000                __ram2_noinit__ = .
 *(.ram2)
 *(.ram2.*)
                0x0000000000000000                . = ALIGN (0x4)
                0x0000000000000000                __ram2_free__ = .

.ram3_init      0x0000000000000000        0x0 load address 0x0000000008006b60
                0x0000000008006b60                __ram3_init_text__ = LOADADDR (.ram3_init)
                0x0000000000000000                __ram3_init__ = .
 *(.ram3_init)
 *(.ram3_init.*)
                0x0000000000000000                . = ALIGN (0x4)

.ram3           0x0000000000000000        0x0 load address 0x0000000008006b60
                0x0000000000000000                __ram3_clear__ = .
 *(.ram3_clear)
 *(.ram3_clear.*)
                0x0000000000000000                . = ALIGN (0x4)
                0x0000000000000000                __ram3_noinit__ = .
 *(.ram3)
 *(.ram3.*)
                0x0000000000000000                . = ALIGN (0x4)
                0x0000000000000000                __ram3_free__ = .

.ram4_init      0x0000000000000000        0x0 load address 0x0000000008006b60
                0x0000000008006b60                __ram4_init_text__ = LOADADDR (.ram4_init)
                0x0000000000000000                __ram4_init__ = .
 *(.ram4_init)
 *(.ram4_init.*)
                0x0000000000000000                . = ALIGN (0x4)

.ram4           0x0000000000000000        0x0 load address 0x0000000008006b60
                0x0000000000000000                __ram4_clear__ = .
 *(.ram4_clear)
 *(.ram4_clear.*)
                0x0000000000000000                . = ALIGN (0x4)
                0x0000000000000000                __ram4_noinit__ = .
 *(.ram4)
 *(.ram4.*)
                0x0000000000000000                . = ALIGN (0x4)
                0x0000000000000000                __ram4_free__ = .

.ram5_init      0x0000000000000000        0x0 load address 0x0000000008006b60
                0x0000000008006b60                __ram5_init_text__ = LOADADDR (.ram5_init)
                0x0000000000000000                __ram5_init__ = .
 *(.ram5_init)
 *(.ram5_init.*)
                0x0000000000000000                . = ALIGN (0x4)

.ram5           0x0000000000000000        0x0 load address 0x0000000008006b60
                0x0000000000000000                __ram5_clear__ = .
 *(.ram5_clear)
 *(.ram5_clear.*)
                0x0000000000000000                . = ALIGN (0x4)
                0x0000000000000000                __ram5_noinit__ = .
 *(.ram5)
 *(.ram5.*)
                0x0000000000000000                . = ALIGN (0x4)
                0x0000000000000000                __ram5_free__ = .

.ram6_init      0x0000000000000000        0x0 load address 0x0000000008006b60
                0x0000000008006b60                __ram6_init_text__ = LOADADDR (.ram6_init)
                0x0000000000000000                __ram6_init__ = .
 *(.ram6_init)
 *(.ram6_init.*)
                0x0000000000000000                . = ALIGN (0x4)

.ram6           0x0000000000000000        0x0 load address 0x0000000008006b60
                0x0000000000000000                __ram6_clear__ = .
 *(.ram6_clear)
 *(.ram6_clear.*)
                0x0000000000000000                . = ALIGN (0x4)
                0x0000000000000000                __ram6_noinit__ = .
 *(.ram6)
 *(.ram6.*)
                0x0000000000000000                . = ALIGN (0x4)
                0x0000000000000000                __ram6_free__ = .

.ram7_init      0x0000000000000000        0x0 load address 0x0000000008006b60
                0x0000000008006b60                __ram7_init_text__ = LOADADDR (.ram7_init)
                0x0000000000000000                __ram7_init__ = .
 *(.ram7_init)
 *(.ram7_init.*)
                0x0000000000000000                . = ALIGN (0x4)

.ram7           0x0000000000000000        0x0 load address 0x0000000008006b60
                0x0000000000000000                __ram7_clear__ = .
 *(.ram7_clear)
 *(.ram7_clear.*)
                0x0000000000000000                . = ALIGN (0x4)
                0x0000000000000000                __ram7_noinit__ = .
 *(.ram7)
 *(.ram7.*)
                0x0000000000000000                . = ALIGN (0x4)
                0x0000000000000000                __ram7_free__ = .

.flash0         0x0000000008006b60        0x0
                0x0000000008006b60                __flash0_init__ = .
 *(.flash0_init)
 *(.flash0_init.*)
                0x0000000008006b60                __flash0_free__ = .

.flash1         0x0000000000000000        0x0
                0x0000000000000000                __flash1_init__ = .
 *(.flash1_init)
 *(.flash1_init.*)
                0x0000000000000000                __flash1_free__ = .

.flash2         0x0000000000000000        0x0
                0x0000000000000000                __flash2_init__ = .
 *(.flash2_init)
 *(.flash2_init.*)
                0x0000000000000000                __flash2_free__ = .

.flash3         0x0000000000000000        0x0
                0x0000000000000000                __flash3_init__ = .
 *(.flash3_init)
 *(.flash3_init.*)
                0x0000000000000000                __flash3_free__ = .

.flash4         0x0000000000000000        0x0
                0x0000000000000000                __flash4_init__ = .
 *(.flash4_init)
 *(.flash4_init.*)
                0x0000000000000000                __flash4_free__ = .

.flash5         0x0000000000000000        0x0
                0x0000000000000000                __flash5_init__ = .
 *(.flash5_init)
 *(.flash5_init.*)
                0x0000000000000000                __flash5_free__ = .

.flash6         0x0000000000000000        0x0
                0x0000000000000000                __flash6_init__ = .
 *(.flash6_init)
 *(.flash6_init.*)
                0x0000000000000000                __flash6_free__ = .

.flash7         0x0000000000000000        0x0
                0x0000000000000000                __flash7_init__ = .
 *(.flash7_init)
 *(.flash7_init.*)
                0x0000000000000000                __flash7_free__ = .

.heap           0x00000000200021e0     0xde20
                0x00000000200021e0                . = ALIGN (0x8)
                0x00000000200021e0                __heap_base__ = .
                0x0000000020010000                . = (ORIGIN (HEAP_RAM) + LENGTH (HEAP_RAM))
 *fill*         0x00000000200021e0     0xde20 
                0x0000000020010000                __heap_end__ = .
                0x0000000000000400                __process_stack_size__ = 0x400
                0x0000000000000400                __main_stack_size__ = 0x400
START GROUP
LOAD /home/rob/Projects/ChibiStudio/ChibiStudio_20/tools/GNU Tools ARM Embedded/9.2.1 2019q4/bin/../lib/gcc/arm-none-eabi/9.2.1/thumb/v7e-m/nofp/libgcc.a
LOAD /home/rob/Projects/ChibiStudio/ChibiStudio_20/tools/GNU Tools ARM Embedded/9.2.1 2019q4/bin/../lib/gcc/arm-none-eabi/9.2.1/../../../../arm-none-eabi/lib/thumb/v7e-m/nofp/libg.a
LOAD /home/rob/Projects/ChibiStudio/ChibiStudio_20/tools/GNU Tools ARM Embedded/9.2.1 2019q4/bin/../lib/gcc/arm-none-eabi/9.2.1/../../../../arm-none-eabi/lib/thumb/v7e-m/nofp/libc.a
END GROUP
OUTPUT(build/ch.elf elf32-littlearm)

.ARM.attributes
                0x0000000000000000       0x2f
 .ARM.attributes
                0x0000000000000000       0x21 ./build/obj/crt0_v7m.o
 .ARM.attributes
                0x0000000000000021       0x21 ./build/obj/vectors.o
 .ARM.attributes
                0x0000000000000042       0x21 ./build/obj/chcoreasm_v7m.o
 .ARM.attributes
                0x0000000000000063       0x2c /tmp/ch.elf.TWtk6T.ltrans0.ltrans.o
 .ARM.attributes
                0x000000000000008f       0x2e /home/rob/Projects/ChibiStudio/ChibiStudio_20/tools/GNU Tools ARM Embedded/9.2.1 2019q4/bin/../lib/gcc/arm-none-eabi/9.2.1/../../../../arm-none-eabi/lib/thumb/v7e-m/nofp/libg.a(lib_a-ctype_.o)
 .ARM.attributes
                0x00000000000000bd       0x2e /home/rob/Projects/ChibiStudio/ChibiStudio_20/tools/GNU Tools ARM Embedded/9.2.1 2019q4/bin/../lib/gcc/arm-none-eabi/9.2.1/../../../../arm-none-eabi/lib/thumb/v7e-m/nofp/libg.a(lib_a-strtol.o)
 .ARM.attributes
                0x00000000000000eb       0x2e /home/rob/Projects/ChibiStudio/ChibiStudio_20/tools/GNU Tools ARM Embedded/9.2.1 2019q4/bin/../lib/gcc/arm-none-eabi/9.2.1/../../../../arm-none-eabi/lib/thumb/v7e-m/nofp/libg.a(lib_a-impure.o)
 .ARM.attributes
                0x0000000000000119       0x1c /home/rob/Projects/ChibiStudio/ChibiStudio_20/tools/GNU Tools ARM Embedded/9.2.1 2019q4/bin/../lib/gcc/arm-none-eabi/9.2.1/../../../../arm-none-eabi/lib/thumb/v7e-m/nofp/libg.a(lib_a-memcpy.o)
 .ARM.attributes
                0x0000000000000135       0x2e /home/rob/Projects/ChibiStudio/ChibiStudio_20/tools/GNU Tools ARM Embedded/9.2.1 2019q4/bin/../lib/gcc/arm-none-eabi/9.2.1/../../../../arm-none-eabi/lib/thumb/v7e-m/nofp/libg.a(lib_a-memset.o)
 .ARM.attributes
                0x0000000000000163       0x2e /home/rob/Projects/ChibiStudio/ChibiStudio_20/tools/GNU Tools ARM Embedded/9.2.1 2019q4/bin/../lib/gcc/arm-none-eabi/9.2.1/../../../../arm-none-eabi/lib/thumb/v7e-m/nofp/libg.a(lib_a-strchr.o)
 .ARM.attributes
                0x0000000000000191       0x1c /home/rob/Projects/ChibiStudio/ChibiStudio_20/tools/GNU Tools ARM Embedded/9.2.1 2019q4/bin/../lib/gcc/arm-none-eabi/9.2.1/../../../../arm-none-eabi/lib/thumb/v7e-m/nofp/libg.a(lib_a-strcmp.o)
 .ARM.attributes
                0x00000000000001ad       0x1c /home/rob/Projects/ChibiStudio/ChibiStudio_20/tools/GNU Tools ARM Embedded/9.2.1 2019q4/bin/../lib/gcc/arm-none-eabi/9.2.1/../../../../arm-none-eabi/lib/thumb/v7e-m/nofp/libg.a(lib_a-strlen.o)
 .ARM.attributes
                0x00000000000001c9       0x2e /home/rob/Projects/ChibiStudio/ChibiStudio_20/tools/GNU Tools ARM Embedded/9.2.1 2019q4/bin/../lib/gcc/arm-none-eabi/9.2.1/../../../../arm-none-eabi/lib/thumb/v7e-m/nofp/libg.a(lib_a-strpbrk.o)
 .ARM.attributes
                0x00000000000001f7       0x2e /home/rob/Projects/ChibiStudio/ChibiStudio_20/tools/GNU Tools ARM Embedded/9.2.1 2019q4/bin/../lib/gcc/arm-none-eabi/9.2.1/../../../../arm-none-eabi/lib/thumb/v7e-m/nofp/libg.a(lib_a-strspn.o)
 .ARM.attributes
                0x0000000000000225       0x2e /home/rob/Projects/ChibiStudio/ChibiStudio_20/tools/GNU Tools ARM Embedded/9.2.1 2019q4/bin/../lib/gcc/arm-none-eabi/9.2.1/../../../../arm-none-eabi/lib/thumb/v7e-m/nofp/libg.a(lib_a-strstr.o)
 .ARM.attributes
                0x0000000000000253       0x2e /home/rob/Projects/ChibiStudio/ChibiStudio_20/tools/GNU Tools ARM Embedded/9.2.1 2019q4/bin/../lib/gcc/arm-none-eabi/9.2.1/../../../../arm-none-eabi/lib/thumb/v7e-m/nofp/libg.a(lib_a-memcmp.o)
 .ARM.attributes
                0x0000000000000281       0x2e /home/rob/Projects/ChibiStudio/ChibiStudio_20/tools/GNU Tools ARM Embedded/9.2.1 2019q4/bin/../lib/gcc/arm-none-eabi/9.2.1/../../../../arm-none-eabi/lib/thumb/v7e-m/nofp/libg.a(lib_a-strnlen.o)
 .ARM.attributes
                0x00000000000002af       0x1e /home/rob/Projects/ChibiStudio/ChibiStudio_20/tools/GNU Tools ARM Embedded/9.2.1 2019q4/bin/../lib/gcc/arm-none-eabi/9.2.1/thumb/v7e-m/nofp/libgcc.a(_arm_addsubdf3.o)
 .ARM.attributes
                0x00000000000002cd       0x1e /home/rob/Projects/ChibiStudio/ChibiStudio_20/tools/GNU Tools ARM Embedded/9.2.1 2019q4/bin/../lib/gcc/arm-none-eabi/9.2.1/thumb/v7e-m/nofp/libgcc.a(_arm_muldivdf3.o)
 .ARM.attributes
                0x00000000000002eb       0x1e /home/rob/Projects/ChibiStudio/ChibiStudio_20/tools/GNU Tools ARM Embedded/9.2.1 2019q4/bin/../lib/gcc/arm-none-eabi/9.2.1/thumb/v7e-m/nofp/libgcc.a(_arm_fixunsdfsi.o)
 .ARM.attributes
                0x0000000000000309       0x1e /home/rob/Projects/ChibiStudio/ChibiStudio_20/tools/GNU Tools ARM Embedded/9.2.1 2019q4/bin/../lib/gcc/arm-none-eabi/9.2.1/thumb/v7e-m/nofp/libgcc.a(_aeabi_uldivmod.o)
 .ARM.attributes
                0x0000000000000327       0x2e /home/rob/Projects/ChibiStudio/ChibiStudio_20/tools/GNU Tools ARM Embedded/9.2.1 2019q4/bin/../lib/gcc/arm-none-eabi/9.2.1/thumb/v7e-m/nofp/libgcc.a(_udivmoddi4.o)
 .ARM.attributes
                0x0000000000000355       0x1e /home/rob/Projects/ChibiStudio/ChibiStudio_20/tools/GNU Tools ARM Embedded/9.2.1 2019q4/bin/../lib/gcc/arm-none-eabi/9.2.1/thumb/v7e-m/nofp/libgcc.a(_dvmd_tls.o)

.comment        0x0000000000000000       0x79
 .comment       0x0000000000000000       0x79 /tmp/ch.elf.TWtk6T.ltrans0.ltrans.o
                                         0x7a (size before relaxing)

.debug_line     0x0000000000000000    0x15ea6
 .debug_line    0x0000000000000000       0xd0 ./build/obj/crt0_v7m.o
 .debug_line    0x00000000000000d0       0x7a ./build/obj/vectors.o
 .debug_line    0x000000000000014a       0x91 ./build/obj/chcoreasm_v7m.o
 .debug_line    0x00000000000001db     0x8e5b /tmp/ch.elf.TWtk6T.ltrans0.ltrans.o
 .debug_line    0x0000000000009036      0x1f8 /tmp/ccBbieO4.debug.temp.o
 .debug_line    0x000000000000922e      0x59e /tmp/ccn1EeA3.debug.temp.o
 .debug_line    0x00000000000097cc      0x580 /tmp/cc6r2FaO.debug.temp.o
 .debug_line    0x0000000000009d4c      0x5f6 /tmp/cc48CFb2.debug.temp.o
 .debug_line    0x000000000000a342      0x5e4 /tmp/cc2teJBw.debug.temp.o
 .debug_line    0x000000000000a926      0x5b3 /tmp/ccelAdQp.debug.temp.o
 .debug_line    0x000000000000aed9      0x5b1 /tmp/ccod0mzy.debug.temp.o
 .debug_line    0x000000000000b48a      0x64b /tmp/ccI0Jp9h.debug.temp.o
 .debug_line    0x000000000000bad5      0x5b4 /tmp/cccGIeC6.debug.temp.o
 .debug_line    0x000000000000c089      0x5ee /tmp/cc5j76RD.debug.temp.o
 .debug_line    0x000000000000c677      0x5d2 /tmp/ccLtMkbF.debug.temp.o
 .debug_line    0x000000000000cc49      0x57e /tmp/cccuw4ku.debug.temp.o
 .debug_line    0x000000000000d1c7      0x585 /tmp/ccScxXEs.debug.temp.o
 .debug_line    0x000000000000d74c      0x583 /tmp/cc9VZmww.debug.temp.o
 .debug_line    0x000000000000dccf      0x5a9 /tmp/cc80WRxN.debug.temp.o
 .debug_line    0x000000000000e278      0x5b7 /tmp/ccCx6nTK.debug.temp.o
 .debug_line    0x000000000000e82f      0x595 /tmp/cc0MBfNn.debug.temp.o
 .debug_line    0x000000000000edc4      0x596 /tmp/ccQFOS4Q.debug.temp.o
 .debug_line    0x000000000000f35a      0x599 /tmp/cc7lz8qr.debug.temp.o
 .debug_line    0x000000000000f8f3      0x5a3 /tmp/cczU1w6Z.debug.temp.o
 .debug_line    0x000000000000fe96      0x40e /tmp/ccjmdXul.debug.temp.o
 .debug_line    0x00000000000102a4      0x3e4 /tmp/ccqlyYHN.debug.temp.o
 .debug_line    0x0000000000010688      0x3e3 /tmp/ccGwsdA6.debug.temp.o
 .debug_line    0x0000000000010a6b      0x407 /tmp/ccUhEbYV.debug.temp.o
 .debug_line    0x0000000000010e72      0x3c8 /tmp/cc2bRj8b.debug.temp.o
 .debug_line    0x000000000001123a      0x40d /tmp/cc894aC6.debug.temp.o
 .debug_line    0x0000000000011647      0x3d8 /tmp/cc4yfUpG.debug.temp.o
 .debug_line    0x0000000000011a1f      0x3e9 /tmp/ccpeP1xm.debug.temp.o
 .debug_line    0x0000000000011e08      0x3fb /tmp/cckOk2Y7.debug.temp.o
 .debug_line    0x0000000000012203      0x3df /tmp/ccuzerHw.debug.temp.o
 .debug_line    0x00000000000125e2      0x3e1 /tmp/ccf6dUQ9.debug.temp.o
 .debug_line    0x00000000000129c3      0x3e0 /tmp/ccKolQdj.debug.temp.o
 .debug_line    0x0000000000012da3      0x417 /tmp/ccuHPFji.debug.temp.o
 .debug_line    0x00000000000131ba      0x42c /tmp/ccYQeWIs.debug.temp.o
 .debug_line    0x00000000000135e6      0x3f1 /tmp/ccxW5vAp.debug.temp.o
 .debug_line    0x00000000000139d7      0x5b5 /tmp/ccl1ECSd.debug.temp.o
 .debug_line    0x0000000000013f8c      0x610 /tmp/ccitFiIx.debug.temp.o
 .debug_line    0x000000000001459c      0x5c5 /tmp/ccClrzI4.debug.temp.o
 .debug_line    0x0000000000014b61      0x68a /tmp/ccUwnRlX.debug.temp.o
 .debug_line    0x00000000000151eb      0x5c2 /tmp/ccibCLkZ.debug.temp.o
 .debug_line    0x00000000000157ad      0x6f9 /tmp/ccsB2Dlt.debug.temp.o

.debug_info     0x0000000000000000    0x53db1
 .debug_info    0x0000000000000000       0x26 ./build/obj/crt0_v7m.o
 .debug_info    0x0000000000000026       0x26 ./build/obj/vectors.o
 .debug_info    0x000000000000004c       0x26 ./build/obj/chcoreasm_v7m.o
 .debug_info    0x0000000000000072     0xaeb5 /tmp/ch.elf.TWtk6T.ltrans0.ltrans.o
 .debug_info    0x000000000000af27      0x35d /tmp/ccBbieO4.debug.temp.o
                0x000000000000af27                crt1.c.c7f1f32c
 .debug_info    0x000000000000b284     0x1dc7 /tmp/ccn1EeA3.debug.temp.o
                0x000000000000b284                hal.c.8a5459e9
 .debug_info    0x000000000000d04b     0x1ecc /tmp/cc6r2FaO.debug.temp.o
                0x000000000000d04b                hal_st.c.e56e33bc
 .debug_info    0x000000000000ef17     0x2e05 /tmp/cc48CFb2.debug.temp.o
                0x000000000000ef17                hal_buffers.c.d8c1d615
 .debug_info    0x0000000000011d1c     0x2c1e /tmp/cc2teJBw.debug.temp.o
                0x0000000000011d1c                hal_queues.c.19e58609
 .debug_info    0x000000000001493a     0x218a /tmp/ccelAdQp.debug.temp.o
                0x000000000001493a                hal_flash.c.4d236780
 .debug_info    0x0000000000016ac4     0x1fcf /tmp/ccod0mzy.debug.temp.o
                0x0000000000016ac4                hal_icu.c.076cbf17
 .debug_info    0x0000000000018a93     0x1fe0 /tmp/ccI0Jp9h.debug.temp.o
                0x0000000000018a93                hal_pal.c.2433f478
 .debug_info    0x000000000001aa73     0x229d /tmp/cccGIeC6.debug.temp.o
                0x000000000001aa73                hal_serial.c.eecb9a09
 .debug_info    0x000000000001cd10     0x26d6 /tmp/cc5j76RD.debug.temp.o
                0x000000000001cd10                hal_serial_usb.c.bc25168c
 .debug_info    0x000000000001f3e6     0x2b7a /tmp/ccLtMkbF.debug.temp.o
                0x000000000001f3e6                hal_usb.c.a8f1c0a5
 .debug_info    0x0000000000021f60     0x21bf /tmp/cccuw4ku.debug.temp.o
                0x0000000000021f60                nvic.c.9eef8664
 .debug_info    0x000000000002411f     0x1f55 /tmp/ccScxXEs.debug.temp.o
                0x000000000002411f                stm32_isr.c.81bfbe65
 .debug_info    0x0000000000026074     0x2290 /tmp/cc9VZmww.debug.temp.o
                0x0000000000026074                hal_lld.c.5f65fa4f
 .debug_info    0x0000000000028304     0x1f6f /tmp/cc80WRxN.debug.temp.o
                0x0000000000028304                hal_pal_lld.c.8751666b
 .debug_info    0x000000000002a273     0x2fa0 /tmp/ccCx6nTK.debug.temp.o
                0x000000000002a273                hal_usb_lld.c.ca6fa70f
 .debug_info    0x000000000002d213     0x2097 /tmp/cc0MBfNn.debug.temp.o
                0x000000000002d213                hal_st_lld.c.6300cf33
 .debug_info    0x000000000002f2aa     0x21a4 /tmp/ccQFOS4Q.debug.temp.o
                0x000000000002f2aa                hal_icu_lld.c.3e80e3f8
 .debug_info    0x000000000003144e     0x2248 /tmp/cc7lz8qr.debug.temp.o
                0x000000000003144e                hal_serial_lld.c.ca65ac02
 .debug_info    0x0000000000033696     0x21c1 /tmp/cczU1w6Z.debug.temp.o
                0x0000000000033696                board.c.9dd880a6
 .debug_info    0x0000000000035857      0xfbc /tmp/ccjmdXul.debug.temp.o
                0x0000000000035857                chsys.c.ba8ca7e0
 .debug_info    0x0000000000036813      0xbb8 /tmp/ccqlyYHN.debug.temp.o
                0x0000000000036813                chvt.c.a2213580
 .debug_info    0x00000000000373cb      0xd3f /tmp/ccGwsdA6.debug.temp.o
                0x00000000000373cb                chschd.c.b76303f2
 .debug_info    0x000000000003810a     0x12bd /tmp/ccUhEbYV.debug.temp.o
                0x000000000003810a                chthreads.c.ac340998
 .debug_info    0x00000000000393c7      0xcd9 /tmp/cc2bRj8b.debug.temp.o
                0x00000000000393c7                chtm.c.ae1953f0
 .debug_info    0x000000000003a0a0     0x1427 /tmp/cc894aC6.debug.temp.o
                0x000000000003a0a0                chregistry.c.76eb213d
 .debug_info    0x000000000003b4c7      0xd74 /tmp/cc4yfUpG.debug.temp.o
                0x000000000003b4c7                chmtx.c.8454d0c6
 .debug_info    0x000000000003c23b      0xf8a /tmp/ccpeP1xm.debug.temp.o
                0x000000000003c23b                chevents.c.2fe3e116
 .debug_info    0x000000000003d1c5      0xcf9 /tmp/cckOk2Y7.debug.temp.o
                0x000000000003d1c5                chdynamic.c.87450a05
 .debug_info    0x000000000003debe      0xc20 /tmp/ccuzerHw.debug.temp.o
                0x000000000003debe                chmemcore.c.488738b2
 .debug_info    0x000000000003eade      0xd16 /tmp/ccf6dUQ9.debug.temp.o
                0x000000000003eade                chmemheaps.c.d491e17d
 .debug_info    0x000000000003f7f4      0xdcb /tmp/ccKolQdj.debug.temp.o
                0x000000000003f7f4                chmempools.c.ffc5b598
 .debug_info    0x00000000000405bf      0xe4b /tmp/ccuHPFji.debug.temp.o
                0x00000000000405bf                chdelegates.c.e17a4dcd
 .debug_info    0x000000000004140a     0x1cd3 /tmp/ccYQeWIs.debug.temp.o
                0x000000000004140a                chfactory.c.9689d51d
 .debug_info    0x00000000000430dd     0x1aa3 /tmp/ccxW5vAp.debug.temp.o
                0x00000000000430dd                chcore_v7m.c.e484d555
 .debug_info    0x0000000000044b80     0x21a4 /tmp/ccl1ECSd.debug.temp.o
                0x0000000000044b80                chprintf.c.bc49fd0b
 .debug_info    0x0000000000046d24     0x2d70 /tmp/ccitFiIx.debug.temp.o
                0x0000000000046d24                shell.c.da4ab05f
 .debug_info    0x0000000000049a94     0x2776 /tmp/ccClrzI4.debug.temp.o
                0x0000000000049a94                shell_cmd.c.ba19073c
 .debug_info    0x000000000004c20a     0x2920 /tmp/ccUwnRlX.debug.temp.o
                0x000000000004c20a                comm.c.7d3a4a3b
 .debug_info    0x000000000004eb2a     0x22c4 /tmp/ccibCLkZ.debug.temp.o
                0x000000000004eb2a                usbcfg.c.d76c3a5c
 .debug_info    0x0000000000050dee     0x2fc3 /tmp/ccsB2Dlt.debug.temp.o
                0x0000000000050dee                main.c.47713755

.debug_abbrev   0x0000000000000000     0x6f3c
 .debug_abbrev  0x0000000000000000       0x14 ./build/obj/crt0_v7m.o
 .debug_abbrev  0x0000000000000014       0x14 ./build/obj/vectors.o
 .debug_abbrev  0x0000000000000028       0x14 ./build/obj/chcoreasm_v7m.o
 .debug_abbrev  0x000000000000003c      0x365 /tmp/ch.elf.TWtk6T.ltrans0.ltrans.o
 .debug_abbrev  0x00000000000003a1       0xff /tmp/ccBbieO4.debug.temp.o
 .debug_abbrev  0x00000000000004a0      0x218 /tmp/ccn1EeA3.debug.temp.o
 .debug_abbrev  0x00000000000006b8      0x29e /tmp/cc6r2FaO.debug.temp.o
 .debug_abbrev  0x0000000000000956      0x344 /tmp/cc48CFb2.debug.temp.o
 .debug_abbrev  0x0000000000000c9a      0x357 /tmp/cc2teJBw.debug.temp.o
 .debug_abbrev  0x0000000000000ff1      0x268 /tmp/ccelAdQp.debug.temp.o
 .debug_abbrev  0x0000000000001259      0x298 /tmp/ccod0mzy.debug.temp.o
 .debug_abbrev  0x00000000000014f1      0x26c /tmp/ccI0Jp9h.debug.temp.o
 .debug_abbrev  0x000000000000175d      0x2e9 /tmp/cccGIeC6.debug.temp.o
 .debug_abbrev  0x0000000000001a46      0x31f /tmp/cc5j76RD.debug.temp.o
 .debug_abbrev  0x0000000000001d65      0x339 /tmp/ccLtMkbF.debug.temp.o
 .debug_abbrev  0x000000000000209e      0x28a /tmp/cccuw4ku.debug.temp.o
 .debug_abbrev  0x0000000000002328      0x212 /tmp/ccScxXEs.debug.temp.o
 .debug_abbrev  0x000000000000253a      0x24c /tmp/cc9VZmww.debug.temp.o
 .debug_abbrev  0x0000000000002786      0x25d /tmp/cc80WRxN.debug.temp.o
 .debug_abbrev  0x00000000000029e3      0x37c /tmp/ccCx6nTK.debug.temp.o
 .debug_abbrev  0x0000000000002d5f      0x267 /tmp/cc0MBfNn.debug.temp.o
 .debug_abbrev  0x0000000000002fc6      0x2f6 /tmp/ccQFOS4Q.debug.temp.o
 .debug_abbrev  0x00000000000032bc      0x2cf /tmp/cc7lz8qr.debug.temp.o
 .debug_abbrev  0x000000000000358b      0x267 /tmp/cczU1w6Z.debug.temp.o
 .debug_abbrev  0x00000000000037f2      0x314 /tmp/ccjmdXul.debug.temp.o
 .debug_abbrev  0x0000000000003b06      0x252 /tmp/ccqlyYHN.debug.temp.o
 .debug_abbrev  0x0000000000003d58      0x2ad /tmp/ccGwsdA6.debug.temp.o
 .debug_abbrev  0x0000000000004005      0x29c /tmp/ccUhEbYV.debug.temp.o
 .debug_abbrev  0x00000000000042a1      0x1e0 /tmp/cc2bRj8b.debug.temp.o
 .debug_abbrev  0x0000000000004481      0x2ae /tmp/cc894aC6.debug.temp.o
 .debug_abbrev  0x000000000000472f      0x28f /tmp/cc4yfUpG.debug.temp.o
 .debug_abbrev  0x00000000000049be      0x284 /tmp/ccpeP1xm.debug.temp.o
 .debug_abbrev  0x0000000000004c42      0x20b /tmp/cckOk2Y7.debug.temp.o
 .debug_abbrev  0x0000000000004e4d      0x22d /tmp/ccuzerHw.debug.temp.o
 .debug_abbrev  0x000000000000507a      0x270 /tmp/ccf6dUQ9.debug.temp.o
 .debug_abbrev  0x00000000000052ea      0x273 /tmp/ccKolQdj.debug.temp.o
 .debug_abbrev  0x000000000000555d      0x259 /tmp/ccuHPFji.debug.temp.o
 .debug_abbrev  0x00000000000057b6      0x2f5 /tmp/ccYQeWIs.debug.temp.o
 .debug_abbrev  0x0000000000005aab      0x2e9 /tmp/ccxW5vAp.debug.temp.o
 .debug_abbrev  0x0000000000005d94      0x2ec /tmp/ccl1ECSd.debug.temp.o
 .debug_abbrev  0x0000000000006080      0x37a /tmp/ccitFiIx.debug.temp.o
 .debug_abbrev  0x00000000000063fa      0x273 /tmp/ccClrzI4.debug.temp.o
 .debug_abbrev  0x000000000000666d      0x2b1 /tmp/ccUwnRlX.debug.temp.o
 .debug_abbrev  0x000000000000691e      0x2ab /tmp/ccibCLkZ.debug.temp.o
 .debug_abbrev  0x0000000000006bc9      0x373 /tmp/ccsB2Dlt.debug.temp.o

.debug_aranges  0x0000000000000000      0x3f8
 .debug_aranges
                0x0000000000000000       0x20 ./build/obj/crt0_v7m.o
 .debug_aranges
                0x0000000000000020       0x20 ./build/obj/vectors.o
 .debug_aranges
                0x0000000000000040       0x20 ./build/obj/chcoreasm_v7m.o
 .debug_aranges
                0x0000000000000060      0x398 /tmp/ch.elf.TWtk6T.ltrans0.ltrans.o

.debug_str      0x0000000000000000     0x4fce
 .debug_str     0x0000000000000000       0xb0 ./build/obj/crt0_v7m.o
 .debug_str     0x00000000000000b0       0x45 ./build/obj/vectors.o
                                         0xaf (size before relaxing)
 .debug_str     0x00000000000000f5       0x49 ./build/obj/chcoreasm_v7m.o
                                         0xb3 (size before relaxing)
 .debug_str     0x000000000000013e      0x1b3 /tmp/ch.elf.TWtk6T.ltrans0.ltrans.o
                                        0x238 (size before relaxing)
 .debug_str     0x00000000000002f1      0x436 /tmp/ccBbieO4.debug.temp.o
                                        0x50a (size before relaxing)
 .debug_str     0x0000000000000727      0xd9f /tmp/ccn1EeA3.debug.temp.o
                                       0x10dd (size before relaxing)
 .debug_str     0x00000000000014c6       0xfd /tmp/cc6r2FaO.debug.temp.o
                                       0x11a4 (size before relaxing)
 .debug_str     0x00000000000015c3      0x6d1 /tmp/cc48CFb2.debug.temp.o
                                       0x17da (size before relaxing)
 .debug_str     0x0000000000001c94       0xd2 /tmp/cc2teJBw.debug.temp.o
                                       0x1652 (size before relaxing)
 .debug_str     0x0000000000001d66      0x279 /tmp/ccelAdQp.debug.temp.o
                                       0x133b (size before relaxing)
 .debug_str     0x0000000000001fdf       0xb2 /tmp/ccod0mzy.debug.temp.o
                                       0x11c5 (size before relaxing)
 .debug_str     0x0000000000002091       0xd1 /tmp/ccI0Jp9h.debug.temp.o
                                       0x1186 (size before relaxing)
 .debug_str     0x0000000000002162      0x13e /tmp/cccGIeC6.debug.temp.o
                                       0x125f (size before relaxing)
 .debug_str     0x00000000000022a0      0x258 /tmp/cc5j76RD.debug.temp.o
                                       0x14ae (size before relaxing)
 .debug_str     0x00000000000024f8      0x190 /tmp/ccLtMkbF.debug.temp.o
                                       0x1731 (size before relaxing)
 .debug_str     0x0000000000002688      0x164 /tmp/cccuw4ku.debug.temp.o
                                       0x1225 (size before relaxing)
 .debug_str     0x00000000000027ec      0x3db /tmp/ccScxXEs.debug.temp.o
                                       0x1482 (size before relaxing)
 .debug_str     0x0000000000002bc7      0x1a6 /tmp/cc9VZmww.debug.temp.o
                                       0x12dd (size before relaxing)
 .debug_str     0x0000000000002d6d       0x92 /tmp/cc80WRxN.debug.temp.o
                                       0x11a2 (size before relaxing)
 .debug_str     0x0000000000002dff      0x2ff /tmp/ccCx6nTK.debug.temp.o
                                       0x197f (size before relaxing)
 .debug_str     0x00000000000030fe       0x84 /tmp/cc0MBfNn.debug.temp.o
                                       0x12fd (size before relaxing)
 .debug_str     0x0000000000003182      0x127 /tmp/ccQFOS4Q.debug.temp.o
                                       0x134d (size before relaxing)
 .debug_str     0x00000000000032a9       0xbf /tmp/cc7lz8qr.debug.temp.o
                                       0x135f (size before relaxing)
 .debug_str     0x0000000000003368       0x9c /tmp/cczU1w6Z.debug.temp.o
                                       0x12c6 (size before relaxing)
 .debug_str     0x0000000000003404      0x307 /tmp/ccjmdXul.debug.temp.o
                                        0xaee (size before relaxing)
 .debug_str     0x000000000000370b       0x73 /tmp/ccqlyYHN.debug.temp.o
                                        0x821 (size before relaxing)
 .debug_str     0x000000000000377e      0x14c /tmp/ccGwsdA6.debug.temp.o
                                        0x904 (size before relaxing)
 .debug_str     0x00000000000038ca      0x278 /tmp/ccUhEbYV.debug.temp.o
                                        0xa77 (size before relaxing)
 .debug_str     0x0000000000003b42       0xc4 /tmp/cc2bRj8b.debug.temp.o
                                        0x8aa (size before relaxing)
 .debug_str     0x0000000000003c06       0xac /tmp/cc894aC6.debug.temp.o
                                        0xbf9 (size before relaxing)
 .debug_str     0x0000000000003cb2       0xc4 /tmp/cc4yfUpG.debug.temp.o
                                        0x862 (size before relaxing)
 .debug_str     0x0000000000003d76      0x1a8 /tmp/ccpeP1xm.debug.temp.o
                                        0x96c (size before relaxing)
 .debug_str     0x0000000000003f1e       0xa5 /tmp/cckOk2Y7.debug.temp.o
                                        0x845 (size before relaxing)
 .debug_str     0x0000000000003fc3       0xa9 /tmp/ccuzerHw.debug.temp.o
                                        0x810 (size before relaxing)
 .debug_str     0x000000000000406c       0xa7 /tmp/ccf6dUQ9.debug.temp.o
                                        0x825 (size before relaxing)
 .debug_str     0x0000000000004113      0x147 /tmp/ccKolQdj.debug.temp.o
                                        0x8c1 (size before relaxing)
 .debug_str     0x000000000000425a      0x186 /tmp/ccuHPFji.debug.temp.o
                                        0x8f7 (size before relaxing)
 .debug_str     0x00000000000043e0      0x3e7 /tmp/ccYQeWIs.debug.temp.o
                                        0xfb8 (size before relaxing)
 .debug_str     0x00000000000047c7      0x146 /tmp/ccxW5vAp.debug.temp.o
                                       0x1185 (size before relaxing)
 .debug_str     0x000000000000490d      0x139 /tmp/ccl1ECSd.debug.temp.o
                                       0x1215 (size before relaxing)
 .debug_str     0x0000000000004a46      0x253 /tmp/ccitFiIx.debug.temp.o
                                       0x1778 (size before relaxing)
 .debug_str     0x0000000000004c99       0x3a /tmp/ccClrzI4.debug.temp.o
                                       0x1546 (size before relaxing)
 .debug_str     0x0000000000004cd3       0x5e /tmp/ccUwnRlX.debug.temp.o
                                       0x159b (size before relaxing)
 .debug_str     0x0000000000004d31      0x14f /tmp/ccibCLkZ.debug.temp.o
                                       0x13ca (size before relaxing)
 .debug_str     0x0000000000004e80      0x14e /tmp/ccsB2Dlt.debug.temp.o
                                       0x1947 (size before relaxing)

.debug_loc      0x0000000000000000     0xa1e8
 .debug_loc     0x0000000000000000     0xa1e8 /tmp/ch.elf.TWtk6T.ltrans0.ltrans.o

.debug_ranges   0x0000000000000000     0x4a70
 .debug_ranges  0x0000000000000000     0x4a70 /tmp/ch.elf.TWtk6T.ltrans0.ltrans.o

.debug_frame    0x0000000000000000     0x114c
 .debug_frame   0x0000000000000000      0xd10 /tmp/ch.elf.TWtk6T.ltrans0.ltrans.o
 .debug_frame   0x0000000000000d10       0x80 /home/rob/Projects/ChibiStudio/ChibiStudio_20/tools/GNU Tools ARM Embedded/9.2.1 2019q4/bin/../lib/gcc/arm-none-eabi/9.2.1/../../../../arm-none-eabi/lib/thumb/v7e-m/nofp/libg.a(lib_a-strtol.o)
 .debug_frame   0x0000000000000d90       0x38 /home/rob/Projects/ChibiStudio/ChibiStudio_20/tools/GNU Tools ARM Embedded/9.2.1 2019q4/bin/../lib/gcc/arm-none-eabi/9.2.1/../../../../arm-none-eabi/lib/thumb/v7e-m/nofp/libg.a(lib_a-memset.o)
 .debug_frame   0x0000000000000dc8       0x40 /home/rob/Projects/ChibiStudio/ChibiStudio_20/tools/GNU Tools ARM Embedded/9.2.1 2019q4/bin/../lib/gcc/arm-none-eabi/9.2.1/../../../../arm-none-eabi/lib/thumb/v7e-m/nofp/libg.a(lib_a-strchr.o)
 .debug_frame   0x0000000000000e08       0x68 /home/rob/Projects/ChibiStudio/ChibiStudio_20/tools/GNU Tools ARM Embedded/9.2.1 2019q4/bin/../lib/gcc/arm-none-eabi/9.2.1/../../../../arm-none-eabi/lib/thumb/v7e-m/nofp/libg.a(lib_a-strcmp.o)
 .debug_frame   0x0000000000000e70       0x34 /home/rob/Projects/ChibiStudio/ChibiStudio_20/tools/GNU Tools ARM Embedded/9.2.1 2019q4/bin/../lib/gcc/arm-none-eabi/9.2.1/../../../../arm-none-eabi/lib/thumb/v7e-m/nofp/libg.a(lib_a-strpbrk.o)
 .debug_frame   0x0000000000000ea4       0x34 /home/rob/Projects/ChibiStudio/ChibiStudio_20/tools/GNU Tools ARM Embedded/9.2.1 2019q4/bin/../lib/gcc/arm-none-eabi/9.2.1/../../../../arm-none-eabi/lib/thumb/v7e-m/nofp/libg.a(lib_a-strspn.o)
 .debug_frame   0x0000000000000ed8       0x88 /home/rob/Projects/ChibiStudio/ChibiStudio_20/tools/GNU Tools ARM Embedded/9.2.1 2019q4/bin/../lib/gcc/arm-none-eabi/9.2.1/../../../../arm-none-eabi/lib/thumb/v7e-m/nofp/libg.a(lib_a-strstr.o)
 .debug_frame   0x0000000000000f60       0x3c /home/rob/Projects/ChibiStudio/ChibiStudio_20/tools/GNU Tools ARM Embedded/9.2.1 2019q4/bin/../lib/gcc/arm-none-eabi/9.2.1/../../../../arm-none-eabi/lib/thumb/v7e-m/nofp/libg.a(lib_a-memcmp.o)
 .debug_frame   0x0000000000000f9c       0x30 /home/rob/Projects/ChibiStudio/ChibiStudio_20/tools/GNU Tools ARM Embedded/9.2.1 2019q4/bin/../lib/gcc/arm-none-eabi/9.2.1/../../../../arm-none-eabi/lib/thumb/v7e-m/nofp/libg.a(lib_a-strnlen.o)
 .debug_frame   0x0000000000000fcc       0xac /home/rob/Projects/ChibiStudio/ChibiStudio_20/tools/GNU Tools ARM Embedded/9.2.1 2019q4/bin/../lib/gcc/arm-none-eabi/9.2.1/thumb/v7e-m/nofp/libgcc.a(_arm_addsubdf3.o)
 .debug_frame   0x0000000000001078       0x50 /home/rob/Projects/ChibiStudio/ChibiStudio_20/tools/GNU Tools ARM Embedded/9.2.1 2019q4/bin/../lib/gcc/arm-none-eabi/9.2.1/thumb/v7e-m/nofp/libgcc.a(_arm_muldivdf3.o)
 .debug_frame   0x00000000000010c8       0x24 /home/rob/Projects/ChibiStudio/ChibiStudio_20/tools/GNU Tools ARM Embedded/9.2.1 2019q4/bin/../lib/gcc/arm-none-eabi/9.2.1/thumb/v7e-m/nofp/libgcc.a(_arm_fixunsdfsi.o)
 .debug_frame   0x00000000000010ec       0x2c /home/rob/Projects/ChibiStudio/ChibiStudio_20/tools/GNU Tools ARM Embedded/9.2.1 2019q4/bin/../lib/gcc/arm-none-eabi/9.2.1/thumb/v7e-m/nofp/libgcc.a(_aeabi_uldivmod.o)
 .debug_frame   0x0000000000001118       0x34 /home/rob/Projects/ChibiStudio/ChibiStudio_20/tools/GNU Tools ARM Embedded/9.2.1 2019q4/bin/../lib/gcc/arm-none-eabi/9.2.1/thumb/v7e-m/nofp/libgcc.a(_udivmoddi4.o)

Cross Reference Table

Symbol                                            File
BusFault_Handler                                  ./build/obj/vectors.o
DebugMon_Handler                                  ./build/obj/vectors.o
HardFault_Handler                                 ./build/obj/vectors.o
ICUD1                                             ./build/obj/hal_icu_lld.o (symbol from plugin)
ICUD2                                             ./build/obj/hal_icu_lld.o (symbol from plugin)
                                                  ./build/obj/main.o (symbol from plugin)
                                                  ./build/obj/comm.o (symbol from plugin)
MemManage_Handler                                 ./build/obj/vectors.o
NMI_Handler                                       ./build/obj/vectors.o
PendSV_Handler                                    ./build/obj/vectors.o
Reset_Handler                                     ./build/obj/vectors.o
SD1                                               ./build/obj/hal_serial_lld.o (symbol from plugin)
                                                  ./build/obj/main.o (symbol from plugin)
                                                  ./build/obj/comm.o (symbol from plugin)
SD2                                               ./build/obj/hal_serial_lld.o (symbol from plugin)
                                                  ./build/obj/main.o (symbol from plugin)
                                                  ./build/obj/comm.o (symbol from plugin)
SD6                                               ./build/obj/hal_serial_lld.o (symbol from plugin)
SDU1                                              ./build/obj/usbcfg.o (symbol from plugin)
                                                  ./build/obj/main.o (symbol from plugin)
SVC_Handler                                       /tmp/ch.elf.TWtk6T.ltrans0.ltrans.o
                                                  ./build/obj/chcore_v7m.o (symbol from plugin)
                                                  ./build/obj/vectors.o
SecureFault_Handler                               ./build/obj/vectors.o
SysTick_Handler                                   ./build/obj/vectors.o
SystemCoreClock                                   ./build/obj/hal_lld.o (symbol from plugin)
USBD1                                             ./build/obj/hal_usb_lld.o (symbol from plugin)
                                                  ./build/obj/usbcfg.o (symbol from plugin)
UsageFault_Handler                                ./build/obj/vectors.o
Vector100                                         ./build/obj/vectors.o
Vector104                                         ./build/obj/vectors.o
Vector108                                         /tmp/ch.elf.TWtk6T.ltrans0.ltrans.o
                                                  ./build/obj/hal_st_lld.o (symbol from plugin)
                                                  ./build/obj/vectors.o
Vector10C                                         ./build/obj/vectors.o
Vector110                                         ./build/obj/vectors.o
Vector114                                         ./build/obj/vectors.o
Vector118                                         ./build/obj/vectors.o
Vector11C                                         ./build/obj/vectors.o
Vector120                                         ./build/obj/vectors.o
Vector124                                         ./build/obj/vectors.o
Vector128                                         ./build/obj/vectors.o
Vector12C                                         ./build/obj/vectors.o
Vector130                                         ./build/obj/vectors.o
Vector134                                         ./build/obj/vectors.o
Vector138                                         ./build/obj/vectors.o
Vector13C                                         ./build/obj/vectors.o
Vector140                                         ./build/obj/vectors.o
Vector144                                         ./build/obj/vectors.o
Vector148                                         ./build/obj/vectors.o
Vector14C                                         /tmp/ch.elf.TWtk6T.ltrans0.ltrans.o